Archive member included to satisfy reference by file (symbol)

c:/program files (x86)/atollic/truestudio for arm 8.1.0/armtools/bin/../lib/gcc/arm-atollic-eabi/6.3.1/../../../../arm-atollic-eabi/lib/armv7e-m/fpu/fpv5-sp-d16\libc_nano.a(lib_a-init.o)
                              startup\startup_stm32f746xx.o (__libc_init_array)
c:/program files (x86)/atollic/truestudio for arm 8.1.0/armtools/bin/../lib/gcc/arm-atollic-eabi/6.3.1/../../../../arm-atollic-eabi/lib/armv7e-m/fpu/fpv5-sp-d16\libc_nano.a(lib_a-malloc.o)
                              Middlewares\ST\STM32_USB_Host_Library\Class\MSC\Src\usbh_msc.o (malloc)
c:/program files (x86)/atollic/truestudio for arm 8.1.0/armtools/bin/../lib/gcc/arm-atollic-eabi/6.3.1/../../../../arm-atollic-eabi/lib/armv7e-m/fpu/fpv5-sp-d16\libc_nano.a(lib_a-memcmp.o)
                              Middlewares\Third_Party\LwIP\src\netif\ethernet.o (memcmp)
c:/program files (x86)/atollic/truestudio for arm 8.1.0/armtools/bin/../lib/gcc/arm-atollic-eabi/6.3.1/../../../../arm-atollic-eabi/lib/armv7e-m/fpu/fpv5-sp-d16\libc_nano.a(lib_a-memcpy-stub.o)
                              Middlewares\Third_Party\FreeRTOS\Source\queue.o (memcpy)
c:/program files (x86)/atollic/truestudio for arm 8.1.0/armtools/bin/../lib/gcc/arm-atollic-eabi/6.3.1/../../../../arm-atollic-eabi/lib/armv7e-m/fpu/fpv5-sp-d16\libc_nano.a(lib_a-memset.o)
                              Middlewares\ST\STM32_USB_Host_Library\Class\MSC\Src\usbh_msc.o (memset)
c:/program files (x86)/atollic/truestudio for arm 8.1.0/armtools/bin/../lib/gcc/arm-atollic-eabi/6.3.1/../../../../arm-atollic-eabi/lib/armv7e-m/fpu/fpv5-sp-d16\libc_nano.a(lib_a-nano-freer.o)
                              c:/program files (x86)/atollic/truestudio for arm 8.1.0/armtools/bin/../lib/gcc/arm-atollic-eabi/6.3.1/../../../../arm-atollic-eabi/lib/armv7e-m/fpu/fpv5-sp-d16\libc_nano.a(lib_a-malloc.o) (_free_r)
c:/program files (x86)/atollic/truestudio for arm 8.1.0/armtools/bin/../lib/gcc/arm-atollic-eabi/6.3.1/../../../../arm-atollic-eabi/lib/armv7e-m/fpu/fpv5-sp-d16\libc_nano.a(lib_a-nano-mallocr.o)
                              c:/program files (x86)/atollic/truestudio for arm 8.1.0/armtools/bin/../lib/gcc/arm-atollic-eabi/6.3.1/../../../../arm-atollic-eabi/lib/armv7e-m/fpu/fpv5-sp-d16\libc_nano.a(lib_a-malloc.o) (_malloc_r)
c:/program files (x86)/atollic/truestudio for arm 8.1.0/armtools/bin/../lib/gcc/arm-atollic-eabi/6.3.1/../../../../arm-atollic-eabi/lib/armv7e-m/fpu/fpv5-sp-d16\libc_nano.a(lib_a-printf.o)
                              Src\main.o (printf)
c:/program files (x86)/atollic/truestudio for arm 8.1.0/armtools/bin/../lib/gcc/arm-atollic-eabi/6.3.1/../../../../arm-atollic-eabi/lib/armv7e-m/fpu/fpv5-sp-d16\libc_nano.a(lib_a-rand.o)
                              Middlewares\Third_Party\LwIP\src\core\ipv4\dhcp.o (rand)
c:/program files (x86)/atollic/truestudio for arm 8.1.0/armtools/bin/../lib/gcc/arm-atollic-eabi/6.3.1/../../../../arm-atollic-eabi/lib/armv7e-m/fpu/fpv5-sp-d16\libc_nano.a(lib_a-sbrkr.o)
                              c:/program files (x86)/atollic/truestudio for arm 8.1.0/armtools/bin/../lib/gcc/arm-atollic-eabi/6.3.1/../../../../arm-atollic-eabi/lib/armv7e-m/fpu/fpv5-sp-d16\libc_nano.a(lib_a-nano-mallocr.o) (_sbrk_r)
c:/program files (x86)/atollic/truestudio for arm 8.1.0/armtools/bin/../lib/gcc/arm-atollic-eabi/6.3.1/../../../../arm-atollic-eabi/lib/armv7e-m/fpu/fpv5-sp-d16\libc_nano.a(lib_a-strlen.o)
                              Middlewares\Third_Party\LwIP\src\core\def.o (strlen)
c:/program files (x86)/atollic/truestudio for arm 8.1.0/armtools/bin/../lib/gcc/arm-atollic-eabi/6.3.1/../../../../arm-atollic-eabi/lib/armv7e-m/fpu/fpv5-sp-d16\libc_nano.a(lib_a-strncmp.o)
                              Middlewares\Third_Party\LwIP\src\core\def.o (strncmp)
c:/program files (x86)/atollic/truestudio for arm 8.1.0/armtools/bin/../lib/gcc/arm-atollic-eabi/6.3.1/../../../../arm-atollic-eabi/lib/armv7e-m/fpu/fpv5-sp-d16\libc_nano.a(lib_a-findfp.o)
                              c:/program files (x86)/atollic/truestudio for arm 8.1.0/armtools/bin/../lib/gcc/arm-atollic-eabi/6.3.1/../../../../arm-atollic-eabi/lib/armv7e-m/fpu/fpv5-sp-d16\libc_nano.a(lib_a-printf.o) (__sinit)
c:/program files (x86)/atollic/truestudio for arm 8.1.0/armtools/bin/../lib/gcc/arm-atollic-eabi/6.3.1/../../../../arm-atollic-eabi/lib/armv7e-m/fpu/fpv5-sp-d16\libc_nano.a(lib_a-fwalk.o)
                              c:/program files (x86)/atollic/truestudio for arm 8.1.0/armtools/bin/../lib/gcc/arm-atollic-eabi/6.3.1/../../../../arm-atollic-eabi/lib/armv7e-m/fpu/fpv5-sp-d16\libc_nano.a(lib_a-findfp.o) (_fwalk)
c:/program files (x86)/atollic/truestudio for arm 8.1.0/armtools/bin/../lib/gcc/arm-atollic-eabi/6.3.1/../../../../arm-atollic-eabi/lib/armv7e-m/fpu/fpv5-sp-d16\libc_nano.a(lib_a-impure.o)
[...]
Memory Configuration

Name             Origin             Length             Attributes
RAM              0x20000000         0x00050000         xrw
FLASH            0x08000000         0x00100000         xr
*default*        0x00000000         0xffffffff

Linker script and memory map

LOAD c:/program files (x86)/atollic/truestudio for arm 8.1.0/armtools/bin/../lib/gcc/arm-atollic-eabi/6.3.1/armv7e-m/fpu/fpv5-sp-d16/crti.o
LOAD c:/program files (x86)/atollic/truestudio for arm 8.1.0/armtools/bin/../lib/gcc/arm-atollic-eabi/6.3.1/armv7e-m/fpu/fpv5-sp-d16/crtbegin.o
LOAD Drivers\STM32F7xx_HAL_Driver\Src\stm32f7xx_hal.o
LOAD Drivers\STM32F7xx_HAL_Driver\Src\stm32f7xx_hal_cortex.o
LOAD Drivers\STM32F7xx_HAL_Driver\Src\stm32f7xx_hal_dma.o
LOAD Drivers\STM32F7xx_HAL_Driver\Src\stm32f7xx_hal_dma_ex.o
LOAD Drivers\STM32F7xx_HAL_Driver\Src\stm32f7xx_hal_eth.o
LOAD Drivers\STM32F7xx_HAL_Driver\Src\stm32f7xx_hal_flash.o
LOAD Drivers\STM32F7xx_HAL_Driver\Src\stm32f7xx_hal_flash_ex.o
LOAD Drivers\STM32F7xx_HAL_Driver\Src\stm32f7xx_hal_gpio.o
LOAD Drivers\STM32F7xx_HAL_Driver\Src\stm32f7xx_hal_hcd.o
LOAD Drivers\STM32F7xx_HAL_Driver\Src\stm32f7xx_hal_i2c.o
LOAD Drivers\STM32F7xx_HAL_Driver\Src\stm32f7xx_hal_i2c_ex.o
LOAD Drivers\STM32F7xx_HAL_Driver\Src\stm32f7xx_hal_pwr.o
LOAD Drivers\STM32F7xx_HAL_Driver\Src\stm32f7xx_hal_pwr_ex.o
LOAD Drivers\STM32F7xx_HAL_Driver\Src\stm32f7xx_hal_rcc.o
LOAD Drivers\STM32F7xx_HAL_Driver\Src\stm32f7xx_hal_rcc_ex.o
LOAD Drivers\STM32F7xx_HAL_Driver\Src\stm32f7xx_hal_tim.o
LOAD Drivers\STM32F7xx_HAL_Driver\Src\stm32f7xx_hal_tim_ex.o
LOAD Drivers\STM32F7xx_HAL_Driver\Src\stm32f7xx_hal_uart.o
LOAD Drivers\STM32F7xx_HAL_Driver\Src\stm32f7xx_ll_usb.o
LOAD Middlewares\ST\STM32_USB_Host_Library\Class\MSC\Src\usbh_msc.o
LOAD Middlewares\ST\STM32_USB_Host_Library\Class\MSC\Src\usbh_msc_bot.o
LOAD Middlewares\ST\STM32_USB_Host_Library\Class\MSC\Src\usbh_msc_scsi.o
LOAD Middlewares\ST\STM32_USB_Host_Library\Core\Src\usbh_core.o
LOAD Middlewares\ST\STM32_USB_Host_Library\Core\Src\usbh_ctlreq.o
LOAD Middlewares\ST\STM32_USB_Host_Library\Core\Src\usbh_ioreq.o
LOAD Middlewares\ST\STM32_USB_Host_Library\Core\Src\usbh_pipes.o
LOAD Middlewares\Third_Party\FatFs\src\diskio.o
LOAD Middlewares\Third_Party\FatFs\src\ff.o
LOAD Middlewares\Third_Party\FatFs\src\ff_gen_drv.o
LOAD Middlewares\Third_Party\FatFs\src\option\syscall.o
LOAD Middlewares\Third_Party\FreeRTOS\Source\CMSIS_RTOS\cmsis_os.o
LOAD Middlewares\Third_Party\FreeRTOS\Source\croutine.o
LOAD Middlewares\Third_Party\FreeRTOS\Source\event_groups.o
LOAD Middlewares\Third_Party\FreeRTOS\Source\list.o
LOAD Middlewares\Third_Party\FreeRTOS\Source\portable\GCC\ARM_CM7\r0p1\port.o
LOAD Middlewares\Third_Party\FreeRTOS\Source\portable\MemMang\heap_4.o
LOAD Middlewares\Third_Party\FreeRTOS\Source\queue.o
LOAD Middlewares\Third_Party\FreeRTOS\Source\tasks.o
LOAD Middlewares\Third_Party\FreeRTOS\Source\timers.o
LOAD Middlewares\Third_Party\LwIP\src\api\api_lib.o
LOAD Middlewares\Third_Party\LwIP\src\api\api_msg.o
LOAD Middlewares\Third_Party\LwIP\src\api\err.o
LOAD Middlewares\Third_Party\LwIP\src\api\netbuf.o
LOAD Middlewares\Third_Party\LwIP\src\api\netdb.o
LOAD Middlewares\Third_Party\LwIP\src\api\netifapi.o
LOAD Middlewares\Third_Party\LwIP\src\api\sockets.o
LOAD Middlewares\Third_Party\LwIP\src\api\tcpip.o
LOAD Middlewares\Third_Party\LwIP\src\core\def.o
LOAD Middlewares\Third_Party\LwIP\src\core\dns.o
LOAD Middlewares\Third_Party\LwIP\src\core\inet_chksum.o
LOAD Middlewares\Third_Party\LwIP\src\core\init.o
LOAD Middlewares\Third_Party\LwIP\src\core\ip.o
LOAD Middlewares\Third_Party\LwIP\src\core\ipv4\autoip.o
LOAD Middlewares\Third_Party\LwIP\src\core\ipv4\dhcp.o
LOAD Middlewares\Third_Party\LwIP\src\core\ipv4\etharp.o
LOAD Middlewares\Third_Party\LwIP\src\core\ipv4\icmp.o
LOAD Middlewares\Third_Party\LwIP\src\core\ipv4\igmp.o
LOAD Middlewares\Third_Party\LwIP\src\core\ipv4\ip4.o
LOAD Middlewares\Third_Party\LwIP\src\core\ipv4\ip4_addr.o
LOAD Middlewares\Third_Party\LwIP\src\core\ipv4\ip4_frag.o
LOAD Middlewares\Third_Party\LwIP\src\core\ipv6\dhcp6.o
LOAD Middlewares\Third_Party\LwIP\src\core\ipv6\ethip6.o
LOAD Middlewares\Third_Party\LwIP\src\core\ipv6\icmp6.o
LOAD Middlewares\Third_Party\LwIP\src\core\ipv6\inet6.o
LOAD Middlewares\Third_Party\LwIP\src\core\ipv6\ip6.o
LOAD Middlewares\Third_Party\LwIP\src\core\ipv6\ip6_addr.o
LOAD Middlewares\Third_Party\LwIP\src\core\ipv6\ip6_frag.o
LOAD Middlewares\Third_Party\LwIP\src\core\ipv6\mld6.o
LOAD Middlewares\Third_Party\LwIP\src\core\ipv6\nd6.o
LOAD Middlewares\Third_Party\LwIP\src\core\mem.o
LOAD Middlewares\Third_Party\LwIP\src\core\memp.o
LOAD Middlewares\Third_Party\LwIP\src\core\netif.o
LOAD Middlewares\Third_Party\LwIP\src\core\pbuf.o
LOAD Middlewares\Third_Party\LwIP\src\core\raw.o
LOAD Middlewares\Third_Party\LwIP\src\core\stats.o
LOAD Middlewares\Third_Party\LwIP\src\core\sys.o
LOAD Middlewares\Third_Party\LwIP\src\core\tcp.o
LOAD Middlewares\Third_Party\LwIP\src\core\tcp_in.o
LOAD Middlewares\Third_Party\LwIP\src\core\tcp_out.o
LOAD Middlewares\Third_Party\LwIP\src\core\timeouts.o
LOAD Middlewares\Third_Party\LwIP\src\core\udp.o
LOAD Middlewares\Third_Party\LwIP\src\netif\ethernet.o
LOAD Middlewares\Third_Party\LwIP\src\netif\lowpan6.o
LOAD Middlewares\Third_Party\LwIP\src\netif\ppp\auth.o
LOAD Middlewares\Third_Party\LwIP\src\netif\ppp\ccp.o
LOAD Middlewares\Third_Party\LwIP\src\netif\ppp\chap-md5.o
LOAD Middlewares\Third_Party\LwIP\src\netif\ppp\chap-new.o
LOAD Middlewares\Third_Party\LwIP\src\netif\ppp\chap_ms.o
LOAD Middlewares\Third_Party\LwIP\src\netif\ppp\demand.o
LOAD Middlewares\Third_Party\LwIP\src\netif\ppp\eap.o
LOAD Middlewares\Third_Party\LwIP\src\netif\ppp\ecp.o
LOAD Middlewares\Third_Party\LwIP\src\netif\ppp\eui64.o
LOAD Middlewares\Third_Party\LwIP\src\netif\ppp\fsm.o
LOAD Middlewares\Third_Party\LwIP\src\netif\ppp\ipcp.o
LOAD Middlewares\Third_Party\LwIP\src\netif\ppp\ipv6cp.o
LOAD Middlewares\Third_Party\LwIP\src\netif\ppp\lcp.o
LOAD Middlewares\Third_Party\LwIP\src\netif\ppp\magic.o
LOAD Middlewares\Third_Party\LwIP\src\netif\ppp\mppe.o
LOAD Middlewares\Third_Party\LwIP\src\netif\ppp\multilink.o
LOAD Middlewares\Third_Party\LwIP\src\netif\ppp\ppp.o
LOAD Middlewares\Third_Party\LwIP\src\netif\ppp\pppapi.o
LOAD Middlewares\Third_Party\LwIP\src\netif\ppp\pppcrypt.o
LOAD Middlewares\Third_Party\LwIP\src\netif\ppp\pppoe.o
LOAD Middlewares\Third_Party\LwIP\src\netif\ppp\pppol2tp.o
LOAD Middlewares\Third_Party\LwIP\src\netif\ppp\pppos.o
LOAD Middlewares\Third_Party\LwIP\src\netif\ppp\upap.o
LOAD Middlewares\Third_Party\LwIP\src\netif\ppp\utils.o
LOAD Middlewares\Third_Party\LwIP\src\netif\ppp\vj.o
LOAD Middlewares\Third_Party\LwIP\src\netif\slipif.o
LOAD Middlewares\Third_Party\LwIP\system\OS\sys_arch.o
LOAD Src\ethernetif.o
LOAD Src\fatfs.o
LOAD Src\freertos.o
LOAD Src\ftp\ftp_commands.o
LOAD Src\ftp\ftp_server.o
LOAD Src\ftp\ftp_storage.o
LOAD Src\lwip.o
LOAD Src\main.o
LOAD Src\stm32f7xx_hal_msp.o
LOAD Src\stm32f7xx_hal_timebase_TIM.o
LOAD Src\stm32f7xx_it.o
LOAD Src\syscalls.o
LOAD Src\system_stm32f7xx.o
LOAD Src\usb_host.o
LOAD Src\usbh_conf.o
LOAD Src\usbh_diskio.o
LOAD startup\startup_stm32f746xx.o
                0x00000080                malloc_getpagesize_P = 0x80
START GROUP
LOAD c:/program files (x86)/atollic/truestudio for arm 8.1.0/armtools/bin/../lib/gcc/arm-atollic-eabi/6.3.1/../../../../arm-atollic-eabi/lib/armv7e-m/fpu/fpv5-sp-d16\libc_nano.a
LOAD c:/program files (x86)/atollic/truestudio for arm 8.1.0/armtools/bin/../lib/gcc/arm-atollic-eabi/6.3.1/../../../../arm-atollic-eabi/lib/armv7e-m/fpu/fpv5-sp-d16\libm.a
END GROUP
START GROUP
LOAD c:/program files (x86)/atollic/truestudio for arm 8.1.0/armtools/bin/../lib/gcc/arm-atollic-eabi/6.3.1/armv7e-m/fpu/fpv5-sp-d16\libgcc.a
LOAD c:/program files (x86)/atollic/truestudio for arm 8.1.0/armtools/bin/../lib/gcc/arm-atollic-eabi/6.3.1/../../../../arm-atollic-eabi/lib/armv7e-m/fpu/fpv5-sp-d16\libc_nano.a
END GROUP
START GROUP
LOAD c:/program files (x86)/atollic/truestudio for arm 8.1.0/armtools/bin/../lib/gcc/arm-atollic-eabi/6.3.1/armv7e-m/fpu/fpv5-sp-d16\libgcc.a
LOAD c:/program files (x86)/atollic/truestudio for arm 8.1.0/armtools/bin/../lib/gcc/arm-atollic-eabi/6.3.1/../../../../arm-atollic-eabi/lib/armv7e-m/fpu/fpv5-sp-d16\libc_nano.a
LOAD c:/program files (x86)/atollic/truestudio for arm 8.1.0/armtools/bin/../lib/gcc/arm-atollic-eabi/6.3.1/../../../../arm-atollic-eabi/lib/armv7e-m/fpu/fpv5-sp-d16\libnosys.a
END GROUP
START GROUP
LOAD c:/program files (x86)/atollic/truestudio for arm 8.1.0/armtools/bin/../lib/gcc/arm-atollic-eabi/6.3.1/armv7e-m/fpu/fpv5-sp-d16\libgcc.a
LOAD c:/program files (x86)/atollic/truestudio for arm 8.1.0/armtools/bin/../lib/gcc/arm-atollic-eabi/6.3.1/../../../../arm-atollic-eabi/lib/armv7e-m/fpu/fpv5-sp-d16\libc_nano.a
LOAD c:/program files (x86)/atollic/truestudio for arm 8.1.0/armtools/bin/../lib/gcc/arm-atollic-eabi/6.3.1/../../../../arm-atollic-eabi/lib/armv7e-m/fpu/fpv5-sp-d16\libnosys.a
END GROUP
LOAD c:/program files (x86)/atollic/truestudio for arm 8.1.0/armtools/bin/../lib/gcc/arm-atollic-eabi/6.3.1/armv7e-m/fpu/fpv5-sp-d16/crtend.o
LOAD c:/program files (x86)/atollic/truestudio for arm 8.1.0/armtools/bin/../lib/gcc/arm-atollic-eabi/6.3.1/armv7e-m/fpu/fpv5-sp-d16/crtn.o
                0x20050000                _estack = 0x20050000
                0x00000200                _Min_Heap_Size = 0x200
                0x00000400                _Min_Stack_Size = 0x400

.isr_vector     0x08000000      0x1c8
                0x08000000                . = ALIGN (0x4)
 *(.isr_vector)
 .isr_vector    0x08000000      0x1c8 startup\startup_stm32f746xx.o
                0x08000000                g_pfnVectors
                0x080001c8                . = ALIGN (0x4)

.text           0x080001d0     0xc83c
                0x080001d0                . = ALIGN (0x4)
 *(.text)
 .text          0x080001d0       0x40 c:/program files (x86)/atollic/truestudio for arm 8.1.0/armtools/bin/../lib/gcc/arm-atollic-eabi/6.3.1/armv7e-m/fpu/fpv5-sp-d16/crtbegin.o
 .text          0x08000210       0xa0 c:/program files (x86)/atollic/truestudio for arm 8.1.0/armtools/bin/../lib/gcc/arm-atollic-eabi/6.3.1/../../../../arm-atollic-eabi/lib/armv7e-m/fpu/fpv5-sp-d16\libc_nano.a(lib_a-memchr.o)
                0x08000210                memchr
 *(.text*)
 .text.HAL_Init
                0x080002b0       0x16 Drivers\STM32F7xx_HAL_Driver\Src\stm32f7xx_hal.o
                0x080002b0                HAL_Init
 *fill*         0x080002c6        0x2 
 .text.HAL_IncTick
                0x080002c8       0x10 Drivers\STM32F7xx_HAL_Driver\Src\stm32f7xx_hal.o
                0x080002c8                HAL_IncTick
 .text.HAL_GetTick
                0x080002d8        0xc Drivers\STM32F7xx_HAL_Driver\Src\stm32f7xx_hal.o
                0x080002d8                HAL_GetTick
 .text.HAL_Delay
                0x080002e4       0x1a Drivers\STM32F7xx_HAL_Driver\Src\stm32f7xx_hal.o
                0x080002e4                HAL_Delay
 *fill*         0x080002fe        0x2 
 .text.HAL_NVIC_SetPriorityGrouping
                0x08000300       0x24 Drivers\STM32F7xx_HAL_Driver\Src\stm32f7xx_hal_cortex.o
                0x08000300                HAL_NVIC_SetPriorityGrouping
 .text.HAL_NVIC_SetPriority
                0x08000324       0x70 Drivers\STM32F7xx_HAL_Driver\Src\stm32f7xx_hal_cortex.o
                0x08000324                HAL_NVIC_SetPriority
 .text.HAL_NVIC_EnableIRQ
                0x08000394       0x18 Drivers\STM32F7xx_HAL_Driver\Src\stm32f7xx_hal_cortex.o
                0x08000394                HAL_NVIC_EnableIRQ
 .text.HAL_SYSTICK_Config
                0x080003ac       0x2c Drivers\STM32F7xx_HAL_Driver\Src\stm32f7xx_hal_cortex.o
                0x080003ac                HAL_SYSTICK_Config
 .text.HAL_SYSTICK_CLKSourceConfig
                0x080003d8       0x18 Drivers\STM32F7xx_HAL_Driver\Src\stm32f7xx_hal_cortex.o
                0x080003d8                HAL_SYSTICK_CLKSourceConfig
 .text.ETH_FlushTransmitFIFO
                0x080003f0       0x2a Drivers\STM32F7xx_HAL_Driver\Src\stm32f7xx_hal_eth.o
 *fill*         0x0800041a        0x2 
 .text.ETH_MACDMAConfig
                0x0800041c       0xf8 Drivers\STM32F7xx_HAL_Driver\Src\stm32f7xx_hal_eth.o
 .text.HAL_ETH_DMATxDescListInit
                0x08000514       0x7a Drivers\STM32F7xx_HAL_Driver\Src\stm32f7xx_hal_eth.o
                0x08000514                HAL_ETH_DMATxDescListInit
 .text.HAL_ETH_DMARxDescListInit
                0x0800058e       0x78 Drivers\STM32F7xx_HAL_Driver\Src\stm32f7xx_hal_eth.o
                0x0800058e                HAL_ETH_DMARxDescListInit
 *fill*         0x08000606        0x2 
 .text.HAL_ETH_TransmitFrame
                0x08000608       0xe4 Drivers\STM32F7xx_HAL_Driver\Src\stm32f7xx_hal_eth.o
                0x08000608                HAL_ETH_TransmitFrame
 .text.HAL_ETH_GetReceivedFrame_IT
                0x080006ec       0x8a Drivers\STM32F7xx_HAL_Driver\Src\stm32f7xx_hal_eth.o
                0x080006ec                HAL_ETH_GetReceivedFrame_IT
 .text.HAL_ETH_TxCpltCallback
                0x08000776        0x2 Drivers\STM32F7xx_HAL_Driver\Src\stm32f7xx_hal_eth.o
                0x08000776                HAL_ETH_TxCpltCallback
 .text.HAL_ETH_ErrorCallback
                0x08000778        0x2 Drivers\STM32F7xx_HAL_Driver\Src\stm32f7xx_hal_eth.o
                0x08000778                HAL_ETH_ErrorCallback
 .text.HAL_ETH_IRQHandler
                0x0800077a       0x70 Drivers\STM32F7xx_HAL_Driver\Src\stm32f7xx_hal_eth.o
                0x0800077a                HAL_ETH_IRQHandler
 .text.HAL_ETH_ReadPHYRegister
                0x080007ea       0x74 Drivers\STM32F7xx_HAL_Driver\Src\stm32f7xx_hal_eth.o
                0x080007ea                HAL_ETH_ReadPHYRegister
 .text.HAL_ETH_WritePHYRegister
                0x0800085e       0x6e Drivers\STM32F7xx_HAL_Driver\Src\stm32f7xx_hal_eth.o
                0x0800085e                HAL_ETH_WritePHYRegister
 .text.HAL_ETH_Init
                0x080008cc      0x1f4 Drivers\STM32F7xx_HAL_Driver\Src\stm32f7xx_hal_eth.o
                0x080008cc                HAL_ETH_Init
 .text.HAL_ETH_Start
                0x08000ac0       0x7c Drivers\STM32F7xx_HAL_Driver\Src\stm32f7xx_hal_eth.o
                0x08000ac0                HAL_ETH_Start
 .text.HAL_GPIO_Init
                0x08000b3c      0x1d4 Drivers\STM32F7xx_HAL_Driver\Src\stm32f7xx_hal_gpio.o
                0x08000b3c                HAL_GPIO_Init
 .text.HAL_GPIO_WritePin
                0x08000d10        0xa Drivers\STM32F7xx_HAL_Driver\Src\stm32f7xx_hal_gpio.o
                0x08000d10                HAL_GPIO_WritePin
 .text.HAL_GPIO_TogglePin
                0x08000d1a        0x8 Drivers\STM32F7xx_HAL_Driver\Src\stm32f7xx_hal_gpio.o
                0x08000d1a                HAL_GPIO_TogglePin
 .text.HAL_HCD_HC_Init
                0x08000d22       0x62 Drivers\STM32F7xx_HAL_Driver\Src\stm32f7xx_hal_hcd.o
                0x08000d22                HAL_HCD_HC_Init
 .text.HAL_HCD_HC_Halt
                0x08000d84       0x24 Drivers\STM32F7xx_HAL_Driver\Src\stm32f7xx_hal_hcd.o
                0x08000d84                HAL_HCD_HC_Halt
 .text.HAL_HCD_Init
                0x08000da8       0x78 Drivers\STM32F7xx_HAL_Driver\Src\stm32f7xx_hal_hcd.o
                0x08000da8                HAL_HCD_Init
 .text.HAL_HCD_HC_SubmitRequest
                0x08000e20      0x100 Drivers\STM32F7xx_HAL_Driver\Src\stm32f7xx_hal_hcd.o
                0x08000e20                HAL_HCD_HC_SubmitRequest
 .text.HAL_HCD_IRQHandler
                0x08000f20      0x620 Drivers\STM32F7xx_HAL_Driver\Src\stm32f7xx_hal_hcd.o
                0x08000f20                HAL_HCD_IRQHandler
 .text.HAL_HCD_Start
                0x08001540       0x2c Drivers\STM32F7xx_HAL_Driver\Src\stm32f7xx_hal_hcd.o
                0x08001540                HAL_HCD_Start
 .text.HAL_HCD_Stop
                0x0800156c       0x24 Drivers\STM32F7xx_HAL_Driver\Src\stm32f7xx_hal_hcd.o
                0x0800156c                HAL_HCD_Stop
 .text.HAL_HCD_ResetPort
                0x08001590        0x6 Drivers\STM32F7xx_HAL_Driver\Src\stm32f7xx_hal_hcd.o
                0x08001590                HAL_HCD_ResetPort
 .text.HAL_HCD_HC_GetURBState
                0x08001596        0xc Drivers\STM32F7xx_HAL_Driver\Src\stm32f7xx_hal_hcd.o
                0x08001596                HAL_HCD_HC_GetURBState
 .text.HAL_HCD_HC_GetXferCount
                0x080015a2        0xa Drivers\STM32F7xx_HAL_Driver\Src\stm32f7xx_hal_hcd.o
                0x080015a2                HAL_HCD_HC_GetXferCount
 .text.HAL_HCD_GetCurrentFrame
                0x080015ac        0x6 Drivers\STM32F7xx_HAL_Driver\Src\stm32f7xx_hal_hcd.o
                0x080015ac                HAL_HCD_GetCurrentFrame
 .text.HAL_HCD_GetCurrentSpeed
                0x080015b2        0x6 Drivers\STM32F7xx_HAL_Driver\Src\stm32f7xx_hal_hcd.o
                0x080015b2                HAL_HCD_GetCurrentSpeed
 .text.HAL_PWREx_EnableOverDrive
                0x080015b8       0x70 Drivers\STM32F7xx_HAL_Driver\Src\stm32f7xx_hal_pwr_ex.o
                0x080015b8                HAL_PWREx_EnableOverDrive
 .text.HAL_RCC_OscConfig
                0x08001628      0x328 Drivers\STM32F7xx_HAL_Driver\Src\stm32f7xx_hal_rcc.o
                0x08001628                HAL_RCC_OscConfig
 .text.HAL_RCC_GetSysClockFreq
                0x08001950       0x54 Drivers\STM32F7xx_HAL_Driver\Src\stm32f7xx_hal_rcc.o
                0x08001950                HAL_RCC_GetSysClockFreq
 .text.HAL_RCC_ClockConfig
                0x080019a4      0x120 Drivers\STM32F7xx_HAL_Driver\Src\stm32f7xx_hal_rcc.o
                0x080019a4                HAL_RCC_ClockConfig
 .text.HAL_RCC_GetHCLKFreq
                0x08001ac4        0xc Drivers\STM32F7xx_HAL_Driver\Src\stm32f7xx_hal_rcc.o
                0x08001ac4                HAL_RCC_GetHCLKFreq
 .text.HAL_RCC_GetPCLK1Freq
                0x08001ad0       0x20 Drivers\STM32F7xx_HAL_Driver\Src\stm32f7xx_hal_rcc.o
                0x08001ad0                HAL_RCC_GetPCLK1Freq
 .text.HAL_RCC_GetPCLK2Freq
                0x08001af0       0x20 Drivers\STM32F7xx_HAL_Driver\Src\stm32f7xx_hal_rcc.o
                0x08001af0                HAL_RCC_GetPCLK2Freq
 .text.HAL_RCC_GetClockConfig
                0x08001b10       0x3c Drivers\STM32F7xx_HAL_Driver\Src\stm32f7xx_hal_rcc.o
                0x08001b10                HAL_RCC_GetClockConfig
 .text.HAL_RCCEx_PeriphCLKConfig
                0x08001b4c      0x514 Drivers\STM32F7xx_HAL_Driver\Src\stm32f7xx_hal_rcc_ex.o
                0x08001b4c                HAL_RCCEx_PeriphCLKConfig
 .text.HAL_TIM_Base_MspInit
                0x08002060        0x2 Drivers\STM32F7xx_HAL_Driver\Src\stm32f7xx_hal_tim.o
                0x08002060                HAL_TIM_Base_MspInit
 .text.HAL_TIM_Base_Start_IT
                0x08002062       0x16 Drivers\STM32F7xx_HAL_Driver\Src\stm32f7xx_hal_tim.o
                0x08002062                HAL_TIM_Base_Start_IT
 .text.HAL_TIM_OC_DelayElapsedCallback
                0x08002078        0x2 Drivers\STM32F7xx_HAL_Driver\Src\stm32f7xx_hal_tim.o
                0x08002078                HAL_TIM_OC_DelayElapsedCallback
 .text.HAL_TIM_IC_CaptureCallback
                0x0800207a        0x2 Drivers\STM32F7xx_HAL_Driver\Src\stm32f7xx_hal_tim.o
                0x0800207a                HAL_TIM_IC_CaptureCallback
 .text.HAL_TIM_PWM_PulseFinishedCallback
                0x0800207c        0x2 Drivers\STM32F7xx_HAL_Driver\Src\stm32f7xx_hal_tim.o
                0x0800207c                HAL_TIM_PWM_PulseFinishedCallback
 .text.HAL_TIM_TriggerCallback
                0x0800207e        0x2 Drivers\STM32F7xx_HAL_Driver\Src\stm32f7xx_hal_tim.o
                0x0800207e                HAL_TIM_TriggerCallback
 .text.HAL_TIM_IRQHandler
                0x08002080      0x160 Drivers\STM32F7xx_HAL_Driver\Src\stm32f7xx_hal_tim.o
                0x08002080                HAL_TIM_IRQHandler
 .text.TIM_Base_SetConfig
                0x080021e0       0xd0 Drivers\STM32F7xx_HAL_Driver\Src\stm32f7xx_hal_tim.o
                0x080021e0                TIM_Base_SetConfig
 .text.HAL_TIM_Base_Init
                0x080022b0       0x34 Drivers\STM32F7xx_HAL_Driver\Src\stm32f7xx_hal_tim.o
                0x080022b0                HAL_TIM_Base_Init
 .text.HAL_TIMEx_CommutationCallback
                0x080022e4        0x2 Drivers\STM32F7xx_HAL_Driver\Src\stm32f7xx_hal_tim_ex.o
                0x080022e4                HAL_TIMEx_CommutationCallback
 .text.HAL_TIMEx_BreakCallback
                0x080022e6        0x2 Drivers\STM32F7xx_HAL_Driver\Src\stm32f7xx_hal_tim_ex.o
                0x080022e6                HAL_TIMEx_BreakCallback
 .text.UART_WaitOnFlagUntilTimeout
                0x080022e8       0x62 Drivers\STM32F7xx_HAL_Driver\Src\stm32f7xx_hal_uart.o
                0x080022e8                UART_WaitOnFlagUntilTimeout
 *fill*         0x0800234a        0x2 
 .text.UART_SetConfig
                0x0800234c      0x290 Drivers\STM32F7xx_HAL_Driver\Src\stm32f7xx_hal_uart.o
                0x0800234c                UART_SetConfig
 .text.UART_AdvFeatureConfig
                0x080025dc       0xaa Drivers\STM32F7xx_HAL_Driver\Src\stm32f7xx_hal_uart.o
                0x080025dc                UART_AdvFeatureConfig
 .text.UART_CheckIdleState
                0x08002686       0x44 Drivers\STM32F7xx_HAL_Driver\Src\stm32f7xx_hal_uart.o
                0x08002686                UART_CheckIdleState
 .text.HAL_UART_Init
                0x080026ca       0x64 Drivers\STM32F7xx_HAL_Driver\Src\stm32f7xx_hal_uart.o
                0x080026ca                HAL_UART_Init
 *fill*         0x0800272e        0x2 
 .text.USB_CoreReset
                0x08002730       0x30 Drivers\STM32F7xx_HAL_Driver\Src\stm32f7xx_ll_usb.o
 .text.USB_CoreInit
                0x08002760       0x76 Drivers\STM32F7xx_HAL_Driver\Src\stm32f7xx_ll_usb.o
                0x08002760                USB_CoreInit
 .text.USB_EnableGlobalInt
                0x080027d6        0xc Drivers\STM32F7xx_HAL_Driver\Src\stm32f7xx_ll_usb.o
                0x080027d6                USB_EnableGlobalInt
 .text.USB_DisableGlobalInt
                0x080027e2        0xc Drivers\STM32F7xx_HAL_Driver\Src\stm32f7xx_ll_usb.o
                0x080027e2                USB_DisableGlobalInt
 .text.USB_SetCurrentMode
                0x080027ee       0x2c Drivers\STM32F7xx_HAL_Driver\Src\stm32f7xx_ll_usb.o
                0x080027ee                USB_SetCurrentMode
 *fill*         0x0800281a        0x2 
 .text.USB_FlushTxFifo
                0x0800281c       0x24 Drivers\STM32F7xx_HAL_Driver\Src\stm32f7xx_ll_usb.o
                0x0800281c                USB_FlushTxFifo
 .text.USB_FlushRxFifo
                0x08002840       0x20 Drivers\STM32F7xx_HAL_Driver\Src\stm32f7xx_ll_usb.o
                0x08002840                USB_FlushRxFifo
 .text.USB_ReadPacket
                0x08002860       0x20 Drivers\STM32F7xx_HAL_Driver\Src\stm32f7xx_ll_usb.o
                0x08002860                USB_ReadPacket
 .text.USB_ReadInterrupts
                0x08002880        0x8 Drivers\STM32F7xx_HAL_Driver\Src\stm32f7xx_ll_usb.o
                0x08002880                USB_ReadInterrupts
 .text.USB_GetMode
                0x08002888        0x8 Drivers\STM32F7xx_HAL_Driver\Src\stm32f7xx_ll_usb.o
                0x08002888                USB_GetMode
 .text.USB_InitFSLSPClkSel
                0x08002890       0x3a Drivers\STM32F7xx_HAL_Driver\Src\stm32f7xx_ll_usb.o
                0x08002890                USB_InitFSLSPClkSel
 .text.USB_ResetPort
                0x080028ca       0x38 Drivers\STM32F7xx_HAL_Driver\Src\stm32f7xx_ll_usb.o
                0x080028ca                USB_ResetPort
 .text.USB_DriveVbus
                0x08002902       0x3c Drivers\STM32F7xx_HAL_Driver\Src\stm32f7xx_ll_usb.o
                0x08002902                USB_DriveVbus
 *fill*         0x0800293e        0x2 
 .text.USB_HostInit
                0x08002940       0xcc Drivers\STM32F7xx_HAL_Driver\Src\stm32f7xx_ll_usb.o
                0x08002940                USB_HostInit
 .text.USB_GetHostSpeed
                0x08002a0c       0x12 Drivers\STM32F7xx_HAL_Driver\Src\stm32f7xx_ll_usb.o
                0x08002a0c                USB_GetHostSpeed
 .text.USB_GetCurrentFrame
                0x08002a1e        0xa Drivers\STM32F7xx_HAL_Driver\Src\stm32f7xx_ll_usb.o
                0x08002a1e                USB_GetCurrentFrame
 .text.USB_HC_Init
                0x08002a28       0xda Drivers\STM32F7xx_HAL_Driver\Src\stm32f7xx_ll_usb.o
                0x08002a28                USB_HC_Init
 .text.USB_HC_ReadInterrupt
                0x08002b02        0xa Drivers\STM32F7xx_HAL_Driver\Src\stm32f7xx_ll_usb.o
                0x08002b02                USB_HC_ReadInterrupt
 .text.USB_HC_Halt
                0x08002b0c       0x96 Drivers\STM32F7xx_HAL_Driver\Src\stm32f7xx_ll_usb.o
                0x08002b0c                USB_HC_Halt
 *fill*         0x08002ba2        0x2 
 .text.USB_DoPing
                0x08002ba4       0x20 Drivers\STM32F7xx_HAL_Driver\Src\stm32f7xx_ll_usb.o
                0x08002ba4                USB_DoPing
 .text.USB_HC_StartXfer
                0x08002bc4      0x164 Drivers\STM32F7xx_HAL_Driver\Src\stm32f7xx_ll_usb.o
                0x08002bc4                USB_HC_StartXfer
 .text.USB_StopHost
                0x08002d28       0x6c Drivers\STM32F7xx_HAL_Driver\Src\stm32f7xx_ll_usb.o
                0x08002d28                USB_StopHost
 .text.USBH_MSC_SOFProcess
                0x08002d94        0x4 Middlewares\ST\STM32_USB_Host_Library\Class\MSC\Src\usbh_msc.o
 .text.USBH_MSC_Process
                0x08002d98      0x1d4 Middlewares\ST\STM32_USB_Host_Library\Class\MSC\Src\usbh_msc.o
 .text.USBH_MSC_ClassRequest
                0x08002f6c       0x66 Middlewares\ST\STM32_USB_Host_Library\Class\MSC\Src\usbh_msc.o
 .text.USBH_MSC_InterfaceDeInit
                0x08002fd2       0x4c Middlewares\ST\STM32_USB_Host_Library\Class\MSC\Src\usbh_msc.o
 .text.USBH_MSC_InterfaceInit
                0x0800301e       0xf6 Middlewares\ST\STM32_USB_Host_Library\Class\MSC\Src\usbh_msc.o
 .text.USBH_MSC_RdWrProcess
                0x08003114       0x90 Middlewares\ST\STM32_USB_Host_Library\Class\MSC\Src\usbh_msc.o
 .text.USBH_MSC_UnitIsReady
                0x080031a4       0x22 Middlewares\ST\STM32_USB_Host_Library\Class\MSC\Src\usbh_msc.o
                0x080031a4                USBH_MSC_UnitIsReady
 .text.USBH_MSC_GetLUNInfo
                0x080031c6       0x30 Middlewares\ST\STM32_USB_Host_Library\Class\MSC\Src\usbh_msc.o
                0x080031c6                USBH_MSC_GetLUNInfo
 .text.USBH_MSC_Read
                0x080031f6       0x86 Middlewares\ST\STM32_USB_Host_Library\Class\MSC\Src\usbh_msc.o
                0x080031f6                USBH_MSC_Read
 .text.USBH_MSC_Write
                0x0800327c       0x86 Middlewares\ST\STM32_USB_Host_Library\Class\MSC\Src\usbh_msc.o
                0x0800327c                USBH_MSC_Write
 .text.USBH_MSC_BOT_REQ_Reset
                0x08003302       0x16 Middlewares\ST\STM32_USB_Host_Library\Class\MSC\Src\usbh_msc_bot.o
                0x08003302                USBH_MSC_BOT_REQ_Reset
 .text.USBH_MSC_BOT_REQ_GetMaxLUN
                0x08003318       0x16 Middlewares\ST\STM32_USB_Host_Library\Class\MSC\Src\usbh_msc_bot.o
                0x08003318                USBH_MSC_BOT_REQ_GetMaxLUN
 *fill*         0x0800332e        0x2 
 .text.USBH_MSC_BOT_Init
                0x08003330       0x24 Middlewares\ST\STM32_USB_Host_Library\Class\MSC\Src\usbh_msc_bot.o
                0x08003330                USBH_MSC_BOT_Init
 .text.USBH_MSC_BOT_Process
                0x08003354      0x218 Middlewares\ST\STM32_USB_Host_Library\Class\MSC\Src\usbh_msc_bot.o
                0x08003354                USBH_MSC_BOT_Process
 .text.USBH_MSC_SCSI_TestUnitReady
                0x0800356c       0x4c Middlewares\ST\STM32_USB_Host_Library\Class\MSC\Src\usbh_msc_scsi.o
                0x0800356c                USBH_MSC_SCSI_TestUnitReady
 .text.USBH_MSC_SCSI_ReadCapacity
                0x080035b8       0x7e Middlewares\ST\STM32_USB_Host_Library\Class\MSC\Src\usbh_msc_scsi.o
                0x080035b8                USBH_MSC_SCSI_ReadCapacity
 .text.USBH_MSC_SCSI_Inquiry
                0x08003636       0xd4 Middlewares\ST\STM32_USB_Host_Library\Class\MSC\Src\usbh_msc_scsi.o
                0x08003636                USBH_MSC_SCSI_Inquiry
 .text.USBH_MSC_SCSI_RequestSense
                0x0800370a       0x92 Middlewares\ST\STM32_USB_Host_Library\Class\MSC\Src\usbh_msc_scsi.o
                0x0800370a                USBH_MSC_SCSI_RequestSense
 .text.USBH_MSC_SCSI_Write
                0x0800379c       0x88 Middlewares\ST\STM32_USB_Host_Library\Class\MSC\Src\usbh_msc_scsi.o
                0x0800379c                USBH_MSC_SCSI_Write
 .text.USBH_MSC_SCSI_Read
                0x08003824       0x8a Middlewares\ST\STM32_USB_Host_Library\Class\MSC\Src\usbh_msc_scsi.o
                0x08003824                USBH_MSC_SCSI_Read
 .text.DeInitStateMachine
                0x080038ae       0x44 Middlewares\ST\STM32_USB_Host_Library\Core\Src\usbh_core.o
 *fill*         0x080038f2        0x2 
 .text.USBH_Init
                0x080038f4       0x68 Middlewares\ST\STM32_USB_Host_Library\Core\Src\usbh_core.o
                0x080038f4                USBH_Init
 .text.USBH_RegisterClass
                0x0800395c       0x1a Middlewares\ST\STM32_USB_Host_Library\Core\Src\usbh_core.o
                0x0800395c                USBH_RegisterClass
 .text.USBH_SelectInterface
                0x08003976       0x12 Middlewares\ST\STM32_USB_Host_Library\Core\Src\usbh_core.o
                0x08003976                USBH_SelectInterface
 .text.USBH_FindInterface
                0x08003988       0x38 Middlewares\ST\STM32_USB_Host_Library\Core\Src\usbh_core.o
                0x08003988                USBH_FindInterface
 .text.USBH_Start
                0x080039c0       0x14 Middlewares\ST\STM32_USB_Host_Library\Core\Src\usbh_core.o
                0x080039c0                USBH_Start
 .text.USBH_Process
                0x080039d4      0x29c Middlewares\ST\STM32_USB_Host_Library\Core\Src\usbh_core.o
                0x080039d4                USBH_Process
 .text.USBH_Process_OS
                0x08003c70       0x20 Middlewares\ST\STM32_USB_Host_Library\Core\Src\usbh_core.o
 .text.USBH_LL_SetTimer
                0x08003c90        0x6 Middlewares\ST\STM32_USB_Host_Library\Core\Src\usbh_core.o
                0x08003c90                USBH_LL_SetTimer
 .text.USBH_LL_IncTimer
                0x08003c96       0x1c Middlewares\ST\STM32_USB_Host_Library\Core\Src\usbh_core.o
                0x08003c96                USBH_LL_IncTimer
 .text.USBH_LL_Connect
                0x08003cb2       0x34 Middlewares\ST\STM32_USB_Host_Library\Core\Src\usbh_core.o
                0x08003cb2                USBH_LL_Connect
 .text.USBH_LL_Disconnect
                0x08003ce6       0x44 Middlewares\ST\STM32_USB_Host_Library\Core\Src\usbh_core.o
                0x08003ce6                USBH_LL_Disconnect
 .text.USBH_LL_NotifyURBChange
                0x08003d2a       0x12 Middlewares\ST\STM32_USB_Host_Library\Core\Src\usbh_core.o
                0x08003d2a                USBH_LL_NotifyURBChange
 .text.USBH_CtlReq
                0x08003d3c      0x19c Middlewares\ST\STM32_USB_Host_Library\Core\Src\usbh_ctlreq.o
                0x08003d3c                USBH_CtlReq
 .text.USBH_GetDescriptor
                0x08003ed8       0x36 Middlewares\ST\STM32_USB_Host_Library\Core\Src\usbh_ctlreq.o
                0x08003ed8                USBH_GetDescriptor
 .text.USBH_Get_DevDesc
                0x08003f0e       0xb2 Middlewares\ST\STM32_USB_Host_Library\Core\Src\usbh_ctlreq.o
                0x08003f0e                USBH_Get_DevDesc
 .text.USBH_Get_CfgDesc
                0x08003fc0      0x12e Middlewares\ST\STM32_USB_Host_Library\Core\Src\usbh_ctlreq.o
                0x08003fc0                USBH_Get_CfgDesc
 .text.USBH_Get_StringDesc
                0x080040ee       0x4e Middlewares\ST\STM32_USB_Host_Library\Core\Src\usbh_ctlreq.o
                0x080040ee                USBH_Get_StringDesc
 .text.USBH_SetAddress
                0x0800413c       0x1c Middlewares\ST\STM32_USB_Host_Library\Core\Src\usbh_ctlreq.o
                0x0800413c                USBH_SetAddress
 .text.USBH_SetCfg
                0x08004158       0x1c Middlewares\ST\STM32_USB_Host_Library\Core\Src\usbh_ctlreq.o
                0x08004158                USBH_SetCfg
 .text.USBH_ClrFeature
                0x08004174       0x1c Middlewares\ST\STM32_USB_Host_Library\Core\Src\usbh_ctlreq.o
                0x08004174                USBH_ClrFeature
 .text.USBH_CtlSendSetup
                0x08004190       0x22 Middlewares\ST\STM32_USB_Host_Library\Core\Src\usbh_ioreq.o
                0x08004190                USBH_CtlSendSetup
 .text.USBH_CtlSendData
                0x080041b2       0x2e Middlewares\ST\STM32_USB_Host_Library\Core\Src\usbh_ioreq.o
                0x080041b2                USBH_CtlSendData
 .text.USBH_CtlReceiveData
                0x080041e0       0x20 Middlewares\ST\STM32_USB_Host_Library\Core\Src\usbh_ioreq.o
                0x080041e0                USBH_CtlReceiveData
 .text.USBH_BulkSendData
                0x08004200       0x30 Middlewares\ST\STM32_USB_Host_Library\Core\Src\usbh_ioreq.o
                0x08004200                USBH_BulkSendData
 .text.USBH_BulkReceiveData
                0x08004230       0x20 Middlewares\ST\STM32_USB_Host_Library\Core\Src\usbh_ioreq.o
                0x08004230                USBH_BulkReceiveData
 .text.USBH_OpenPipe
                0x08004250       0x1e Middlewares\ST\STM32_USB_Host_Library\Core\Src\usbh_pipes.o
                0x08004250                USBH_OpenPipe
 .text.USBH_ClosePipe
                0x0800426e        0xa Middlewares\ST\STM32_USB_Host_Library\Core\Src\usbh_pipes.o
                0x0800426e                USBH_ClosePipe
 .text.USBH_AllocPipe
                0x08004278       0x30 Middlewares\ST\STM32_USB_Host_Library\Core\Src\usbh_pipes.o
                0x08004278                USBH_AllocPipe
 .text.USBH_FreePipe
                0x080042a8       0x18 Middlewares\ST\STM32_USB_Host_Library\Core\Src\usbh_pipes.o
                0x080042a8                USBH_FreePipe
 .text.FATFS_LinkDriverEx
                0x080042c0       0x44 Middlewares\Third_Party\FatFs\src\ff_gen_drv.o
                0x080042c0                FATFS_LinkDriverEx
 .text.FATFS_LinkDriver
                0x08004304        0x6 Middlewares\Third_Party\FatFs\src\ff_gen_drv.o
                0x08004304                FATFS_LinkDriver
 .text.osKernelStart
                0x0800430a        0xa Middlewares\Third_Party\FreeRTOS\Source\CMSIS_RTOS\cmsis_os.o
                0x0800430a                osKernelStart
 .text.osKernelSysTick
                0x08004314        0xe Middlewares\Third_Party\FreeRTOS\Source\CMSIS_RTOS\cmsis_os.o
                0x08004314                osKernelSysTick
 .text.osThreadCreate
                0x08004322       0x30 Middlewares\Third_Party\FreeRTOS\Source\CMSIS_RTOS\cmsis_os.o
                0x08004322                osThreadCreate
 .text.osDelay  0x08004352       0x10 Middlewares\Third_Party\FreeRTOS\Source\CMSIS_RTOS\cmsis_os.o
                0x08004352                osDelay
 .text.osMutexCreate
                0x08004362        0x6 Middlewares\Third_Party\FreeRTOS\Source\CMSIS_RTOS\cmsis_os.o
                0x08004362                osMutexCreate
 .text.osMutexWait
                0x08004368       0x50 Middlewares\Third_Party\FreeRTOS\Source\CMSIS_RTOS\cmsis_os.o
                0x08004368                osMutexWait
 .text.osSemaphoreCreate
                0x080043b8       0x26 Middlewares\Third_Party\FreeRTOS\Source\CMSIS_RTOS\cmsis_os.o
                0x080043b8                osSemaphoreCreate
 *fill*         0x080043de        0x2 
 .text.osSemaphoreWait
                0x080043e0       0x50 Middlewares\Third_Party\FreeRTOS\Source\CMSIS_RTOS\cmsis_os.o
                0x080043e0                osSemaphoreWait
 .text.osSemaphoreRelease
                0x08004430       0x48 Middlewares\Third_Party\FreeRTOS\Source\CMSIS_RTOS\cmsis_os.o
                0x08004430                osSemaphoreRelease
 .text.osMutexRelease
                0x08004478        0x4 Middlewares\Third_Party\FreeRTOS\Source\CMSIS_RTOS\cmsis_os.o
                0x08004478                osMutexRelease
 .text.osMessageCreate
                0x0800447c        0x8 Middlewares\Third_Party\FreeRTOS\Source\CMSIS_RTOS\cmsis_os.o
                0x0800447c                osMessageCreate
 .text.osMessagePut
                0x08004484       0x50 Middlewares\Third_Party\FreeRTOS\Source\CMSIS_RTOS\cmsis_os.o
                0x08004484                osMessagePut
 .text.osMessageGet
                0x080044d4       0x74 Middlewares\Third_Party\FreeRTOS\Source\CMSIS_RTOS\cmsis_os.o
                0x080044d4                osMessageGet
 .text.osSystickHandler
                0x08004548       0x14 Middlewares\Third_Party\FreeRTOS\Source\CMSIS_RTOS\cmsis_os.o
                0x08004548                osSystickHandler
 .text.vListInitialise
                0x0800455c       0x16 Middlewares\Third_Party\FreeRTOS\Source\list.o
                0x0800455c                vListInitialise
 .text.vListInitialiseItem
                0x08004572        0x6 Middlewares\Third_Party\FreeRTOS\Source\list.o
                0x08004572                vListInitialiseItem
 .text.vListInsertEnd
                0x08004578       0x18 Middlewares\Third_Party\FreeRTOS\Source\list.o
                0x08004578                vListInsertEnd
 .text.vListInsert
                0x08004590       0x2e Middlewares\Third_Party\FreeRTOS\Source\list.o
                0x08004590                vListInsert
 .text.uxListRemove
                0x080045be       0x20 Middlewares\Third_Party\FreeRTOS\Source\list.o
                0x080045be                uxListRemove
 *fill*         0x080045de        0x2 
 .text.prvTaskExitError
                0x080045e0       0x38 Middlewares\Third_Party\FreeRTOS\Source\portable\GCC\ARM_CM7\r0p1\port.o
 .text.prvPortStartFirstTask
                0x08004618       0x20 Middlewares\Third_Party\FreeRTOS\Source\portable\GCC\ARM_CM7\r0p1\port.o
 .text.vPortEnableVFP
                0x08004638       0x14 Middlewares\Third_Party\FreeRTOS\Source\portable\GCC\ARM_CM7\r0p1\port.o
 .text.pxPortInitialiseStack
                0x0800464c       0x24 Middlewares\Third_Party\FreeRTOS\Source\portable\GCC\ARM_CM7\r0p1\port.o
                0x0800464c                pxPortInitialiseStack
 .text.SVC_Handler
                0x08004670       0x24 Middlewares\Third_Party\FreeRTOS\Source\portable\GCC\ARM_CM7\r0p1\port.o
                0x08004670                SVC_Handler
 .text.vPortEnterCritical
                0x08004694       0x4c Middlewares\Third_Party\FreeRTOS\Source\portable\GCC\ARM_CM7\r0p1\port.o
                0x08004694                vPortEnterCritical
 .text.vPortExitCritical
                0x080046e0       0x2c Middlewares\Third_Party\FreeRTOS\Source\portable\GCC\ARM_CM7\r0p1\port.o
                0x080046e0                vPortExitCritical
 *fill*         0x0800470c        0x4 
 .text.PendSV_Handler
                0x08004710       0x64 Middlewares\Third_Party\FreeRTOS\Source\portable\GCC\ARM_CM7\r0p1\port.o
                0x08004710                PendSV_Handler
 .text.xPortSysTickHandler
                0x08004774       0x30 Middlewares\Third_Party\FreeRTOS\Source\portable\GCC\ARM_CM7\r0p1\port.o
                0x08004774                xPortSysTickHandler
 .text.vPortSetupTimerInterrupt
                0x080047a4       0x28 Middlewares\Third_Party\FreeRTOS\Source\portable\GCC\ARM_CM7\r0p1\port.o
                0x080047a4                vPortSetupTimerInterrupt
 .text.xPortStartScheduler
                0x080047cc       0xa8 Middlewares\Third_Party\FreeRTOS\Source\portable\GCC\ARM_CM7\r0p1\port.o
                0x080047cc                xPortStartScheduler
 .text.vPortValidateInterruptPriority
                0x08004874       0x64 Middlewares\Third_Party\FreeRTOS\Source\portable\GCC\ARM_CM7\r0p1\port.o
                0x08004874                vPortValidateInterruptPriority
 .text.unlikely.prvInsertBlockIntoFreeList
                0x080048d8       0x48 Middlewares\Third_Party\FreeRTOS\Source\portable\MemMang\heap_4.o
 .text.pvPortMalloc
                0x08004920      0x124 Middlewares\Third_Party\FreeRTOS\Source\portable\MemMang\heap_4.o
                0x08004920                pvPortMalloc
 .text.vPortFree
                0x08004a44       0x78 Middlewares\Third_Party\FreeRTOS\Source\portable\MemMang\heap_4.o
                0x08004a44                vPortFree
 .text.unlikely.prvCopyDataToQueue
                0x08004abc       0x66 Middlewares\Third_Party\FreeRTOS\Source\queue.o
 .text.unlikely.prvCopyDataFromQueue
                0x08004b22       0x2a Middlewares\Third_Party\FreeRTOS\Source\queue.o
 .text.prvUnlockQueue
                0x08004b4c       0x70 Middlewares\Third_Party\FreeRTOS\Source\queue.o
 .text.xQueueGenericReset
                0x08004bbc       0x84 Middlewares\Third_Party\FreeRTOS\Source\queue.o
                0x08004bbc                xQueueGenericReset
 .text.xQueueGenericCreate
                0x08004c40       0x46 Middlewares\Third_Party\FreeRTOS\Source\queue.o
                0x08004c40                xQueueGenericCreate
 *fill*         0x08004c86        0x2 
 .text.xQueueGenericSend
                0x08004c88      0x17c Middlewares\Third_Party\FreeRTOS\Source\queue.o
                0x08004c88                xQueueGenericSend
 .text.xQueueCreateMutex
                0x08004e04       0x24 Middlewares\Third_Party\FreeRTOS\Source\queue.o
                0x08004e04                xQueueCreateMutex
 .text.xQueueGenericSendFromISR
                0x08004e28       0xd4 Middlewares\Third_Party\FreeRTOS\Source\queue.o
                0x08004e28                xQueueGenericSendFromISR
 .text.xQueueGiveFromISR
                0x08004efc       0xba Middlewares\Third_Party\FreeRTOS\Source\queue.o
                0x08004efc                xQueueGiveFromISR
 *fill*         0x08004fb6        0x2 
 .text.xQueueGenericReceive
                0x08004fb8      0x194 Middlewares\Third_Party\FreeRTOS\Source\queue.o
                0x08004fb8                xQueueGenericReceive
 .text.xQueueReceiveFromISR
                0x0800514c       0xac Middlewares\Third_Party\FreeRTOS\Source\queue.o
                0x0800514c                xQueueReceiveFromISR
 .text.prvResetNextTaskUnblockTime
                0x080051f8       0x24 Middlewares\Third_Party\FreeRTOS\Source\tasks.o
 .text.prvAddCurrentTaskToDelayedList
                0x0800521c       0x8c Middlewares\Third_Party\FreeRTOS\Source\tasks.o
 .text.vTaskSetTimeOutState.part.5
                0x080052a8       0x16 Middlewares\Third_Party\FreeRTOS\Source\tasks.o
 *fill*         0x080052be        0x2 
 .text.xTaskCreate
                0x080052c0      0x1a0 Middlewares\Third_Party\FreeRTOS\Source\tasks.o
                0x080052c0                xTaskCreate
 .text.vTaskStartScheduler
                0x08005460       0x80 Middlewares\Third_Party\FreeRTOS\Source\tasks.o
                0x08005460                vTaskStartScheduler
 .text.vTaskSuspendAll
                0x080054e0       0x10 Middlewares\Third_Party\FreeRTOS\Source\tasks.o
                0x080054e0                vTaskSuspendAll
 .text.xTaskGetTickCount
                0x080054f0        0xc Middlewares\Third_Party\FreeRTOS\Source\tasks.o
                0x080054f0                xTaskGetTickCount
 .text.xTaskGetTickCountFromISR
                0x080054fc       0x10 Middlewares\Third_Party\FreeRTOS\Source\tasks.o
                0x080054fc                xTaskGetTickCountFromISR
 .text.xTaskIncrementTick
                0x0800550c      0x128 Middlewares\Third_Party\FreeRTOS\Source\tasks.o
                0x0800550c                xTaskIncrementTick
 .text.xTaskResumeAll
                0x08005634       0xf4 Middlewares\Third_Party\FreeRTOS\Source\tasks.o
                0x08005634                xTaskResumeAll
 .text.vTaskDelay
                0x08005728       0x4c Middlewares\Third_Party\FreeRTOS\Source\tasks.o
                0x08005728                vTaskDelay
 .text.prvIdleTask
                0x08005774       0x74 Middlewares\Third_Party\FreeRTOS\Source\tasks.o
 .text.vTaskSwitchContext
                0x080057e8       0x78 Middlewares\Third_Party\FreeRTOS\Source\tasks.o
                0x080057e8                vTaskSwitchContext
 .text.vTaskPlaceOnEventList
                0x08005860       0x38 Middlewares\Third_Party\FreeRTOS\Source\tasks.o
                0x08005860                vTaskPlaceOnEventList
 .text.xTaskRemoveFromEventList
                0x08005898       0x88 Middlewares\Third_Party\FreeRTOS\Source\tasks.o
                0x08005898                xTaskRemoveFromEventList
 .text.vTaskSetTimeOutState
                0x08005920       0x20 Middlewares\Third_Party\FreeRTOS\Source\tasks.o
                0x08005920                vTaskSetTimeOutState
 .text.xTaskCheckForTimeOut
                0x08005940       0x7c Middlewares\Third_Party\FreeRTOS\Source\tasks.o
                0x08005940                xTaskCheckForTimeOut
 .text.vTaskMissedYield
                0x080059bc        0xc Middlewares\Third_Party\FreeRTOS\Source\tasks.o
                0x080059bc                vTaskMissedYield
 .text.xTaskGetSchedulerState
                0x080059c8       0x20 Middlewares\Third_Party\FreeRTOS\Source\tasks.o
                0x080059c8                xTaskGetSchedulerState
 .text.vTaskPriorityInherit
                0x080059e8       0x8c Middlewares\Third_Party\FreeRTOS\Source\tasks.o
                0x080059e8                vTaskPriorityInherit
 .text.xTaskPriorityDisinherit
                0x08005a74       0xa8 Middlewares\Third_Party\FreeRTOS\Source\tasks.o
                0x08005a74                xTaskPriorityDisinherit
 .text.pvTaskIncrementMutexHeldCount
                0x08005b1c       0x18 Middlewares\Third_Party\FreeRTOS\Source\tasks.o
                0x08005b1c                pvTaskIncrementMutexHeldCount
 .text.tcpip_thread
                0x08005b34       0x74 Middlewares\Third_Party\LwIP\src\api\tcpip.o
 .text.tcpip_inpkt
                0x08005ba8       0x40 Middlewares\Third_Party\LwIP\src\api\tcpip.o
                0x08005ba8                tcpip_inpkt
 .text.tcpip_input
                0x08005be8       0x1c Middlewares\Third_Party\LwIP\src\api\tcpip.o
                0x08005be8                tcpip_input
 .text.tcpip_callback_with_block
                0x08005c04       0x48 Middlewares\Third_Party\LwIP\src\api\tcpip.o
                0x08005c04                tcpip_callback_with_block
 .text.tcpip_init
                0x08005c4c       0x50 Middlewares\Third_Party\LwIP\src\api\tcpip.o
                0x08005c4c                tcpip_init
 .text.lwip_htons
                0x08005c9c        0x6 Middlewares\Third_Party\LwIP\src\core\def.o
                0x08005c9c                lwip_htons
 .text.lwip_htonl
                0x08005ca2        0x4 Middlewares\Third_Party\LwIP\src\core\def.o
                0x08005ca2                lwip_htonl
 .text.lwip_init
                0x08005ca6       0x22 Middlewares\Third_Party\LwIP\src\core\init.o
                0x08005ca6                lwip_init
 .text.dhcp_set_state
                0x08005cc8       0x10 Middlewares\Third_Party\LwIP\src\core\ipv4\dhcp.o
 .text.dhcp_option
                0x08005cd8       0x1c Middlewares\Third_Party\LwIP\src\core\ipv4\dhcp.o
 .text.dhcp_option_short
                0x08005cf4       0x1e Middlewares\Third_Party\LwIP\src\core\ipv4\dhcp.o
 .text.dhcp_option_long
                0x08005d12       0x36 Middlewares\Third_Party\LwIP\src\core\ipv4\dhcp.o
 .text.dhcp_option_trailer
                0x08005d48       0x2a Middlewares\Third_Party\LwIP\src\core\ipv4\dhcp.o
 *fill*         0x08005d72        0x2 
 .text.dhcp_create_msg
                0x08005d74      0x150 Middlewares\Third_Party\LwIP\src\core\ipv4\dhcp.o
 .text.dhcp_delete_msg
                0x08005ec4       0x16 Middlewares\Third_Party\LwIP\src\core\ipv4\dhcp.o
 .text.dhcp_check
                0x08005eda       0x2a Middlewares\Third_Party\LwIP\src\core\ipv4\dhcp.o
 .text.dhcp_bind
                0x08005f04       0xda Middlewares\Third_Party\LwIP\src\core\ipv4\dhcp.o
 *fill*         0x08005fde        0x2 
 .text.dhcp_inc_pcb_refcount
                0x08005fe0       0x58 Middlewares\Third_Party\LwIP\src\core\ipv4\dhcp.o
 .text.unlikely.dhcp_handle_ack.isra.0
                0x08006038       0x6c Middlewares\Third_Party\LwIP\src\core\ipv4\dhcp.o
 .text.dhcp_dec_pcb_refcount
                0x080060a4       0x24 Middlewares\Third_Party\LwIP\src\core\ipv4\dhcp.o
 .text.dhcp_discover
                0x080060c8       0xd8 Middlewares\Third_Party\LwIP\src\core\ipv4\dhcp.o
 .text.dhcp_reboot
                0x080061a0       0xf0 Middlewares\Third_Party\LwIP\src\core\ipv4\dhcp.o
 .text.dhcp_select
                0x08006290      0x104 Middlewares\Third_Party\LwIP\src\core\ipv4\dhcp.o
 .text.dhcp_recv
                0x08006394      0x38c Middlewares\Third_Party\LwIP\src\core\ipv4\dhcp.o
 .text.dhcp_arp_reply
                0x08006720       0x94 Middlewares\Third_Party\LwIP\src\core\ipv4\dhcp.o
                0x08006720                dhcp_arp_reply
 .text.dhcp_renew
                0x080067b4       0xd4 Middlewares\Third_Party\LwIP\src\core\ipv4\dhcp.o
                0x080067b4                dhcp_renew
 .text.dhcp_stop
                0x08006888       0x1e Middlewares\Third_Party\LwIP\src\core\ipv4\dhcp.o
                0x08006888                dhcp_stop
 .text.dhcp_start
                0x080068a6       0x66 Middlewares\Third_Party\LwIP\src\core\ipv4\dhcp.o
                0x080068a6                dhcp_start
 .text.dhcp_supplied_address
                0x0800690c       0x18 Middlewares\Third_Party\LwIP\src\core\ipv4\dhcp.o
                0x0800690c                dhcp_supplied_address
 .text.dhcp_release
                0x08006924       0xac Middlewares\Third_Party\LwIP\src\core\ipv4\dhcp.o
                0x08006924                dhcp_release
 .text.dhcp_coarse_tmr
                0x080069d0      0x174 Middlewares\Third_Party\LwIP\src\core\ipv4\dhcp.o
                0x080069d0                dhcp_coarse_tmr
 .text.dhcp_fine_tmr
                0x08006b44       0x7c Middlewares\Third_Party\LwIP\src\core\ipv4\dhcp.o
                0x08006b44                dhcp_fine_tmr
 .text.etharp_free_entry
                0x08006bc0       0x28 Middlewares\Third_Party\LwIP\src\core\ipv4\etharp.o
 .text.etharp_find_entry.isra.0
                0x08006be8       0xcc Middlewares\Third_Party\LwIP\src\core\ipv4\etharp.o
 .text.etharp_raw.constprop.1
                0x08006cb4       0x88 Middlewares\Third_Party\LwIP\src\core\ipv4\etharp.o
 .text.etharp_cleanup_netif
                0x08006d3c       0x28 Middlewares\Third_Party\LwIP\src\core\ipv4\etharp.o
                0x08006d3c                etharp_cleanup_netif
 .text.etharp_input
                0x08006d64      0x134 Middlewares\Third_Party\LwIP\src\core\ipv4\etharp.o
                0x08006d64                etharp_input
 .text.etharp_request
                0x08006e98       0x20 Middlewares\Third_Party\LwIP\src\core\ipv4\etharp.o
                0x08006e98                etharp_request
 .text.etharp_tmr
                0x08006eb8       0x54 Middlewares\Third_Party\LwIP\src\core\ipv4\etharp.o
                0x08006eb8                etharp_tmr
 .text.etharp_output_to_arp_index
                0x08006f0c       0x7c Middlewares\Third_Party\LwIP\src\core\ipv4\etharp.o
 .text.etharp_query
                0x08006f88       0xf8 Middlewares\Third_Party\LwIP\src\core\ipv4\etharp.o
                0x08006f88                etharp_query
 .text.etharp_output
                0x08007080       0xe4 Middlewares\Third_Party\LwIP\src\core\ipv4\etharp.o
                0x08007080                etharp_output
 .text.icmp_send_response.isra.0
                0x08007164       0x72 Middlewares\Third_Party\LwIP\src\core\ipv4\icmp.o
 *fill*         0x080071d6        0x2 
 .text.icmp_input
                0x080071d8      0x108 Middlewares\Third_Party\LwIP\src\core\ipv4\icmp.o
                0x080071d8                icmp_input
 .text.icmp_dest_unreach
                0x080072e0        0xa Middlewares\Third_Party\LwIP\src\core\ipv4\icmp.o
                0x080072e0                icmp_dest_unreach
 .text.icmp_time_exceeded
                0x080072ea        0xa Middlewares\Third_Party\LwIP\src\core\ipv4\icmp.o
                0x080072ea                icmp_time_exceeded
 .text.ip4_route
                0x080072f4       0x58 Middlewares\Third_Party\LwIP\src\core\ipv4\ip4.o
                0x080072f4                ip4_route
 .text.ip4_input
                0x0800734c      0x198 Middlewares\Third_Party\LwIP\src\core\ipv4\ip4.o
                0x0800734c                ip4_input
 .text.ip4_output_if_src
                0x080074e4       0xb8 Middlewares\Third_Party\LwIP\src\core\ipv4\ip4.o
                0x080074e4                ip4_output_if_src
 .text.ip4_output_if
                0x0800759c       0x22 Middlewares\Third_Party\LwIP\src\core\ipv4\ip4.o
                0x0800759c                ip4_output_if
 .text.ip4_addr_isbroadcast_u32
                0x080075be       0x32 Middlewares\Third_Party\LwIP\src\core\ipv4\ip4_addr.o
                0x080075be                ip4_addr_isbroadcast_u32
 .text.ipfrag_free_pbuf_custom
                0x080075f0       0x18 Middlewares\Third_Party\LwIP\src\core\ipv4\ip4_frag.o
 .text.ip_reass_free_complete_datagram
                0x08007608       0x8c Middlewares\Third_Party\LwIP\src\core\ipv4\ip4_frag.o
 .text.ip_reass_remove_oldest_datagram
                0x08007694       0x78 Middlewares\Third_Party\LwIP\src\core\ipv4\ip4_frag.o
 .text.ip_reass_tmr
                0x0800770c       0x28 Middlewares\Third_Party\LwIP\src\core\ipv4\ip4_frag.o
                0x0800770c                ip_reass_tmr
 .text.ip4_reass
                0x08007734      0x2c8 Middlewares\Third_Party\LwIP\src\core\ipv4\ip4_frag.o
                0x08007734                ip4_reass
 .text.ip4_frag
                0x080079fc      0x174 Middlewares\Third_Party\LwIP\src\core\ipv4\ip4_frag.o
                0x080079fc                ip4_frag
 .text.mem_init
                0x08007b70       0x48 Middlewares\Third_Party\LwIP\src\core\mem.o
                0x08007b70                mem_init
 .text.mem_free
                0x08007bb8       0xb0 Middlewares\Third_Party\LwIP\src\core\mem.o
                0x08007bb8                mem_free
 .text.mem_trim
                0x08007c68       0xd8 Middlewares\Third_Party\LwIP\src\core\mem.o
                0x08007c68                mem_trim
 .text.mem_malloc
                0x08007d40       0xd0 Middlewares\Third_Party\LwIP\src\core\mem.o
                0x08007d40                mem_malloc
 .text.do_memp_malloc_pool.isra.0
                0x08007e10       0x1a Middlewares\Third_Party\LwIP\src\core\memp.o
 .text.memp_init_pool
                0x08007e2a       0x26 Middlewares\Third_Party\LwIP\src\core\memp.o
                0x08007e2a                memp_init_pool
 .text.memp_init
                0x08007e50       0x1c Middlewares\Third_Party\LwIP\src\core\memp.o
                0x08007e50                memp_init
 .text.memp_malloc
                0x08007e6c       0x18 Middlewares\Third_Party\LwIP\src\core\memp.o
                0x08007e6c                memp_malloc
 .text.memp_free
                0x08007e84       0x2c Middlewares\Third_Party\LwIP\src\core\memp.o
                0x08007e84                memp_free
 .text.netif_issue_reports.part.0
                0x08007eb0       0x12 Middlewares\Third_Party\LwIP\src\core\netif.o
 .text.netif_init
                0x08007ec2        0x2 Middlewares\Third_Party\LwIP\src\core\netif.o
                0x08007ec2                netif_init
 .text.netif_set_ipaddr
                0x08007ec4       0x44 Middlewares\Third_Party\LwIP\src\core\netif.o
                0x08007ec4                netif_set_ipaddr
 .text.netif_set_addr
                0x08007f08       0x38 Middlewares\Third_Party\LwIP\src\core\netif.o
                0x08007f08                netif_set_addr
 .text.netif_add
                0x08007f40       0x54 Middlewares\Third_Party\LwIP\src\core\netif.o
                0x08007f40                netif_add
 .text.netif_set_default
                0x08007f94        0xc Middlewares\Third_Party\LwIP\src\core\netif.o
                0x08007f94                netif_set_default
 .text.netif_set_up
                0x08007fa0       0x1e Middlewares\Third_Party\LwIP\src\core\netif.o
                0x08007fa0                netif_set_up
 .text.netif_set_down
                0x08007fbe       0x1a Middlewares\Third_Party\LwIP\src\core\netif.o
                0x08007fbe                netif_set_down
 .text.pbuf_free_ooseq_callback
                0x08007fd8       0x34 Middlewares\Third_Party\LwIP\src\core\pbuf.o
 .text.pbuf_header_impl.part.0
                0x0800800c       0x5a Middlewares\Third_Party\LwIP\src\core\pbuf.o
 *fill*         0x08008066        0x2 
 .text.pbuf_pool_is_empty
                0x08008068       0x3c Middlewares\Third_Party\LwIP\src\core\pbuf.o
 .text.pbuf_alloced_custom
                0x080080a4       0x56 Middlewares\Third_Party\LwIP\src\core\pbuf.o
                0x080080a4                pbuf_alloced_custom
 .text.pbuf_header
                0x080080fa        0xe Middlewares\Third_Party\LwIP\src\core\pbuf.o
                0x080080fa                pbuf_header
 .text.pbuf_header_force
                0x08008108        0xe Middlewares\Third_Party\LwIP\src\core\pbuf.o
                0x08008108                pbuf_header_force
 .text.pbuf_free
                0x08008116       0x60 Middlewares\Third_Party\LwIP\src\core\pbuf.o
                0x08008116                pbuf_free
 .text.pbuf_alloc
                0x08008176      0x110 Middlewares\Third_Party\LwIP\src\core\pbuf.o
                0x08008176                pbuf_alloc
 .text.pbuf_realloc
                0x08008286       0x52 Middlewares\Third_Party\LwIP\src\core\pbuf.o
                0x08008286                pbuf_realloc
 .text.pbuf_clen
                0x080082d8       0x10 Middlewares\Third_Party\LwIP\src\core\pbuf.o
                0x080082d8                pbuf_clen
 .text.pbuf_ref
                0x080082e8       0x1a Middlewares\Third_Party\LwIP\src\core\pbuf.o
                0x080082e8                pbuf_ref
 .text.pbuf_cat
                0x08008302       0x1c Middlewares\Third_Party\LwIP\src\core\pbuf.o
                0x08008302                pbuf_cat
 .text.pbuf_chain
                0x0800831e       0x10 Middlewares\Third_Party\LwIP\src\core\pbuf.o
                0x0800831e                pbuf_chain
 .text.pbuf_copy
                0x0800832e       0x9c Middlewares\Third_Party\LwIP\src\core\pbuf.o
                0x0800832e                pbuf_copy
 .text.pbuf_copy_partial
                0x080083ca       0x5e Middlewares\Third_Party\LwIP\src\core\pbuf.o
                0x080083ca                pbuf_copy_partial
 .text.tcp_init
                0x08008428        0x2 Middlewares\Third_Party\LwIP\src\core\tcp.o
                0x08008428                tcp_init
 .text.tcp_update_rcv_ann_wnd
                0x0800842a       0x34 Middlewares\Third_Party\LwIP\src\core\tcp.o
                0x0800842a                tcp_update_rcv_ann_wnd
 .text.tcp_recved
                0x0800845e       0x48 Middlewares\Third_Party\LwIP\src\core\tcp.o
                0x0800845e                tcp_recved
 .text.tcp_seg_free
                0x080084a6       0x1c Middlewares\Third_Party\LwIP\src\core\tcp.o
                0x080084a6                tcp_seg_free
 .text.tcp_segs_free
                0x080084c2       0x10 Middlewares\Third_Party\LwIP\src\core\tcp.o
                0x080084c2                tcp_segs_free
 .text.tcp_seg_copy
                0x080084d2       0x2c Middlewares\Third_Party\LwIP\src\core\tcp.o
                0x080084d2                tcp_seg_copy
 .text.tcp_pcb_purge
                0x080084fe       0x40 Middlewares\Third_Party\LwIP\src\core\tcp.o
                0x080084fe                tcp_pcb_purge
 *fill*         0x0800853e        0x2 
 .text.tcp_slowtmr
                0x08008540      0x2f4 Middlewares\Third_Party\LwIP\src\core\tcp.o
                0x08008540                tcp_slowtmr
 .text.tcp_pcb_remove
                0x08008834       0x4e Middlewares\Third_Party\LwIP\src\core\tcp.o
                0x08008834                tcp_pcb_remove
 *fill*         0x08008882        0x2 
 .text.tcp_close_shutdown
                0x08008884      0x164 Middlewares\Third_Party\LwIP\src\core\tcp.o
 .text.tcp_close
                0x080089e8       0x14 Middlewares\Third_Party\LwIP\src\core\tcp.o
                0x080089e8                tcp_close
 .text.tcp_recv_null
                0x080089fc       0x24 Middlewares\Third_Party\LwIP\src\core\tcp.o
                0x080089fc                tcp_recv_null
 .text.tcp_process_refused_data
                0x08008a20       0x66 Middlewares\Third_Party\LwIP\src\core\tcp.o
                0x08008a20                tcp_process_refused_data
 *fill*         0x08008a86        0x2 
 .text.tcp_fasttmr
                0x08008a88       0x70 Middlewares\Third_Party\LwIP\src\core\tcp.o
                0x08008a88                tcp_fasttmr
 .text.tcp_tmr  0x08008af8       0x24 Middlewares\Third_Party\LwIP\src\core\tcp.o
                0x08008af8                tcp_tmr
 .text.tcp_abandon
                0x08008b1c       0xcc Middlewares\Third_Party\LwIP\src\core\tcp.o
                0x08008b1c                tcp_abandon
 .text.tcp_abort
                0x08008be8        0x6 Middlewares\Third_Party\LwIP\src\core\tcp.o
                0x08008be8                tcp_abort
 .text.tcp_netif_ip_addr_changed_pcblist
                0x08008bee       0x1c Middlewares\Third_Party\LwIP\src\core\tcp.o
 *fill*         0x08008c0a        0x2 
 .text.tcp_kill_state
                0x08008c0c       0x3c Middlewares\Third_Party\LwIP\src\core\tcp.o
 .text.tcp_next_iss
                0x08008c48       0x18 Middlewares\Third_Party\LwIP\src\core\tcp.o
                0x08008c48                tcp_next_iss
 .text.tcp_alloc
                0x08008c60      0x118 Middlewares\Third_Party\LwIP\src\core\tcp.o
                0x08008c60                tcp_alloc
 .text.tcp_eff_send_mss_impl
                0x08008d78       0x1e Middlewares\Third_Party\LwIP\src\core\tcp.o
                0x08008d78                tcp_eff_send_mss_impl
 *fill*         0x08008d96        0x2 
 .text.tcp_netif_ip_addr_changed
                0x08008d98       0x4c Middlewares\Third_Party\LwIP\src\core\tcp.o
                0x08008d98                tcp_netif_ip_addr_changed
 .text.tcp_oos_insert_segment
                0x08008de4       0x7c Middlewares\Third_Party\LwIP\src\core\tcp_in.o
 .text.tcp_receive
                0x08008e60      0x7b4 Middlewares\Third_Party\LwIP\src\core\tcp_in.o
 .text.tcp_getoptbyte
                0x08009614       0x40 Middlewares\Third_Party\LwIP\src\core\tcp_in.o
 .text.tcp_parseopt.isra.1.part.2
                0x08009654       0x70 Middlewares\Third_Party\LwIP\src\core\tcp_in.o
 .text.tcp_input
                0x080096c4      0x88c Middlewares\Third_Party\LwIP\src\core\tcp_in.o
                0x080096c4                tcp_input
 .text.tcp_trigger_input_pcb_close
                0x08009f50       0x10 Middlewares\Third_Party\LwIP\src\core\tcp_in.o
                0x08009f50                tcp_trigger_input_pcb_close
 .text.tcp_create_segment
                0x08009f60       0xac Middlewares\Third_Party\LwIP\src\core\tcp_out.o
 .text.tcp_output_alloc_header.constprop.0
                0x0800a00c       0x5a Middlewares\Third_Party\LwIP\src\core\tcp_out.o
 .text.tcp_enqueue_flags
                0x0800a066       0x94 Middlewares\Third_Party\LwIP\src\core\tcp_out.o
                0x0800a066                tcp_enqueue_flags
 .text.tcp_send_fin
                0x0800a0fa       0x44 Middlewares\Third_Party\LwIP\src\core\tcp_out.o
                0x0800a0fa                tcp_send_fin
 .text.tcp_send_empty_ack
                0x0800a13e       0x6a Middlewares\Third_Party\LwIP\src\core\tcp_out.o
                0x0800a13e                tcp_send_empty_ack
 .text.tcp_output
                0x0800a1a8      0x284 Middlewares\Third_Party\LwIP\src\core\tcp_out.o
                0x0800a1a8                tcp_output
 .text.tcp_rst  0x0800a42c       0x90 Middlewares\Third_Party\LwIP\src\core\tcp_out.o
                0x0800a42c                tcp_rst
 .text.tcp_rexmit_rto
                0x0800a4bc       0x32 Middlewares\Third_Party\LwIP\src\core\tcp_out.o
                0x0800a4bc                tcp_rexmit_rto
 .text.tcp_rexmit
                0x0800a4ee       0x4e Middlewares\Third_Party\LwIP\src\core\tcp_out.o
                0x0800a4ee                tcp_rexmit
 .text.tcp_rexmit_fast
                0x0800a53c       0x56 Middlewares\Third_Party\LwIP\src\core\tcp_out.o
                0x0800a53c                tcp_rexmit_fast
 .text.tcp_keepalive
                0x0800a592       0x54 Middlewares\Third_Party\LwIP\src\core\tcp_out.o
                0x0800a592                tcp_keepalive
 .text.tcp_zero_window_probe
                0x0800a5e6       0xbe Middlewares\Third_Party\LwIP\src\core\tcp_out.o
                0x0800a5e6                tcp_zero_window_probe
 .text.sys_timeout
                0x0800a6a4       0x84 Middlewares\Third_Party\LwIP\src\core\timeouts.o
                0x0800a6a4                sys_timeout
 .text.tcp_timer_needed
                0x0800a728       0x34 Middlewares\Third_Party\LwIP\src\core\timeouts.o
                0x0800a728                tcp_timer_needed
 .text.tcpip_tcp_timer
                0x0800a75c       0x38 Middlewares\Third_Party\LwIP\src\core\timeouts.o
 .text.sys_timeouts_init
                0x0800a794       0x54 Middlewares\Third_Party\LwIP\src\core\timeouts.o
                0x0800a794                sys_timeouts_init
 .text.cyclic_timer
                0x0800a7e8       0x1c Middlewares\Third_Party\LwIP\src\core\timeouts.o
 .text.sys_timeouts_mbox_fetch
                0x0800a804       0xa4 Middlewares\Third_Party\LwIP\src\core\timeouts.o
                0x0800a804                sys_timeouts_mbox_fetch
 .text.udp_init
                0x0800a8a8        0x2 Middlewares\Third_Party\LwIP\src\core\udp.o
                0x0800a8a8                udp_init
 *fill*         0x0800a8aa        0x2 
 .text.udp_input
                0x0800a8ac      0x118 Middlewares\Third_Party\LwIP\src\core\udp.o
                0x0800a8ac                udp_input
 .text.udp_bind
                0x0800a9c4       0xa8 Middlewares\Third_Party\LwIP\src\core\udp.o
                0x0800a9c4                udp_bind
 .text.udp_sendto_if_src
                0x0800aa6c       0xa8 Middlewares\Third_Party\LwIP\src\core\udp.o
                0x0800aa6c                udp_sendto_if_src
 .text.udp_sendto_if
                0x0800ab14       0x32 Middlewares\Third_Party\LwIP\src\core\udp.o
                0x0800ab14                udp_sendto_if
 *fill*         0x0800ab46        0x2 
 .text.udp_connect
                0x0800ab48       0x50 Middlewares\Third_Party\LwIP\src\core\udp.o
                0x0800ab48                udp_connect
 .text.udp_recv
                0x0800ab98        0x6 Middlewares\Third_Party\LwIP\src\core\udp.o
                0x0800ab98                udp_recv
 *fill*         0x0800ab9e        0x2 
 .text.udp_remove
                0x0800aba0       0x30 Middlewares\Third_Party\LwIP\src\core\udp.o
                0x0800aba0                udp_remove
 .text.udp_new  0x0800abd0       0x1c Middlewares\Third_Party\LwIP\src\core\udp.o
                0x0800abd0                udp_new
 .text.udp_netif_ip_addr_changed
                0x0800abec       0x2c Middlewares\Third_Party\LwIP\src\core\udp.o
                0x0800abec                udp_netif_ip_addr_changed
 .text.ethernet_input
                0x0800ac18       0x98 Middlewares\Third_Party\LwIP\src\netif\ethernet.o
                0x0800ac18                ethernet_input
 .text.ethernet_output
                0x0800acb0       0x4c Middlewares\Third_Party\LwIP\src\netif\ethernet.o
                0x0800acb0                ethernet_output
 .text.sys_mbox_new
                0x0800acfc       0x20 Middlewares\Third_Party\LwIP\system\OS\sys_arch.o
                0x0800acfc                sys_mbox_new
 .text.sys_mbox_post
                0x0800ad1c       0x18 Middlewares\Third_Party\LwIP\system\OS\sys_arch.o
                0x0800ad1c                sys_mbox_post
 .text.sys_mbox_trypost
                0x0800ad34       0x14 Middlewares\Third_Party\LwIP\system\OS\sys_arch.o
                0x0800ad34                sys_mbox_trypost
 .text.sys_arch_mbox_fetch
                0x0800ad48       0x44 Middlewares\Third_Party\LwIP\system\OS\sys_arch.o
                0x0800ad48                sys_arch_mbox_fetch
 .text.sys_mbox_valid
                0x0800ad8c        0xa Middlewares\Third_Party\LwIP\system\OS\sys_arch.o
                0x0800ad8c                sys_mbox_valid
 *fill*         0x0800ad96        0x2 
 .text.sys_init
                0x0800ad98       0x18 Middlewares\Third_Party\LwIP\system\OS\sys_arch.o
                0x0800ad98                sys_init
 .text.sys_mutex_new
                0x0800adb0       0x1e Middlewares\Third_Party\LwIP\system\OS\sys_arch.o
                0x0800adb0                sys_mutex_new
 .text.sys_mutex_lock
                0x0800adce        0xa Middlewares\Third_Party\LwIP\system\OS\sys_arch.o
                0x0800adce                sys_mutex_lock
 .text.sys_mutex_unlock
                0x0800add8        0x6 Middlewares\Third_Party\LwIP\system\OS\sys_arch.o
                0x0800add8                sys_mutex_unlock
 .text.sys_thread_new
                0x0800adde       0x20 Middlewares\Third_Party\LwIP\system\OS\sys_arch.o
                0x0800adde                sys_thread_new
 *fill*         0x0800adfe        0x2 
 .text.sys_arch_protect
                0x0800ae00       0x18 Middlewares\Third_Party\LwIP\system\OS\sys_arch.o
                0x0800ae00                sys_arch_protect
 .text.sys_arch_unprotect
                0x0800ae18        0xc Middlewares\Third_Party\LwIP\system\OS\sys_arch.o
                0x0800ae18                sys_arch_unprotect
 .text.low_level_output
                0x0800ae24       0xa0 Src\ethernetif.o
 .text.ethernetif_input
                0x0800aec4       0xec Src\ethernetif.o
                0x0800aec4                ethernetif_input
 .text.HAL_ETH_MspInit
                0x0800afb0       0xcc Src\ethernetif.o
                0x0800afb0                HAL_ETH_MspInit
 .text.HAL_ETH_RxCpltCallback
                0x0800b07c        0xc Src\ethernetif.o
                0x0800b07c                HAL_ETH_RxCpltCallback
 .text.ethernetif_init
                0x0800b088      0x13c Src\ethernetif.o
                0x0800b088                ethernetif_init
 .text.sys_now  0x0800b1c4        0x4 Src\ethernetif.o
                0x0800b1c4                sys_now
 .text.MX_FATFS_Init
                0x0800b1c8       0x1c Src\fatfs.o
                0x0800b1c8                MX_FATFS_Init
 .text.MX_LWIP_Init
                0x0800b1e4       0x6c Src\lwip.o
                0x0800b1e4                MX_LWIP_Init
 .text.StartDefaultTask
                0x0800b250       0x34 Src\main.o
                0x0800b250                StartDefaultTask
 .text.SystemClock_Config
                0x0800b284       0xc8 Src\main.o
                0x0800b284                SystemClock_Config
 .text.startup.main
                0x0800b34c      0x16c Src\main.o
                0x0800b34c                main
 .text.HAL_TIM_PeriodElapsedCallback
                0x0800b4b8       0x14 Src\main.o
                0x0800b4b8                HAL_TIM_PeriodElapsedCallback
 .text._Error_Handler
                0x0800b4cc        0x2 Src\main.o
                0x0800b4cc                _Error_Handler
 .text.HAL_MspInit
                0x0800b4ce       0x60 Src\stm32f7xx_hal_msp.o
                0x0800b4ce                HAL_MspInit
 *fill*         0x0800b52e        0x2 
 .text.HAL_UART_MspInit
                0x0800b530       0x64 Src\stm32f7xx_hal_msp.o
                0x0800b530                HAL_UART_MspInit
 .text.HAL_InitTick
                0x0800b594       0x78 Src\stm32f7xx_hal_timebase_TIM.o
                0x0800b594                HAL_InitTick
 .text.SysTick_Handler
                0x0800b60c        0x4 Src\stm32f7xx_it.o
                0x0800b60c                SysTick_Handler
 .text.TIM6_DAC_IRQHandler
                0x0800b610        0xc Src\stm32f7xx_it.o
                0x0800b610                TIM6_DAC_IRQHandler
 .text.ETH_IRQHandler
                0x0800b61c        0xc Src\stm32f7xx_it.o
                0x0800b61c                ETH_IRQHandler
 .text.OTG_FS_IRQHandler
                0x0800b628        0xc Src\stm32f7xx_it.o
                0x0800b628                OTG_FS_IRQHandler
 .text._sbrk    0x0800b634       0x40 Src\syscalls.o
                0x0800b634                _sbrk
 .text._write   0x0800b674       0x1c Src\syscalls.o
                0x0800b674                _write
 .text._close   0x0800b690        0x6 Src\syscalls.o
                0x0800b690                _close
 .text._fstat   0x0800b696        0xa Src\syscalls.o
                0x0800b696                _fstat
 .text._isatty  0x0800b6a0        0x4 Src\syscalls.o
                0x0800b6a0                _isatty
 .text._lseek   0x0800b6a4        0x4 Src\syscalls.o
                0x0800b6a4                _lseek
 .text._read    0x0800b6a8       0x1c Src\syscalls.o
                0x0800b6a8                _read
 .text.SystemInit
                0x0800b6c4       0x4c Src\system_stm32f7xx.o
                0x0800b6c4                SystemInit
 .text.USBH_UserProcess
                0x0800b710       0x24 Src\usb_host.o
 .text.MX_USB_HOST_Init
                0x0800b734       0x2c Src\usb_host.o
                0x0800b734                MX_USB_HOST_Init
 .text.HAL_HCD_MspInit
                0x0800b760       0x80 Src\usbh_conf.o
                0x0800b760                HAL_HCD_MspInit
 .text.HAL_HCD_SOF_Callback
                0x0800b7e0        0x8 Src\usbh_conf.o
                0x0800b7e0                HAL_HCD_SOF_Callback
 .text.HAL_HCD_Connect_Callback
                0x0800b7e8        0x8 Src\usbh_conf.o
                0x0800b7e8                HAL_HCD_Connect_Callback
 .text.HAL_HCD_Disconnect_Callback
                0x0800b7f0        0x8 Src\usbh_conf.o
                0x0800b7f0                HAL_HCD_Disconnect_Callback
 .text.HAL_HCD_HC_NotifyURBChange_Callback
                0x0800b7f8        0x8 Src\usbh_conf.o
                0x0800b7f8                HAL_HCD_HC_NotifyURBChange_Callback
 .text.USBH_LL_Init
                0x0800b800       0x58 Src\usbh_conf.o
                0x0800b800                USBH_LL_Init
 .text.USBH_LL_Start
                0x0800b858       0x1c Src\usbh_conf.o
                0x0800b858                USBH_LL_Start
 .text.USBH_LL_Stop
                0x0800b874       0x1c Src\usbh_conf.o
                0x0800b874                USBH_LL_Stop
 .text.USBH_LL_GetSpeed
                0x0800b890       0x1c Src\usbh_conf.o
                0x0800b890                USBH_LL_GetSpeed
 .text.USBH_LL_ResetPort
                0x0800b8ac       0x1c Src\usbh_conf.o
                0x0800b8ac                USBH_LL_ResetPort
 .text.USBH_LL_GetLastXferSize
                0x0800b8c8        0x8 Src\usbh_conf.o
                0x0800b8c8                USBH_LL_GetLastXferSize
 .text.USBH_LL_OpenPipe
                0x0800b8d0       0x30 Src\usbh_conf.o
                0x0800b8d0                USBH_LL_OpenPipe
 .text.USBH_LL_ClosePipe
                0x0800b900       0x1c Src\usbh_conf.o
                0x0800b900                USBH_LL_ClosePipe
 .text.USBH_LL_SubmitURB
                0x0800b91c       0x34 Src\usbh_conf.o
                0x0800b91c                USBH_LL_SubmitURB
 .text.USBH_LL_GetURBState
                0x0800b950        0x8 Src\usbh_conf.o
                0x0800b950                USBH_LL_GetURBState
 .text.USBH_LL_DriverVBUS
                0x0800b958        0xc Src\usbh_conf.o
                0x0800b958                USBH_LL_DriverVBUS
 .text.USBH_LL_SetToggle
                0x0800b964       0x1e Src\usbh_conf.o
                0x0800b964                USBH_LL_SetToggle
 .text.USBH_LL_GetToggle
                0x0800b982       0x1c Src\usbh_conf.o
                0x0800b982                USBH_LL_GetToggle
 .text.USBH_Delay
                0x0800b99e        0x4 Src\usbh_conf.o
                0x0800b99e                USBH_Delay
 .text.USBH_initialize
                0x0800b9a2        0x4 Src\usbh_diskio.o
                0x0800b9a2                USBH_initialize
 *fill*         0x0800b9a6        0x2 
 .text.USBH_status
                0x0800b9a8       0x18 Src\usbh_diskio.o
                0x0800b9a8                USBH_status
 .text.USBH_read
                0x0800b9c0       0x3c Src\usbh_diskio.o
                0x0800b9c0                USBH_read
 .text.USBH_ioctl
                0x0800b9fc       0x4c Src\usbh_diskio.o
                0x0800b9fc                USBH_ioctl
 .text.USBH_write
                0x0800ba48       0x48 Src\usbh_diskio.o
                0x0800ba48                USBH_write
 .text.Reset_Handler
                0x0800ba90       0x50 startup\startup_stm32f746xx.o
                0x0800ba90                Reset_Handler
 .text.Default_Handler
                0x0800bae0        0x2 startup\startup_stm32f746xx.o
                0x0800bae0                RTC_Alarm_IRQHandler
                0x0800bae0                EXTI2_IRQHandler
                0x0800bae0                TIM8_CC_IRQHandler
                0x0800bae0                DebugMon_Handler
                0x0800bae0                UART8_IRQHandler
                0x0800bae0                SPI4_IRQHandler
                0x0800bae0                TIM1_CC_IRQHandler
                0x0800bae0                DMA2_Stream5_IRQHandler
                0x0800bae0                HardFault_Handler
                0x0800bae0                DMA1_Stream5_IRQHandler
                0x0800bae0                PVD_IRQHandler
                0x0800bae0                TAMP_STAMP_IRQHandler
                0x0800bae0                NMI_Handler
                0x0800bae0                CAN2_RX1_IRQHandler
                0x0800bae0                EXTI3_IRQHandler
                0x0800bae0                TIM8_TRG_COM_TIM14_IRQHandler
                0x0800bae0                TIM1_UP_TIM10_IRQHandler
                0x0800bae0                TIM8_UP_TIM13_IRQHandler
                0x0800bae0                I2C3_ER_IRQHandler
                0x0800bae0                EXTI0_IRQHandler
                0x0800bae0                I2C2_EV_IRQHandler
                0x0800bae0                DMA1_Stream2_IRQHandler
                0x0800bae0                CAN1_RX0_IRQHandler
                0x0800bae0                FPU_IRQHandler
                0x0800bae0                OTG_HS_WKUP_IRQHandler
                0x0800bae0                UsageFault_Handler
                0x0800bae0                LTDC_ER_IRQHandler
                0x0800bae0                CAN2_SCE_IRQHandler
                0x0800bae0                DMA2_Stream2_IRQHandler
                0x0800bae0                SPI1_IRQHandler
                0x0800bae0                TIM1_BRK_TIM9_IRQHandler
                0x0800bae0                DCMI_IRQHandler
                0x0800bae0                CAN2_RX0_IRQHandler
                0x0800bae0                DMA2_Stream3_IRQHandler
                0x0800bae0                SAI2_IRQHandler
                0x0800bae0                USART6_IRQHandler
                0x0800bae0                USART3_IRQHandler
                0x0800bae0                CAN1_RX1_IRQHandler
                0x0800bae0                UART5_IRQHandler
                0x0800bae0                DMA2_Stream0_IRQHandler
                0x0800bae0                TIM4_IRQHandler
                0x0800bae0                QUADSPI_IRQHandler
                0x0800bae0                I2C1_EV_IRQHandler
                0x0800bae0                DMA1_Stream6_IRQHandler
                0x0800bae0                DMA1_Stream1_IRQHandler
                0x0800bae0                UART4_IRQHandler
                0x0800bae0                TIM3_IRQHandler
                0x0800bae0                RCC_IRQHandler
                0x0800bae0                TIM8_BRK_TIM12_IRQHandler
                0x0800bae0                Default_Handler
                0x0800bae0                CEC_IRQHandler
                0x0800bae0                EXTI15_10_IRQHandler
                0x0800bae0                ADC_IRQHandler
                0x0800bae0                DMA1_Stream7_IRQHandler
                0x0800bae0                SPI5_IRQHandler
                0x0800bae0                TIM7_IRQHandler
                0x0800bae0                SDMMC1_IRQHandler
                0x0800bae0                CAN2_TX_IRQHandler
                0x0800bae0                TIM5_IRQHandler
                0x0800bae0                DMA2_Stream7_IRQHandler
                0x0800bae0                I2C3_EV_IRQHandler
                0x0800bae0                EXTI9_5_IRQHandler
                0x0800bae0                RTC_WKUP_IRQHandler
                0x0800bae0                LTDC_IRQHandler
                0x0800bae0                ETH_WKUP_IRQHandler
                0x0800bae0                SPDIF_RX_IRQHandler
                0x0800bae0                SPI2_IRQHandler
                0x0800bae0                OTG_HS_EP1_IN_IRQHandler
                0x0800bae0                MemManage_Handler
                0x0800bae0                DMA1_Stream0_IRQHandler
                0x0800bae0                CAN1_TX_IRQHandler
                0x0800bae0                EXTI4_IRQHandler
                0x0800bae0                RNG_IRQHandler
                0x0800bae0                OTG_HS_EP1_OUT_IRQHandler
                0x0800bae0                WWDG_IRQHandler
                0x0800bae0                SPI6_IRQHandler
                0x0800bae0                I2C4_EV_IRQHandler
                0x0800bae0                TIM2_IRQHandler
                0x0800bae0                OTG_FS_WKUP_IRQHandler
                0x0800bae0                TIM1_TRG_COM_TIM11_IRQHandler
                0x0800bae0                OTG_HS_IRQHandler
                0x0800bae0                DMA2D_IRQHandler
                0x0800bae0                EXTI1_IRQHandler
                0x0800bae0                UART7_IRQHandler
                0x0800bae0                USART2_IRQHandler
                0x0800bae0                I2C2_ER_IRQHandler
                0x0800bae0                DMA2_Stream1_IRQHandler
                0x0800bae0                CAN1_SCE_IRQHandler
                0x0800bae0                FLASH_IRQHandler
                0x0800bae0                DMA2_Stream4_IRQHandler
                0x0800bae0                BusFault_Handler
                0x0800bae0                USART1_IRQHandler
                0x0800bae0                SPI3_IRQHandler
                0x0800bae0                DMA1_Stream4_IRQHandler
                0x0800bae0                I2C1_ER_IRQHandler
                0x0800bae0                FMC_IRQHandler
                0x0800bae0                LPTIM1_IRQHandler
                0x0800bae0                I2C4_ER_IRQHandler
                0x0800bae0                DMA2_Stream6_IRQHandler
                0x0800bae0                SAI1_IRQHandler
                0x0800bae0                DMA1_Stream3_IRQHandler
 *fill*         0x0800bae2        0x2 
 .text.__libc_init_array
                0x0800bae4       0x48 c:/program files (x86)/atollic/truestudio for arm 8.1.0/armtools/bin/../lib/gcc/arm-atollic-eabi/6.3.1/../../../../arm-atollic-eabi/lib/armv7e-m/fpu/fpv5-sp-d16\libc_nano.a(lib_a-init.o)
                0x0800bae4                __libc_init_array
 .text.malloc   0x0800bb2c       0x10 c:/program files (x86)/atollic/truestudio for arm 8.1.0/armtools/bin/../lib/gcc/arm-atollic-eabi/6.3.1/../../../../arm-atollic-eabi/lib/armv7e-m/fpu/fpv5-sp-d16\libc_nano.a(lib_a-malloc.o)
                0x0800bb2c                malloc
 .text.free     0x0800bb3c       0x10 c:/program files (x86)/atollic/truestudio for arm 8.1.0/armtools/bin/../lib/gcc/arm-atollic-eabi/6.3.1/../../../../arm-atollic-eabi/lib/armv7e-m/fpu/fpv5-sp-d16\libc_nano.a(lib_a-malloc.o)
                0x0800bb3c                free
 .text.memcmp   0x0800bb4c       0x1e c:/program files (x86)/atollic/truestudio for arm 8.1.0/armtools/bin/../lib/gcc/arm-atollic-eabi/6.3.1/../../../../arm-atollic-eabi/lib/armv7e-m/fpu/fpv5-sp-d16\libc_nano.a(lib_a-memcmp.o)
                0x0800bb4c                memcmp
 .text.memcpy   0x0800bb6a       0x16 c:/program files (x86)/atollic/truestudio for arm 8.1.0/armtools/bin/../lib/gcc/arm-atollic-eabi/6.3.1/../../../../arm-atollic-eabi/lib/armv7e-m/fpu/fpv5-sp-d16\libc_nano.a(lib_a-memcpy-stub.o)
                0x0800bb6a                memcpy
 .text.memset   0x0800bb80       0x10 c:/program files (x86)/atollic/truestudio for arm 8.1.0/armtools/bin/../lib/gcc/arm-atollic-eabi/6.3.1/../../../../arm-atollic-eabi/lib/armv7e-m/fpu/fpv5-sp-d16\libc_nano.a(lib_a-memset.o)
                0x0800bb80                memset
 .text._free_r  0x0800bb90       0x9c c:/program files (x86)/atollic/truestudio for arm 8.1.0/armtools/bin/../lib/gcc/arm-atollic-eabi/6.3.1/../../../../arm-atollic-eabi/lib/armv7e-m/fpu/fpv5-sp-d16\libc_nano.a(lib_a-nano-freer.o)
                0x0800bb90                _free_r
 .text._malloc_r
                0x0800bc2c       0xbc c:/program files (x86)/atollic/truestudio for arm 8.1.0/armtools/bin/../lib/gcc/arm-atollic-eabi/6.3.1/../../../../arm-atollic-eabi/lib/armv7e-m/fpu/fpv5-sp-d16\libc_nano.a(lib_a-nano-mallocr.o)
                0x0800bc2c                _malloc_r
 .text.printf   0x0800bce8       0x30 c:/program files (x86)/atollic/truestudio for arm 8.1.0/armtools/bin/../lib/gcc/arm-atollic-eabi/6.3.1/../../../../arm-atollic-eabi/lib/armv7e-m/fpu/fpv5-sp-d16\libc_nano.a(lib_a-printf.o)
                0x0800bce8                iprintf
                0x0800bce8                printf
 .text.rand     0x0800bd18       0x74 c:/program files (x86)/atollic/truestudio for arm 8.1.0/armtools/bin/../lib/gcc/arm-atollic-eabi/6.3.1/../../../../arm-atollic-eabi/lib/armv7e-m/fpu/fpv5-sp-d16\libc_nano.a(lib_a-rand.o)
                0x0800bd18                rand
 .text._sbrk_r  0x0800bd8c       0x20 c:/program files (x86)/atollic/truestudio for arm 8.1.0/armtools/bin/../lib/gcc/arm-atollic-eabi/6.3.1/../../../../arm-atollic-eabi/lib/armv7e-m/fpu/fpv5-sp-d16\libc_nano.a(lib_a-sbrkr.o)
                0x0800bd8c                _sbrk_r
 .text._cleanup_r
                0x0800bdac        0xc c:/program files (x86)/atollic/truestudio for arm 8.1.0/armtools/bin/../lib/gcc/arm-atollic-eabi/6.3.1/../../../../arm-atollic-eabi/lib/armv7e-m/fpu/fpv5-sp-d16\libc_nano.a(lib_a-findfp.o)
                0x0800bdac                _cleanup_r
 .text.std.isra.0
                0x0800bdb8       0x48 c:/program files (x86)/atollic/truestudio for arm 8.1.0/armtools/bin/../lib/gcc/arm-atollic-eabi/6.3.1/../../../../arm-atollic-eabi/lib/armv7e-m/fpu/fpv5-sp-d16\libc_nano.a(lib_a-findfp.o)
 .text.__sfmoreglue
                0x0800be00       0x2c c:/program files (x86)/atollic/truestudio for arm 8.1.0/armtools/bin/../lib/gcc/arm-atollic-eabi/6.3.1/../../../../arm-atollic-eabi/lib/armv7e-m/fpu/fpv5-sp-d16\libc_nano.a(lib_a-findfp.o)
                0x0800be00                __sfmoreglue
 .text.__sinit  0x0800be2c       0x60 c:/program files (x86)/atollic/truestudio for arm 8.1.0/armtools/bin/../lib/gcc/arm-atollic-eabi/6.3.1/../../../../arm-atollic-eabi/lib/armv7e-m/fpu/fpv5-sp-d16\libc_nano.a(lib_a-findfp.o)
                0x0800be2c                __sinit
 .text.__sfp    0x0800be8c       0x78 c:/program files (x86)/atollic/truestudio for arm 8.1.0/armtools/bin/../lib/gcc/arm-atollic-eabi/6.3.1/../../../../arm-atollic-eabi/lib/armv7e-m/fpu/fpv5-sp-d16\libc_nano.a(lib_a-findfp.o)
                0x0800be8c                __sfp
 .text._fwalk_reent
                0x0800bf04       0x3c c:/program files (x86)/atollic/truestudio for arm 8.1.0/armtools/bin/../lib/gcc/arm-atollic-eabi/6.3.1/../../../../arm-atollic-eabi/lib/armv7e-m/fpu/fpv5-sp-d16\libc_nano.a(lib_a-fwalk.o)
                0x0800bf04                _fwalk_reent
 .text.__malloc_lock
                0x0800bf40        0x2 c:/program files (x86)/atollic/truestudio for arm 8.1.0/armtools/bin/../lib/gcc/arm-atollic-eabi/6.3.1/../../../../arm-atollic-eabi/lib/armv7e-m/fpu/fpv5-sp-d16\libc_nano.a(lib_a-mlock.o)
                0x0800bf40                __malloc_lock
 .text.__malloc_unlock
                0x0800bf42        0x2 c:/program files (x86)/atollic/truestudio for arm 8.1.0/armtools/bin/../lib/gcc/arm-atollic-eabi/6.3.1/../../../../arm-atollic-eabi/lib/armv7e-m/fpu/fpv5-sp-d16\libc_nano.a(lib_a-mlock.o)
                0x0800bf42                __malloc_unlock
 .text.__sfputc_r
                0x0800bf44       0x30 c:/program files (x86)/atollic/truestudio for arm 8.1.0/armtools/bin/../lib/gcc/arm-atollic-eabi/6.3.1/../../../../arm-atollic-eabi/lib/armv7e-m/fpu/fpv5-sp-d16\libc_nano.a(lib_a-nano-vfprintf.o)
 .text.__sfputs_r
                0x0800bf74       0x24 c:/program files (x86)/atollic/truestudio for arm 8.1.0/armtools/bin/../lib/gcc/arm-atollic-eabi/6.3.1/../../../../arm-atollic-eabi/lib/armv7e-m/fpu/fpv5-sp-d16\libc_nano.a(lib_a-nano-vfprintf.o)
                0x0800bf74                __sfputs_r
 .text._vfprintf_r
                0x0800bf98      0x22c c:/program files (x86)/atollic/truestudio for arm 8.1.0/armtools/bin/../lib/gcc/arm-atollic-eabi/6.3.1/../../../../arm-atollic-eabi/lib/armv7e-m/fpu/fpv5-sp-d16\libc_nano.a(lib_a-nano-vfprintf.o)
                0x0800bf98                _vfprintf_r
                0x0800bf98                _vfiprintf_r
 .text._printf_common
                0x0800c1c4       0xec c:/program files (x86)/atollic/truestudio for arm 8.1.0/armtools/bin/../lib/gcc/arm-atollic-eabi/6.3.1/../../../../arm-atollic-eabi/lib/armv7e-m/fpu/fpv5-sp-d16\libc_nano.a(lib_a-nano-vfprintf_i.o)
                0x0800c1c4                _printf_common
 .text._printf_i
                0x0800c2b0      0x240 c:/program files (x86)/atollic/truestudio for arm 8.1.0/armtools/bin/../lib/gcc/arm-atollic-eabi/6.3.1/../../../../arm-atollic-eabi/lib/armv7e-m/fpu/fpv5-sp-d16\libc_nano.a(lib_a-nano-vfprintf_i.o)
                0x0800c2b0                _printf_i
 .text.__sread  0x0800c4f0       0x22 c:/program files (x86)/atollic/truestudio for arm 8.1.0/armtools/bin/../lib/gcc/arm-atollic-eabi/6.3.1/../../../../arm-atollic-eabi/lib/armv7e-m/fpu/fpv5-sp-d16\libc_nano.a(lib_a-stdio.o)
                0x0800c4f0                __sread
 .text.__swrite
                0x0800c512       0x38 c:/program files (x86)/atollic/truestudio for arm 8.1.0/armtools/bin/../lib/gcc/arm-atollic-eabi/6.3.1/../../../../arm-atollic-eabi/lib/armv7e-m/fpu/fpv5-sp-d16\libc_nano.a(lib_a-stdio.o)
                0x0800c512                __swrite
 .text.__sseek  0x0800c54a       0x24 c:/program files (x86)/atollic/truestudio for arm 8.1.0/armtools/bin/../lib/gcc/arm-atollic-eabi/6.3.1/../../../../arm-atollic-eabi/lib/armv7e-m/fpu/fpv5-sp-d16\libc_nano.a(lib_a-stdio.o)
                0x0800c54a                __sseek
 .text.__sclose
                0x0800c56e        0x8 c:/program files (x86)/atollic/truestudio for arm 8.1.0/armtools/bin/../lib/gcc/arm-atollic-eabi/6.3.1/../../../../arm-atollic-eabi/lib/armv7e-m/fpu/fpv5-sp-d16\libc_nano.a(lib_a-stdio.o)
                0x0800c56e                __sclose
 *fill*         0x0800c576        0x2 
 .text.__swbuf_r
                0x0800c578       0xa4 c:/program files (x86)/atollic/truestudio for arm 8.1.0/armtools/bin/../lib/gcc/arm-atollic-eabi/6.3.1/../../../../arm-atollic-eabi/lib/armv7e-m/fpu/fpv5-sp-d16\libc_nano.a(lib_a-wbuf.o)
                0x0800c578                __swbuf_r
 .text._write_r
                0x0800c61c       0x24 c:/program files (x86)/atollic/truestudio for arm 8.1.0/armtools/bin/../lib/gcc/arm-atollic-eabi/6.3.1/../../../../arm-atollic-eabi/lib/armv7e-m/fpu/fpv5-sp-d16\libc_nano.a(lib_a-writer.o)
                0x0800c61c                _write_r
 .text.__swsetup_r
                0x0800c640       0xdc c:/program files (x86)/atollic/truestudio for arm 8.1.0/armtools/bin/../lib/gcc/arm-atollic-eabi/6.3.1/../../../../arm-atollic-eabi/lib/armv7e-m/fpu/fpv5-sp-d16\libc_nano.a(lib_a-wsetup.o)
                0x0800c640                __swsetup_r
 .text._close_r
                0x0800c71c       0x20 c:/program files (x86)/atollic/truestudio for arm 8.1.0/armtools/bin/../lib/gcc/arm-atollic-eabi/6.3.1/../../../../arm-atollic-eabi/lib/armv7e-m/fpu/fpv5-sp-d16\libc_nano.a(lib_a-closer.o)
                0x0800c71c                _close_r
 .text.__sflush_r
                0x0800c73c      0x110 c:/program files (x86)/atollic/truestudio for arm 8.1.0/armtools/bin/../lib/gcc/arm-atollic-eabi/6.3.1/../../../../arm-atollic-eabi/lib/armv7e-m/fpu/fpv5-sp-d16\libc_nano.a(lib_a-fflush.o)
                0x0800c73c                __sflush_r
 .text._fflush_r
                0x0800c84c       0x54 c:/program files (x86)/atollic/truestudio for arm 8.1.0/armtools/bin/../lib/gcc/arm-atollic-eabi/6.3.1/../../../../arm-atollic-eabi/lib/armv7e-m/fpu/fpv5-sp-d16\libc_nano.a(lib_a-fflush.o)
                0x0800c84c                _fflush_r
 .text._lseek_r
                0x0800c8a0       0x24 c:/program files (x86)/atollic/truestudio for arm 8.1.0/armtools/bin/../lib/gcc/arm-atollic-eabi/6.3.1/../../../../arm-atollic-eabi/lib/armv7e-m/fpu/fpv5-sp-d16\libc_nano.a(lib_a-lseekr.o)
                0x0800c8a0                _lseek_r
 .text.__swhatbuf_r
                0x0800c8c4       0x48 c:/program files (x86)/atollic/truestudio for arm 8.1.0/armtools/bin/../lib/gcc/arm-atollic-eabi/6.3.1/../../../../arm-atollic-eabi/lib/armv7e-m/fpu/fpv5-sp-d16\libc_nano.a(lib_a-makebuf.o)
                0x0800c8c4                __swhatbuf_r