usbh_msc.c:516:27:USBH_MSC_SOFProcess	0	static
usbh_msc.c:330:27:USBH_MSC_Process	24	static
usbh_msc.c:274:27:USBH_MSC_ClassRequest	16	static
usbh_msc.c:240:20:USBH_MSC_InterfaceDeInit	16	static
usbh_msc.c:154:27:USBH_MSC_InterfaceInit	40	static
usbh_msc.c:528:27:USBH_MSC_RdWrProcess	32	static
usbh_msc.c:622:10:USBH_MSC_IsReady	0	static
usbh_msc.c:642:9:USBH_MSC_GetMaxLUN	0	static
usbh_msc.c:660:10:USBH_MSC_UnitIsReady	0	static
usbh_msc.c:681:20:USBH_MSC_GetLUNInfo	8	static
usbh_msc.c:705:20:USBH_MSC_Read	40	static
usbh_msc.c:753:20:USBH_MSC_Write	40	static
