api_msg.c:165:1:recv_udp	32	static
api_msg.c:449:1:setup_tcp	8	static
api_msg.c:375:1:err_tcp	24	static
api_msg.c:1165:1:lwip_netconn_do_connected	24	static
api_msg.c:1497:1:lwip_netconn_do_writemore	24	static
api_msg.c:811:1:lwip_netconn_do_close_internal	40	static
api_msg.c:300:1:poll_tcp	8	static
api_msg.c:236:1:recv_tcp	32	static
api_msg.c:341:1:sent_tcp	16	static
api_msg.c:609:1:lwip_netconn_do_newconn	16	static
api_msg.c:634:1:netconn_alloc	24	static
api_msg.c:720:1:netconn_free	16	static
api_msg.c:747:1:netconn_drain	24	static
api_msg.c:468:1:accept_function	24	static
api_msg.c:1005:1:lwip_netconn_do_delconn	16	static
api_msg.c:1107:1:lwip_netconn_do_bind	8	static
api_msg.c:1215:1:lwip_netconn_do_connect	16	static
api_msg.c:1286:1:lwip_netconn_do_disconnect	8	static
api_msg.c:1310:1:lwip_netconn_do_listen	16	static
api_msg.c:1391:1:lwip_netconn_do_send	8	static
api_msg.c:1446:1:lwip_netconn_do_recv	24	static
api_msg.c:1645:1:lwip_netconn_do_write	16	static
api_msg.c:1701:1:lwip_netconn_do_getaddr	16	static
api_msg.c:1767:1:lwip_netconn_do_close	8	static
