api_lib.c:92:1:netconn_apimsg	8	static
api_lib.c:794:1:netconn_close_shutdown	32	static
api_lib.c:468:1:netconn_recv_data	40	static
api_lib.c:123:1:netconn_new_with_proto_and_callback	40	static
api_lib.c:166:1:netconn_delete	40	static
api_lib.c:212:1:netconn_getaddr	32	static
api_lib.c:250:1:netconn_bind	32	static
api_lib.c:284:1:netconn_connect	32	static
api_lib.c:316:1:netconn_disconnect	32	static
api_lib.c:341:1:netconn_listen_with_backlog	32	static
api_lib.c:378:1:netconn_accept	32	static
api_lib.c:597:1:netconn_recv_tcp_pbuf	0	static
api_lib.c:615:1:netconn_recv	24	static
api_lib.c:696:1:netconn_send	32	static
api_lib.c:677:1:netconn_sendto	0	static
api_lib.c:728:1:netconn_write_partly	40	static
api_lib.c:830:1:netconn_close	0	static
api_lib.c:846:1:netconn_shutdown	0	static
