sockets.c:349:1:get_socket	0	static
sockets.c:379:1:tryget_socket	0	static
sockets.c:400:1:alloc_socket	32	static
sockets.c:1269:1:lwip_selscan	80	static
sockets.c:1698:1:lwip_getaddrname	48	static
sockets.c:1536:1:event_callback	40	static
sockets.c:330:1:lwip_socket_thread_init	0	static
sockets.c:337:1:lwip_socket_thread_cleanup	0	static
sockets.c:466:1:lwip_accept	80	static
sockets.c:557:1:lwip_bind	24	static
sockets.c:600:1:lwip_close	24	static
sockets.c:636:1:lwip_connect	24	static
sockets.c:693:1:lwip_listen	8	static
sockets.c:725:1:lwip_recvfrom	88	static
sockets.c:892:1:lwip_read	16	static
sockets.c:898:1:lwip_recv	16	static
sockets.c:940:1:lwip_sendmsg	56	static
sockets.c:1085:1:lwip_sendto	48	static
sockets.c:904:1:lwip_send	40	static
sockets.c:1176:1:lwip_socket	16	static
sockets.c:1232:1:lwip_write	0	static
sockets.c:1238:1:lwip_writev	40	static
sockets.c:1334:1:lwip_select	120	static
sockets.c:1657:1:lwip_shutdown	16	static
sockets.c:1734:1:lwip_getpeername	0	static
sockets.c:1740:1:lwip_getsockname	0	static
sockets.c:1746:1:lwip_getsockopt	32	static
sockets.c:2153:1:lwip_setsockopt	32	static
sockets.c:2565:1:lwip_ioctl	8	static
sockets.c:2662:1:lwip_fcntl	8	static
