Archive member included to satisfy reference by file (symbol)

c:/gcc_toolchain/6_2017-q1-update/bin/../lib/gcc/arm-none-eabi/6.3.1/../../../../arm-none-eabi/lib/thumb/v7e-m/fpv5-sp/hard\libc_nano.a(lib_a-exit.o)
                              c:/gcc_toolchain/6_2017-q1-update/bin/../lib/gcc/arm-none-eabi/6.3.1/../../../../arm-none-eabi/lib/thumb/v7e-m/fpv5-sp/hard/crt0.o (exit)
c:/gcc_toolchain/6_2017-q1-update/bin/../lib/gcc/arm-none-eabi/6.3.1/../../../../arm-none-eabi/lib/thumb/v7e-m/fpv5-sp/hard\libc_nano.a(lib_a-impure.o)
                              c:/gcc_toolchain/6_2017-q1-update/bin/../lib/gcc/arm-none-eabi/6.3.1/../../../../arm-none-eabi/lib/thumb/v7e-m/fpv5-sp/hard\libc_nano.a(lib_a-exit.o) (_global_impure_ptr)
c:/gcc_toolchain/6_2017-q1-update/bin/../lib/gcc/arm-none-eabi/6.3.1/../../../../arm-none-eabi/lib/thumb/v7e-m/fpv5-sp/hard\libc_nano.a(lib_a-init.o)
                              c:/gcc_toolchain/6_2017-q1-update/bin/../lib/gcc/arm-none-eabi/6.3.1/../../../../arm-none-eabi/lib/thumb/v7e-m/fpv5-sp/hard/crt0.o (__libc_init_array)
c:/gcc_toolchain/6_2017-q1-update/bin/../lib/gcc/arm-none-eabi/6.3.1/../../../../arm-none-eabi/lib/thumb/v7e-m/fpv5-sp/hard\libc_nano.a(lib_a-locale.o)
                              build/ftp_server.o (__locale_ctype_ptr)
c:/gcc_toolchain/6_2017-q1-update/bin/../lib/gcc/arm-none-eabi/6.3.1/../../../../arm-none-eabi/lib/thumb/v7e-m/fpv5-sp/hard\libc_nano.a(lib_a-malloc.o)
                              build/usbh_msc.o (malloc)
c:/gcc_toolchain/6_2017-q1-update/bin/../lib/gcc/arm-none-eabi/6.3.1/../../../../arm-none-eabi/lib/thumb/v7e-m/fpv5-sp/hard\libc_nano.a(lib_a-mbtowc_r.o)
                              c:/gcc_toolchain/6_2017-q1-update/bin/../lib/gcc/arm-none-eabi/6.3.1/../../../../arm-none-eabi/lib/thumb/v7e-m/fpv5-sp/hard\libc_nano.a(lib_a-locale.o) (__ascii_mbtowc)
c:/gcc_toolchain/6_2017-q1-update/bin/../lib/gcc/arm-none-eabi/6.3.1/../../../../arm-none-eabi/lib/thumb/v7e-m/fpv5-sp/hard\libc_nano.a(lib_a-memcmp.o)
                              build/ethernet.o (memcmp)
c:/gcc_toolchain/6_2017-q1-update/bin/../lib/gcc/arm-none-eabi/6.3.1/../../../../arm-none-eabi/lib/thumb/v7e-m/fpv5-sp/hard\libc_nano.a(lib_a-memcpy-stub.o)
                              build/pbuf.o (memcpy)
c:/gcc_toolchain/6_2017-q1-update/bin/../lib/gcc/arm-none-eabi/6.3.1/../../../../arm-none-eabi/lib/thumb/v7e-m/fpv5-sp/hard\libc_nano.a(lib_a-memset.o)
                              c:/gcc_toolchain/6_2017-q1-update/bin/../lib/gcc/arm-none-eabi/6.3.1/../../../../arm-none-eabi/lib/thumb/v7e-m/fpv5-sp/hard/crt0.o (memset)
c:/gcc_toolchain/6_2017-q1-update/bin/../lib/gcc/arm-none-eabi/6.3.1/../../../../arm-none-eabi/lib/thumb/v7e-m/fpv5-sp/hard\libc_nano.a(lib_a-nano-freer.o)
                              c:/gcc_toolchain/6_2017-q1-update/bin/../lib/gcc/arm-none-eabi/6.3.1/../../../../arm-none-eabi/lib/thumb/v7e-m/fpv5-sp/hard\libc_nano.a(lib_a-malloc.o) (_free_r)
c:/gcc_toolchain/6_2017-q1-update/bin/../lib/gcc/arm-none-eabi/6.3.1/../../../../arm-none-eabi/lib/thumb/v7e-m/fpv5-sp/hard\libc_nano.a(lib_a-nano-mallocr.o)
                              c:/gcc_toolchain/6_2017-q1-update/bin/../lib/gcc/arm-none-eabi/6.3.1/../../../../arm-none-eabi/lib/thumb/v7e-m/fpv5-sp/hard\libc_nano.a(lib_a-malloc.o) (_malloc_r)
c:/gcc_toolchain/6_2017-q1-update/bin/../lib/gcc/arm-none-eabi/6.3.1/../../../../arm-none-eabi/lib/thumb/v7e-m/fpv5-sp/hard\libc_nano.a(lib_a-printf.o)
                              build/memory_access.o (printf)
c:/gcc_toolchain/6_2017-q1-update/bin/../lib/gcc/arm-none-eabi/6.3.1/../../../../arm-none-eabi/lib/thumb/v7e-m/fpv5-sp/hard\libc_nano.a(lib_a-puts.o)
                              build/memory_access.o (puts)
c:/gcc_toolchain/6_2017-q1-update/bin/../lib/gcc/arm-none-eabi/6.3.1/../../../../arm-none-eabi/lib/thumb/v7e-m/fpv5-sp/hard\libc_nano.a(lib_a-rand.o)
                              build/dhcp.o (rand)
c:/gcc_toolchain/6_2017-q1-update/bin/../lib/gcc/arm-none-eabi/6.3.1/../../../../arm-none-eabi/lib/thumb/v7e-m/fpv5-sp/hard\libc_nano.a(lib_a-sbrkr.o)
                              c:/gcc_toolchain/6_2017-q1-update/bin/../lib/gcc/arm-none-eabi/6.3.1/../../../../arm-none-eabi/lib/thumb/v7e-m/fpv5-sp/hard\libc_nano.a(lib_a-nano-mallocr.o) (_sbrk_r)
c:/gcc_toolchain/6_2017-q1-update/bin/../lib/gcc/arm-none-eabi/6.3.1/../../../../arm-none-eabi/lib/thumb/v7e-m/fpv5-sp/hard\libc_nano.a(lib_a-sprintf.o)
                              build/memory_access.o (sprintf)
c:/gcc_toolchain/6_2017-q1-update/bin/../lib/gcc/arm-none-eabi/6.3.1/../../../../arm-none-eabi/lib/thumb/v7e-m/fpv5-sp/hard\libc_nano.a(lib_a-strcat.o)
                              build/memory_access.o (strcat)
c:/gcc_toolchain/6_2017-q1-update/bin/../lib/gcc/arm-none-eabi/6.3.1/../../../../arm-none-eabi/lib/thumb/v7e-m/fpv5-sp/hard\libc_nano.a(lib_a-strcmp.o)
                              build/ftp_server.o (strcmp)
[...]
Memory Configuration

Name             Origin             Length             Attributes
RAM              0x20000000         0x00050000         xrw
FLASH            0x08000000         0x00100000         xr
*default*        0x00000000         0xffffffff

Linker script and memory map

LOAD c:/gcc_toolchain/6_2017-q1-update/bin/../lib/gcc/arm-none-eabi/6.3.1/thumb/v7e-m/fpv5-sp/hard/crti.o
LOAD c:/gcc_toolchain/6_2017-q1-update/bin/../lib/gcc/arm-none-eabi/6.3.1/thumb/v7e-m/fpv5-sp/hard/crtbegin.o
LOAD c:/gcc_toolchain/6_2017-q1-update/bin/../lib/gcc/arm-none-eabi/6.3.1/../../../../arm-none-eabi/lib/thumb/v7e-m/fpv5-sp/hard/crt0.o
LOAD build/timers.o
LOAD build/stm32f7xx_hal_i2c_ex.o
LOAD build/usbh_msc_scsi.o
LOAD build/netdb.o
LOAD build/fsm.o
LOAD build/usb_host.o
LOAD build/stm32f7xx_hal_uart.o
LOAD build/stm32f7xx_hal_flash.o
LOAD build/usbh_conf.o
LOAD build/utils.o
LOAD build/api_msg.o
LOAD build/inet6.o
LOAD build/ip.o
LOAD build/lwip.o
LOAD build/usbh_pipes.o
LOAD build/ip4.o
LOAD build/pbuf.o
LOAD build/autoip.o
LOAD build/ppp.o
LOAD build/usbh_ctlreq.o
LOAD build/eap.o
LOAD build/stm32f7xx_ll_usb.o
LOAD build/stm32f7xx_hal_rcc_ex.o
LOAD build/heap_4.o
LOAD build/auth.o
LOAD build/freertos.o
LOAD build/stm32f7xx_hal_tim.o
LOAD build/def.o
LOAD build/tcp.o
LOAD build/netifapi.o
LOAD build/stm32f7xx_hal_tim_ex.o
LOAD build/chap_ms.o
LOAD build/pppoe.o
LOAD build/lcp.o
LOAD build/stm32f7xx_hal_pwr.o
LOAD build/ethernetif.o
LOAD build/usbh_ioreq.o
LOAD build/pppapi.o
LOAD build/vj.o
LOAD build/etharp.o
LOAD build/usbh_msc_bot.o
LOAD build/udp.o
LOAD build/tcp_out.o
LOAD build/init.o
LOAD build/sys.o
LOAD build/memp.o
LOAD build/sys_arch.o
LOAD build/upap.o
LOAD build/port.o
LOAD build/stm32f7xx_hal_flash_ex.o
LOAD build/event_groups.o
LOAD build/stm32f7xx_hal_hcd.o
LOAD build/stm32f7xx_hal_cortex.o
LOAD build/demand.o
LOAD build/igmp.o
LOAD build/tcp_in.o
LOAD build/usbh_msc.o
LOAD build/ip4_frag.o
LOAD build/ipv6cp.o
LOAD build/usbh_diskio.o
LOAD build/dns.o
LOAD build/stats.o
LOAD build/netbuf.o
LOAD build/mem.o
LOAD build/stm32f7xx_hal_dma.o
LOAD build/mld6.o
LOAD build/diskio.o
LOAD build/mppe.o
LOAD build/chap-md5.o
LOAD build/tcpip.o
LOAD build/err.o
LOAD build/raw.o
LOAD build/ff.o
LOAD build/chap-new.o
LOAD build/stm32f7xx_hal_eth.o
LOAD build/ecp.o
LOAD build/inet_chksum.o
LOAD build/usbh_core.o
LOAD build/stm32f7xx_hal_pwr_ex.o
LOAD build/ip4_addr.o
LOAD build/stm32f7xx_hal.o
LOAD build/main.o
LOAD build/pppcrypt.o
LOAD build/ipcp.o
LOAD build/magic.o
LOAD build/pppol2tp.o
LOAD build/multilink.o
LOAD build/nd6.o
LOAD build/croutine.o
LOAD build/api_lib.o
LOAD build/eui64.o
LOAD build/tasks.o
LOAD build/sockets.o
LOAD build/system_stm32f7xx.o
LOAD build/queue.o
LOAD build/ip6.o
LOAD build/stm32f7xx_hal_dma_ex.o
LOAD build/ip6_addr.o
LOAD build/stm32f7xx_hal_rcc.o
LOAD build/stm32f7xx_hal_timebase_TIM.o
LOAD build/cmsis_os.o
LOAD build/lowpan6.o
LOAD build/syscalls.o
LOAD build/icmp6.o
LOAD build/ccp.o
LOAD build/stm32f7xx_hal_i2c.o
LOAD build/timeouts.o
LOAD build/syscall.o
LOAD build/icmp.o
LOAD build/stm32f7xx_it.o
LOAD build/slipif.o
LOAD build/dhcp.o
LOAD build/ethernet.o
LOAD build/pppos.o
LOAD build/fatfs.o
LOAD build/ip6_frag.o
LOAD build/stm32f7xx_hal_msp.o
LOAD build/ethip6.o
LOAD build/netif.o
LOAD build/ff_gen_drv.o
LOAD build/list.o
LOAD build/dhcp6.o
LOAD build/stm32f7xx_hal_gpio.o
LOAD build/memory_access.o
LOAD build/test.o
LOAD build/ftp_server.o
LOAD build/startup_stm32f746xx.o
LOAD c:/gcc_toolchain/6_2017-q1-update/bin/../lib/gcc/arm-none-eabi/6.3.1/../../../../arm-none-eabi/lib/thumb/v7e-m/fpv5-sp/hard\libc_nano.a
LOAD c:/gcc_toolchain/6_2017-q1-update/bin/../lib/gcc/arm-none-eabi/6.3.1/../../../../arm-none-eabi/lib/thumb/v7e-m/fpv5-sp/hard\libm.a
LOAD c:/gcc_toolchain/6_2017-q1-update/bin/../lib/gcc/arm-none-eabi/6.3.1/../../../../arm-none-eabi/lib/thumb/v7e-m/fpv5-sp/hard\libnosys.a
START GROUP
LOAD c:/gcc_toolchain/6_2017-q1-update/bin/../lib/gcc/arm-none-eabi/6.3.1/thumb/v7e-m/fpv5-sp/hard\libgcc.a
LOAD c:/gcc_toolchain/6_2017-q1-update/bin/../lib/gcc/arm-none-eabi/6.3.1/../../../../arm-none-eabi/lib/thumb/v7e-m/fpv5-sp/hard\libc_nano.a
END GROUP
START GROUP
LOAD c:/gcc_toolchain/6_2017-q1-update/bin/../lib/gcc/arm-none-eabi/6.3.1/thumb/v7e-m/fpv5-sp/hard\libgcc.a
LOAD c:/gcc_toolchain/6_2017-q1-update/bin/../lib/gcc/arm-none-eabi/6.3.1/../../../../arm-none-eabi/lib/thumb/v7e-m/fpv5-sp/hard\libc_nano.a
END GROUP
LOAD c:/gcc_toolchain/6_2017-q1-update/bin/../lib/gcc/arm-none-eabi/6.3.1/thumb/v7e-m/fpv5-sp/hard/crtend.o
LOAD c:/gcc_toolchain/6_2017-q1-update/bin/../lib/gcc/arm-none-eabi/6.3.1/thumb/v7e-m/fpv5-sp/hard/crtn.o
                0x20050000                _estack = 0x20050000
                0x00000200                _Min_Heap_Size = 0x200
                0x00000400                _Min_Stack_Size = 0x400

.isr_vector     0x08000000      0x1c8
                0x08000000                . = ALIGN (0x4)
 *(.isr_vector)
 .isr_vector    0x08000000      0x1c8 build/startup_stm32f746xx.o
                0x08000000                g_pfnVectors
                0x080001c8                . = ALIGN (0x4)

.text           0x080001d0     0xe21c
                0x080001d0                . = ALIGN (0x4)
 *(.text)
 .text          0x080001d0       0x6c c:/gcc_toolchain/6_2017-q1-update/bin/../lib/gcc/arm-none-eabi/6.3.1/thumb/v7e-m/fpv5-sp/hard/crtbegin.o
 *(.text*)
 .text.USBH_MSC_SCSI_TestUnitReady
                0x0800023c       0x4e build/usbh_msc_scsi.o
                0x0800023c                USBH_MSC_SCSI_TestUnitReady
 .text.USBH_MSC_SCSI_ReadCapacity
                0x0800028a       0x8e build/usbh_msc_scsi.o
                0x0800028a                USBH_MSC_SCSI_ReadCapacity
 .text.USBH_MSC_SCSI_Inquiry
                0x08000318       0xd0 build/usbh_msc_scsi.o
                0x08000318                USBH_MSC_SCSI_Inquiry
 .text.USBH_MSC_SCSI_RequestSense
                0x080003e8       0x94 build/usbh_msc_scsi.o
                0x080003e8                USBH_MSC_SCSI_RequestSense
 .text.USBH_MSC_SCSI_Write
                0x0800047c       0x8e build/usbh_msc_scsi.o
                0x0800047c                USBH_MSC_SCSI_Write
 .text.USBH_MSC_SCSI_Read
                0x0800050a       0x90 build/usbh_msc_scsi.o
                0x0800050a                USBH_MSC_SCSI_Read
 *fill*         0x0800059a        0x2 
 .text.USBH_UserProcess
                0x0800059c       0x2c build/usb_host.o
 .text.MX_USB_HOST_Init
                0x080005c8       0x2c build/usb_host.o
                0x080005c8                MX_USB_HOST_Init
 .text.UART_WaitOnFlagUntilTimeout
                0x080005f4       0x64 build/stm32f7xx_hal_uart.o
                0x080005f4                UART_WaitOnFlagUntilTimeout
 .text.HAL_UART_Transmit
                0x08000658       0xcc build/stm32f7xx_hal_uart.o
                0x08000658                HAL_UART_Transmit
 .text.UART_SetConfig
                0x08000724      0x360 build/stm32f7xx_hal_uart.o
                0x08000724                UART_SetConfig
 .text.UART_AdvFeatureConfig
                0x08000a84       0xca build/stm32f7xx_hal_uart.o
                0x08000a84                UART_AdvFeatureConfig
 .text.UART_CheckIdleState
                0x08000b4e       0x48 build/stm32f7xx_hal_uart.o
                0x08000b4e                UART_CheckIdleState
 .text.HAL_UART_Init
                0x08000b96       0x68 build/stm32f7xx_hal_uart.o
                0x08000b96                HAL_UART_Init
 *fill*         0x08000bfe        0x2 
 .text.HAL_HCD_MspInit
                0x08000c00       0x84 build/usbh_conf.o
                0x08000c00                HAL_HCD_MspInit
 .text.HAL_HCD_SOF_Callback
                0x08000c84        0xc build/usbh_conf.o
                0x08000c84                HAL_HCD_SOF_Callback
 .text.HAL_HCD_Connect_Callback
                0x08000c90        0xc build/usbh_conf.o
                0x08000c90                HAL_HCD_Connect_Callback
 .text.HAL_HCD_Disconnect_Callback
                0x08000c9c        0xc build/usbh_conf.o
                0x08000c9c                HAL_HCD_Disconnect_Callback
 .text.HAL_HCD_HC_NotifyURBChange_Callback
                0x08000ca8        0xc build/usbh_conf.o
                0x08000ca8                HAL_HCD_HC_NotifyURBChange_Callback
 .text.USBH_LL_Init
                0x08000cb4       0x5c build/usbh_conf.o
                0x08000cb4                USBH_LL_Init
 .text.USBH_LL_Start
                0x08000d10       0x1c build/usbh_conf.o
                0x08000d10                USBH_LL_Start
 .text.USBH_LL_Stop
                0x08000d2c       0x1c build/usbh_conf.o
                0x08000d2c                USBH_LL_Stop
 .text.USBH_LL_GetSpeed
                0x08000d48       0x1c build/usbh_conf.o
                0x08000d48                USBH_LL_GetSpeed
 .text.USBH_LL_ResetPort
                0x08000d64       0x1c build/usbh_conf.o
                0x08000d64                USBH_LL_ResetPort
 .text.USBH_LL_GetLastXferSize
                0x08000d80        0xc build/usbh_conf.o
                0x08000d80                USBH_LL_GetLastXferSize
 .text.USBH_LL_OpenPipe
                0x08000d8c       0x32 build/usbh_conf.o
                0x08000d8c                USBH_LL_OpenPipe
 .text.USBH_LL_ClosePipe
                0x08000dbe       0x1c build/usbh_conf.o
                0x08000dbe                USBH_LL_ClosePipe
 .text.USBH_LL_SubmitURB
                0x08000dda       0x36 build/usbh_conf.o
                0x08000dda                USBH_LL_SubmitURB
 .text.USBH_LL_GetURBState
                0x08000e10        0xc build/usbh_conf.o
                0x08000e10                USBH_LL_GetURBState
 .text.USBH_LL_DriverVBUS
                0x08000e1c        0xc build/usbh_conf.o
                0x08000e1c                USBH_LL_DriverVBUS
 .text.USBH_LL_SetToggle
                0x08000e28       0x32 build/usbh_conf.o
                0x08000e28                USBH_LL_SetToggle
 .text.USBH_LL_GetToggle
                0x08000e5a       0x2a build/usbh_conf.o
                0x08000e5a                USBH_LL_GetToggle
 .text.USBH_Delay
                0x08000e84        0x8 build/usbh_conf.o
                0x08000e84                USBH_Delay
 .text.MX_LWIP_Init
                0x08000e8c       0x6c build/lwip.o
                0x08000e8c                MX_LWIP_Init
 .text.USBH_GetFreePipe
                0x08000ef8       0x26 build/usbh_pipes.o
 .text.USBH_OpenPipe
                0x08000f1e       0x20 build/usbh_pipes.o
                0x08000f1e                USBH_OpenPipe
 .text.USBH_ClosePipe
                0x08000f3e        0xa build/usbh_pipes.o
                0x08000f3e                USBH_ClosePipe
 .text.USBH_AllocPipe
                0x08000f48       0x24 build/usbh_pipes.o
                0x08000f48                USBH_AllocPipe
 .text.USBH_FreePipe
                0x08000f6c       0x16 build/usbh_pipes.o
                0x08000f6c                USBH_FreePipe
 *fill*         0x08000f82        0x2 
 .text.ip4_route
                0x08000f84       0xa0 build/ip4.o
                0x08000f84                ip4_route
 .text.ip4_input
                0x08001024      0x1e0 build/ip4.o
                0x08001024                ip4_input
 .text.ip4_output_if_src
                0x08001204       0xb8 build/ip4.o
                0x08001204                ip4_output_if_src
 .text.ip4_output_if
                0x080012bc       0x2a build/ip4.o
                0x080012bc                ip4_output_if
 .text.pbuf_header_impl
                0x080012e6       0x86 build/pbuf.o
 .text.pbuf_pool_is_empty
                0x0800136c       0x40 build/pbuf.o
 .text.pbuf_free_ooseq
                0x080013ac       0x34 build/pbuf.o
 .text.pbuf_free_ooseq_callback
                0x080013e0        0x8 build/pbuf.o
 .text.pbuf_alloced_custom
                0x080013e8       0x60 build/pbuf.o
                0x080013e8                pbuf_alloced_custom
 .text.pbuf_header
                0x08001448        0xa build/pbuf.o
                0x08001448                pbuf_header
 .text.pbuf_header_force
                0x08001452        0xa build/pbuf.o
                0x08001452                pbuf_header_force
 .text.pbuf_free
                0x0800145c       0x68 build/pbuf.o
                0x0800145c                pbuf_free
 .text.pbuf_alloc
                0x080014c4      0x128 build/pbuf.o
                0x080014c4                pbuf_alloc
 .text.pbuf_realloc
                0x080015ec       0x58 build/pbuf.o
                0x080015ec                pbuf_realloc
 .text.pbuf_clen
                0x08001644       0x12 build/pbuf.o
                0x08001644                pbuf_clen
 .text.pbuf_ref
                0x08001656       0x18 build/pbuf.o
                0x08001656                pbuf_ref
 .text.pbuf_cat
                0x0800166e       0x30 build/pbuf.o
                0x0800166e                pbuf_cat
 .text.pbuf_chain
                0x0800169e       0x10 build/pbuf.o
                0x0800169e                pbuf_chain
 .text.pbuf_copy
                0x080016ae       0xc6 build/pbuf.o
                0x080016ae                pbuf_copy
 .text.pbuf_copy_partial
                0x08001774       0x60 build/pbuf.o
                0x08001774                pbuf_copy_partial
 .text.USBH_ParseDevDesc
                0x080017d4       0x5c build/usbh_ctlreq.o
 .text.USBH_ParseInterfaceDesc
                0x08001830       0x26 build/usbh_ctlreq.o
 .text.USBH_ParseEPDesc
                0x08001856       0x20 build/usbh_ctlreq.o
 .text.USBH_ParseStringDesc
                0x08001876       0x34 build/usbh_ctlreq.o
 .text.USBH_HandleControl
                0x080018aa      0x288 build/usbh_ctlreq.o
 .text.USBH_GetNextDesc
                0x08001b32        0xe build/usbh_ctlreq.o
                0x08001b32                USBH_GetNextDesc
 .text.USBH_ParseCfgDesc
                0x08001b40       0xc8 build/usbh_ctlreq.o
 .text.USBH_CtlReq
                0x08001c08       0x4a build/usbh_ctlreq.o
                0x08001c08                USBH_CtlReq
 .text.USBH_GetDescriptor
                0x08001c52       0x3c build/usbh_ctlreq.o
                0x08001c52                USBH_GetDescriptor
 .text.USBH_Get_DevDesc
                0x08001c8e       0x32 build/usbh_ctlreq.o
                0x08001c8e                USBH_Get_DevDesc
 .text.USBH_Get_CfgDesc
                0x08001cc0       0x32 build/usbh_ctlreq.o
                0x08001cc0                USBH_Get_CfgDesc
 .text.USBH_Get_StringDesc
                0x08001cf2       0x30 build/usbh_ctlreq.o
                0x08001cf2                USBH_Get_StringDesc
 .text.USBH_SetAddress
                0x08001d22       0x22 build/usbh_ctlreq.o
                0x08001d22                USBH_SetAddress
 .text.USBH_SetCfg
                0x08001d44       0x22 build/usbh_ctlreq.o
                0x08001d44                USBH_SetCfg
 .text.USBH_ClrFeature
                0x08001d66       0x24 build/usbh_ctlreq.o
                0x08001d66                USBH_ClrFeature
 *fill*         0x08001d8a        0x2 
 .text.USB_CoreReset
                0x08001d8c       0x3c build/stm32f7xx_ll_usb.o
 .text.USB_CoreInit
                0x08001dc8       0x7c build/stm32f7xx_ll_usb.o
                0x08001dc8                USB_CoreInit
 .text.USB_EnableGlobalInt
                0x08001e44        0xc build/stm32f7xx_ll_usb.o
                0x08001e44                USB_EnableGlobalInt
 .text.USB_DisableGlobalInt
                0x08001e50        0xc build/stm32f7xx_ll_usb.o
                0x08001e50                USB_DisableGlobalInt
 .text.USB_SetCurrentMode
                0x08001e5c       0x2c build/stm32f7xx_ll_usb.o
                0x08001e5c                USB_SetCurrentMode
 .text.USB_FlushTxFifo
                0x08001e88       0x28 build/stm32f7xx_ll_usb.o
                0x08001e88                USB_FlushTxFifo
 .text.USB_FlushRxFifo
                0x08001eb0       0x24 build/stm32f7xx_ll_usb.o
                0x08001eb0                USB_FlushRxFifo
 .text.USB_WritePacket
                0x08001ed4       0x28 build/stm32f7xx_ll_usb.o
                0x08001ed4                USB_WritePacket
 .text.USB_ReadPacket
                0x08001efc       0x28 build/stm32f7xx_ll_usb.o
                0x08001efc                USB_ReadPacket
 .text.USB_ReadInterrupts
                0x08001f24        0x8 build/stm32f7xx_ll_usb.o
                0x08001f24                USB_ReadInterrupts
 .text.USB_GetMode
                0x08001f2c        0x8 build/stm32f7xx_ll_usb.o
                0x08001f2c                USB_GetMode
 .text.USB_InitFSLSPClkSel
                0x08001f34       0x40 build/stm32f7xx_ll_usb.o
                0x08001f34                USB_InitFSLSPClkSel
 .text.USB_ResetPort
                0x08001f74       0x3a build/stm32f7xx_ll_usb.o
                0x08001f74                USB_ResetPort
 .text.USB_DriveVbus
                0x08001fae       0x42 build/stm32f7xx_ll_usb.o
                0x08001fae                USB_DriveVbus
 .text.USB_HostInit
                0x08001ff0       0xdc build/stm32f7xx_ll_usb.o
                0x08001ff0                USB_HostInit
 .text.USB_GetHostSpeed
                0x080020cc       0x12 build/stm32f7xx_ll_usb.o
                0x080020cc                USB_GetHostSpeed
 .text.USB_GetCurrentFrame
                0x080020de        0xa build/stm32f7xx_ll_usb.o
                0x080020de                USB_GetCurrentFrame
 .text.USB_HC_Init
                0x080020e8       0xea build/stm32f7xx_ll_usb.o
                0x080020e8                USB_HC_Init
 .text.USB_HC_ReadInterrupt
                0x080021d2        0xa build/stm32f7xx_ll_usb.o
                0x080021d2                USB_HC_ReadInterrupt
 .text.USB_HC_Halt
                0x080021dc       0xd6 build/stm32f7xx_ll_usb.o
                0x080021dc                USB_HC_Halt
 *fill*         0x080022b2        0x2 
 .text.USB_DoPing
                0x080022b4       0x24 build/stm32f7xx_ll_usb.o
                0x080022b4                USB_DoPing
 .text.USB_HC_StartXfer
                0x080022d8      0x158 build/stm32f7xx_ll_usb.o
                0x080022d8                USB_HC_StartXfer
 .text.USB_StopHost
                0x08002430       0x80 build/stm32f7xx_ll_usb.o
                0x08002430                USB_StopHost
 .text.HAL_RCCEx_PeriphCLKConfig
                0x080024b0      0x5ac build/stm32f7xx_hal_rcc_ex.o
                0x080024b0                HAL_RCCEx_PeriphCLKConfig
 .text.prvHeapInit
                0x08002a5c       0x64 build/heap_4.o
 .text.prvInsertBlockIntoFreeList
                0x08002ac0       0x58 build/heap_4.o
 .text.pvPortMalloc
                0x08002b18      0x114 build/heap_4.o
                0x08002b18                pvPortMalloc
 .text.vPortFree
                0x08002c2c       0x78 build/heap_4.o
                0x08002c2c                vPortFree
 .text.HAL_TIM_Base_MspInit
                0x08002ca4        0x2 build/stm32f7xx_hal_tim.o
                0x08002ca4                HAL_TIM_Base_MspInit
 .text.HAL_TIM_Base_Start_IT
                0x08002ca6       0x18 build/stm32f7xx_hal_tim.o
                0x08002ca6                HAL_TIM_Base_Start_IT
 .text.HAL_TIM_OC_DelayElapsedCallback
                0x08002cbe        0x2 build/stm32f7xx_hal_tim.o
                0x08002cbe                HAL_TIM_OC_DelayElapsedCallback
 .text.HAL_TIM_IC_CaptureCallback
                0x08002cc0        0x2 build/stm32f7xx_hal_tim.o
                0x08002cc0                HAL_TIM_IC_CaptureCallback
 .text.HAL_TIM_PWM_PulseFinishedCallback
                0x08002cc2        0x2 build/stm32f7xx_hal_tim.o
                0x08002cc2                HAL_TIM_PWM_PulseFinishedCallback
 .text.HAL_TIM_TriggerCallback
                0x08002cc4        0x2 build/stm32f7xx_hal_tim.o
                0x08002cc4                HAL_TIM_TriggerCallback
 .text.HAL_TIM_IRQHandler
                0x08002cc6      0x19a build/stm32f7xx_hal_tim.o
                0x08002cc6                HAL_TIM_IRQHandler
 .text.TIM_Base_SetConfig
                0x08002e60      0x140 build/stm32f7xx_hal_tim.o
                0x08002e60                TIM_Base_SetConfig
 .text.HAL_TIM_Base_Init
                0x08002fa0       0x32 build/stm32f7xx_hal_tim.o
                0x08002fa0                HAL_TIM_Base_Init
 .text.lwip_htons
                0x08002fd2        0xa build/def.o
                0x08002fd2                lwip_htons
 .text.lwip_htonl
                0x08002fdc       0x18 build/def.o
                0x08002fdc                lwip_htonl
 .text.tcp_remove_listener
                0x08002ff4       0x14 build/tcp.o
 .text.tcp_listen_closed
                0x08003008       0x24 build/tcp.o
 .text.tcp_init
                0x0800302c        0x2 build/tcp.o
                0x0800302c                tcp_init
 .text.tcp_update_rcv_ann_wnd
                0x0800302e       0x3c build/tcp.o
                0x0800302e                tcp_update_rcv_ann_wnd
 .text.tcp_recved
                0x0800306a       0x4c build/tcp.o
                0x0800306a                tcp_recved
 .text.tcp_seg_free
                0x080030b6       0x1a build/tcp.o
                0x080030b6                tcp_seg_free
 .text.tcp_segs_free
                0x080030d0       0x14 build/tcp.o
                0x080030d0                tcp_segs_free
 .text.tcp_seg_copy
                0x080030e4       0x28 build/tcp.o
                0x080030e4                tcp_seg_copy
 .text.tcp_pcb_purge
                0x0800310c       0x44 build/tcp.o
                0x0800310c                tcp_pcb_purge
 .text.tcp_slowtmr
                0x08003150      0x314 build/tcp.o
                0x08003150                tcp_slowtmr
 .text.tcp_pcb_remove
                0x08003464       0x52 build/tcp.o
                0x08003464                tcp_pcb_remove
 *fill*         0x080034b6        0x2 
 .text.tcp_close_shutdown
                0x080034b8      0x188 build/tcp.o
 .text.tcp_close
                0x08003640       0x18 build/tcp.o
                0x08003640                tcp_close
 .text.tcp_recv_null
                0x08003658       0x24 build/tcp.o
                0x08003658                tcp_recv_null
 .text.tcp_process_refused_data
                0x0800367c       0x6e build/tcp.o
                0x0800367c                tcp_process_refused_data
 *fill*         0x080036ea        0x2 
 .text.tcp_fasttmr
                0x080036ec       0x6c build/tcp.o
                0x080036ec                tcp_fasttmr
 .text.tcp_tmr  0x08003758       0x24 build/tcp.o
                0x08003758                tcp_tmr
 .text.tcp_abandon
                0x0800377c       0xd4 build/tcp.o
                0x0800377c                tcp_abandon
 .text.tcp_abort
                0x08003850        0xa build/tcp.o
                0x08003850                tcp_abort
 *fill*         0x0800385a        0x2 
 .text.tcp_kill_timewait
                0x0800385c       0x34 build/tcp.o
 .text.tcp_kill_prio
                0x08003890       0x44 build/tcp.o
 .text.tcp_netif_ip_addr_changed_pcblist
                0x080038d4       0x20 build/tcp.o
 .text.tcp_kill_state
                0x080038f4       0x3c build/tcp.o
 .text.tcp_next_iss
                0x08003930       0x18 build/tcp.o
                0x08003930                tcp_next_iss
 .text.tcp_alloc
                0x08003948       0xc8 build/tcp.o
                0x08003948                tcp_alloc
 .text.tcp_eff_send_mss_impl
                0x08003a10       0x24 build/tcp.o
                0x08003a10                tcp_eff_send_mss_impl
 .text.tcp_netif_ip_addr_changed
                0x08003a34       0x54 build/tcp.o
                0x08003a34                tcp_netif_ip_addr_changed
 .text.HAL_TIMEx_CommutationCallback
                0x08003a88        0x2 build/stm32f7xx_hal_tim_ex.o
                0x08003a88                HAL_TIMEx_CommutationCallback
 .text.HAL_TIMEx_BreakCallback
                0x08003a8a        0x2 build/stm32f7xx_hal_tim_ex.o
                0x08003a8a                HAL_TIMEx_BreakCallback
 .text.low_level_input
                0x08003a8c       0xdc build/ethernetif.o
 .text.ethernetif_input
                0x08003b68       0x3c build/ethernetif.o
                0x08003b68                ethernetif_input
 .text.low_level_output
                0x08003ba4       0xbc build/ethernetif.o
 .text.low_level_init
                0x08003c60      0x120 build/ethernetif.o
 .text.HAL_ETH_MspInit
                0x08003d80       0xcc build/ethernetif.o
                0x08003d80                HAL_ETH_MspInit
 .text.HAL_ETH_RxCpltCallback
                0x08003e4c       0x10 build/ethernetif.o
                0x08003e4c                HAL_ETH_RxCpltCallback
 .text.ethernetif_init
                0x08003e5c       0x28 build/ethernetif.o
                0x08003e5c                ethernetif_init
 .text.sys_now  0x08003e84        0x8 build/ethernetif.o
                0x08003e84                sys_now
 .text.USBH_CtlSendSetup
                0x08003e8c       0x22 build/usbh_ioreq.o
                0x08003e8c                USBH_CtlSendSetup
 .text.USBH_CtlSendData
                0x08003eae       0x2c build/usbh_ioreq.o
                0x08003eae                USBH_CtlSendData
 .text.USBH_CtlReceiveData
                0x08003eda       0x20 build/usbh_ioreq.o
                0x08003eda                USBH_CtlReceiveData
 .text.USBH_BulkSendData
                0x08003efa       0x2c build/usbh_ioreq.o
                0x08003efa                USBH_BulkSendData
 .text.USBH_BulkReceiveData
                0x08003f26       0x20 build/usbh_ioreq.o
                0x08003f26                USBH_BulkReceiveData
 *fill*         0x08003f46        0x2 
 .text.etharp_free_entry
                0x08003f48       0x34 build/etharp.o
 .text.etharp_find_entry
                0x08003f7c      0x138 build/etharp.o
 .text.etharp_update_arp_entry
                0x080040b4       0xa4 build/etharp.o
 .text.etharp_raw
                0x08004158       0x86 build/etharp.o
 *fill*         0x080041de        0x2 
 .text.etharp_request_dst
                0x080041e0       0x28 build/etharp.o
 .text.etharp_cleanup_netif
                0x08004208       0x38 build/etharp.o
                0x08004208                etharp_cleanup_netif
 .text.etharp_input
                0x08004240       0xd0 build/etharp.o
                0x08004240                etharp_input
 .text.etharp_request
                0x08004310       0x10 build/etharp.o
                0x08004310                etharp_request
 .text.etharp_tmr
                0x08004320       0x90 build/etharp.o
                0x08004320                etharp_tmr
 .text.etharp_output_to_arp_index
                0x080043b0       0xa8 build/etharp.o
 .text.etharp_query
                0x08004458      0x138 build/etharp.o
                0x08004458                etharp_query
 .text.etharp_output
                0x08004590      0x108 build/etharp.o
                0x08004590                etharp_output
 .text.USBH_MSC_DecodeCSW
                0x08004698       0x50 build/usbh_msc_bot.o
 .text.USBH_MSC_BOT_Abort
                0x080046e8       0x22 build/usbh_msc_bot.o
 .text.USBH_MSC_BOT_REQ_Reset
                0x0800470a       0x1a build/usbh_msc_bot.o
                0x0800470a                USBH_MSC_BOT_REQ_Reset
 .text.USBH_MSC_BOT_REQ_GetMaxLUN
                0x08004724       0x1a build/usbh_msc_bot.o
                0x08004724                USBH_MSC_BOT_REQ_GetMaxLUN
 *fill*         0x0800473e        0x2 
 .text.USBH_MSC_BOT_Init
                0x08004740       0x24 build/usbh_msc_bot.o
                0x08004740                USBH_MSC_BOT_Init
 .text.USBH_MSC_BOT_Process
                0x08004764      0x2d2 build/usbh_msc_bot.o
                0x08004764                USBH_MSC_BOT_Process
 *fill*         0x08004a36        0x2 
 .text.udp_new_port
                0x08004a38       0x4c build/udp.o
 .text.udp_input_local_match
                0x08004a84       0x50 build/udp.o
 .text.udp_init
                0x08004ad4        0x2 build/udp.o
                0x08004ad4                udp_init
 *fill*         0x08004ad6        0x2 
 .text.udp_input
                0x08004ad8      0x128 build/udp.o
                0x08004ad8                udp_input
 .text.udp_bind
                0x08004c00       0x84 build/udp.o
                0x08004c00                udp_bind
 .text.udp_sendto_if_src
                0x08004c84       0xa2 build/udp.o
                0x08004c84                udp_sendto_if_src
 .text.udp_sendto_if
                0x08004d26       0x48 build/udp.o
                0x08004d26                udp_sendto_if
 *fill*         0x08004d6e        0x2 
 .text.udp_connect
                0x08004d70       0x64 build/udp.o
                0x08004d70                udp_connect
 .text.udp_recv
                0x08004dd4        0x6 build/udp.o
                0x08004dd4                udp_recv
 *fill*         0x08004dda        0x2 
 .text.udp_remove
                0x08004ddc       0x38 build/udp.o
                0x08004ddc                udp_remove
 .text.udp_new  0x08004e14       0x1c build/udp.o
                0x08004e14                udp_new
 .text.udp_netif_ip_addr_changed
                0x08004e30       0x34 build/udp.o
                0x08004e30                udp_netif_ip_addr_changed
 .text.tcp_create_segment
                0x08004e64       0x9a build/tcp_out.o
 .text.tcp_output_alloc_header
                0x08004efe       0x6e build/tcp_out.o
 .text.tcp_output_segment
                0x08004f6c       0xbc build/tcp_out.o
 .text.tcp_enqueue_flags
                0x08005028       0xb8 build/tcp_out.o
                0x08005028                tcp_enqueue_flags
 .text.tcp_send_fin
                0x080050e0       0x44 build/tcp_out.o
                0x080050e0                tcp_send_fin
 .text.tcp_send_empty_ack
                0x08005124       0x72 build/tcp_out.o
                0x08005124                tcp_send_empty_ack
 *fill*         0x08005196        0x2 
 .text.tcp_output
                0x08005198      0x234 build/tcp_out.o
                0x08005198                tcp_output
 .text.tcp_rst  0x080053cc       0x88 build/tcp_out.o
                0x080053cc                tcp_rst
 .text.tcp_rexmit_rto
                0x08005454       0x30 build/tcp_out.o
                0x08005454                tcp_rexmit_rto
 .text.tcp_rexmit
                0x08005484       0x50 build/tcp_out.o
                0x08005484                tcp_rexmit
 .text.tcp_rexmit_fast
                0x080054d4       0x60 build/tcp_out.o
                0x080054d4                tcp_rexmit_fast
 .text.tcp_keepalive
                0x08005534       0x58 build/tcp_out.o
                0x08005534                tcp_keepalive
 .text.tcp_zero_window_probe
                0x0800558c       0xd4 build/tcp_out.o
                0x0800558c                tcp_zero_window_probe
 .text.lwip_init
                0x08005660       0x20 build/init.o
                0x08005660                lwip_init
 .text.do_memp_malloc_pool
                0x08005680       0x22 build/memp.o
 .text.do_memp_free_pool
                0x080056a2       0x1a build/memp.o
 .text.memp_init_pool
                0x080056bc       0x28 build/memp.o
                0x080056bc                memp_init_pool
 .text.memp_init
                0x080056e4       0x20 build/memp.o
                0x080056e4                memp_init
 .text.memp_malloc
                0x08005704       0x1c build/memp.o
                0x08005704                memp_malloc
 .text.memp_free
                0x08005720       0x1c build/memp.o
                0x08005720                memp_free
 .text.sys_mbox_new
                0x0800573c       0x24 build/sys_arch.o
                0x0800573c                sys_mbox_new
 .text.sys_mbox_post
                0x08005760       0x18 build/sys_arch.o
                0x08005760                sys_mbox_post
 .text.sys_mbox_trypost
                0x08005778       0x14 build/sys_arch.o
                0x08005778                sys_mbox_trypost
 .text.sys_arch_mbox_fetch
                0x0800578c       0x58 build/sys_arch.o
                0x0800578c                sys_arch_mbox_fetch
 .text.sys_mbox_valid
                0x080057e4        0xc build/sys_arch.o
                0x080057e4                sys_mbox_valid
 .text.sys_init
                0x080057f0       0x18 build/sys_arch.o
                0x080057f0                sys_init
 .text.sys_mutex_new
                0x08005808       0x22 build/sys_arch.o
                0x08005808                sys_mutex_new
 .text.sys_mutex_lock
                0x0800582a        0xe build/sys_arch.o
                0x0800582a                sys_mutex_lock
 .text.sys_mutex_unlock
                0x08005838        0xa build/sys_arch.o
                0x08005838                sys_mutex_unlock
 .text.sys_thread_new
                0x08005842       0x24 build/sys_arch.o
                0x08005842                sys_thread_new
 *fill*         0x08005866        0x2 
 .text.sys_arch_protect
                0x08005868       0x18 build/sys_arch.o
                0x08005868                sys_arch_protect
 .text.sys_arch_unprotect
                0x08005880       0x10 build/sys_arch.o
                0x08005880                sys_arch_unprotect
 .text.prvTaskExitError
                0x08005890       0x3c build/port.o
 .text.prvPortStartFirstTask
                0x080058cc       0x20 build/port.o
 .text.vPortEnableVFP
                0x080058ec       0x14 build/port.o
 .text.pxPortInitialiseStack
                0x08005900       0x2c build/port.o
                0x08005900                pxPortInitialiseStack
 *fill*         0x0800592c        0x4 
 .text.SVC_Handler
                0x08005930       0x24 build/port.o
                0x08005930                SVC_Handler
 .text.vPortEnterCritical
                0x08005954       0x4c build/port.o
                0x08005954                vPortEnterCritical
 .text.vPortExitCritical
                0x080059a0       0x30 build/port.o
                0x080059a0                vPortExitCritical
 .text.PendSV_Handler
                0x080059d0       0x64 build/port.o
                0x080059d0                PendSV_Handler
 .text.xPortSysTickHandler
                0x08005a34       0x30 build/port.o
                0x08005a34                xPortSysTickHandler
 .text.vPortSetupTimerInterrupt
                0x08005a64       0x2c build/port.o
                0x08005a64                vPortSetupTimerInterrupt
 .text.xPortStartScheduler
                0x08005a90       0xa8 build/port.o
                0x08005a90                xPortStartScheduler
 .text.vPortValidateInterruptPriority
                0x08005b38       0x64 build/port.o
                0x08005b38                vPortValidateInterruptPriority
 .text.HCD_RXQLVL_IRQHandler
                0x08005b9c       0x7c build/stm32f7xx_hal_hcd.o
 .text.HAL_HCD_HC_Init
                0x08005c18       0x72 build/stm32f7xx_hal_hcd.o
                0x08005c18                HAL_HCD_HC_Init
 .text.HAL_HCD_HC_Halt
                0x08005c8a       0x24 build/stm32f7xx_hal_hcd.o
                0x08005c8a                HAL_HCD_HC_Halt
 .text.HAL_HCD_Init
                0x08005cae       0x78 build/stm32f7xx_hal_hcd.o
                0x08005cae                HAL_HCD_Init
 .text.HAL_HCD_HC_SubmitRequest
                0x08005d26      0x1ca build/stm32f7xx_hal_hcd.o
                0x08005d26                HAL_HCD_HC_SubmitRequest
 .text.HCD_Port_IRQHandler
                0x08005ef0       0xc8 build/stm32f7xx_hal_hcd.o
 .text.HCD_HC_IN_IRQHandler
                0x08005fb8      0x284 build/stm32f7xx_hal_hcd.o
 .text.HCD_HC_OUT_IRQHandler
                0x0800623c      0x2b0 build/stm32f7xx_hal_hcd.o
 .text.HAL_HCD_IRQHandler
                0x080064ec      0x142 build/stm32f7xx_hal_hcd.o
                0x080064ec                HAL_HCD_IRQHandler
 .text.HAL_HCD_Start
                0x0800662e       0x2c build/stm32f7xx_hal_hcd.o
                0x0800662e                HAL_HCD_Start
 .text.HAL_HCD_Stop
                0x0800665a       0x24 build/stm32f7xx_hal_hcd.o
                0x0800665a                HAL_HCD_Stop
 .text.HAL_HCD_ResetPort
                0x0800667e        0xa build/stm32f7xx_hal_hcd.o
                0x0800667e                HAL_HCD_ResetPort
 .text.HAL_HCD_HC_GetURBState
                0x08006688        0xe build/stm32f7xx_hal_hcd.o
                0x08006688                HAL_HCD_HC_GetURBState
 .text.HAL_HCD_HC_GetXferCount
                0x08006696        0xc build/stm32f7xx_hal_hcd.o
                0x08006696                HAL_HCD_HC_GetXferCount
 .text.HAL_HCD_GetCurrentFrame
                0x080066a2        0xa build/stm32f7xx_hal_hcd.o
                0x080066a2                HAL_HCD_GetCurrentFrame
 .text.HAL_HCD_GetCurrentSpeed
                0x080066ac        0xa build/stm32f7xx_hal_hcd.o
                0x080066ac                HAL_HCD_GetCurrentSpeed
 *fill*         0x080066b6        0x2 
 .text.HAL_NVIC_SetPriorityGrouping
                0x080066b8       0x24 build/stm32f7xx_hal_cortex.o
                0x080066b8                HAL_NVIC_SetPriorityGrouping
 .text.HAL_NVIC_SetPriority
                0x080066dc       0x60 build/stm32f7xx_hal_cortex.o
                0x080066dc                HAL_NVIC_SetPriority
 .text.HAL_NVIC_EnableIRQ
                0x0800673c       0x18 build/stm32f7xx_hal_cortex.o
                0x0800673c                HAL_NVIC_EnableIRQ
 .text.HAL_SYSTICK_Config
                0x08006754       0x2c build/stm32f7xx_hal_cortex.o
                0x08006754                HAL_SYSTICK_Config
 .text.HAL_SYSTICK_CLKSourceConfig
                0x08006780       0x20 build/stm32f7xx_hal_cortex.o
                0x08006780                HAL_SYSTICK_CLKSourceConfig
 .text.tcp_getoptbyte
                0x080067a0       0x4c build/tcp_in.o
 .text.tcp_parseopt
                0x080067ec       0x88 build/tcp_in.o
 .text.tcp_timewait_input
                0x08006874       0x90 build/tcp_in.o
 .text.tcp_listen_input
                0x08006904      0x114 build/tcp_in.o
 .text.tcp_oos_insert_segment
                0x08006a18       0x84 build/tcp_in.o
 .text.tcp_receive
                0x08006a9c      0x848 build/tcp_in.o
 .text.tcp_process
                0x080072e4      0x4c8 build/tcp_in.o
 .text.tcp_input
                0x080077ac      0x420 build/tcp_in.o
                0x080077ac                tcp_input
 .text.tcp_trigger_input_pcb_close
                0x08007bcc       0x10 build/tcp_in.o
                0x08007bcc                tcp_trigger_input_pcb_close
 .text.USBH_MSC_SOFProcess
                0x08007bdc        0x4 build/usbh_msc.o
 .text.USBH_MSC_Process
                0x08007be0      0x2a2 build/usbh_msc.o
 .text.USBH_MSC_ClassRequest
                0x08007e82       0x64 build/usbh_msc.o
 .text.USBH_MSC_InterfaceDeInit
                0x08007ee6       0x50 build/usbh_msc.o
 .text.USBH_MSC_InterfaceInit
                0x08007f36      0x12e build/usbh_msc.o
 .text.USBH_MSC_RdWrProcess
                0x08008064      0x124 build/usbh_msc.o
 .text.USBH_MSC_UnitIsReady
                0x08008188       0x24 build/usbh_msc.o
                0x08008188                USBH_MSC_UnitIsReady
 .text.USBH_MSC_GetLUNInfo
                0x080081ac       0x44 build/usbh_msc.o
                0x080081ac                USBH_MSC_GetLUNInfo
 .text.USBH_MSC_Read
                0x080081f0       0x92 build/usbh_msc.o
                0x080081f0                USBH_MSC_Read
 .text.USBH_MSC_Write
                0x08008282       0x92 build/usbh_msc.o
                0x08008282                USBH_MSC_Write
 .text.ip_reass_dequeue_datagram
                0x08008314       0x24 build/ip4_frag.o
 .text.ip_reass_free_complete_datagram
                0x08008338       0x80 build/ip4_frag.o
 .text.ip_reass_remove_oldest_datagram
                0x080083b8       0x84 build/ip4_frag.o
 .text.ip_frag_free_pbuf_custom_ref
                0x0800843c        0xc build/ip4_frag.o
 .text.ipfrag_free_pbuf_custom
                0x08008448       0x14 build/ip4_frag.o
 .text.ip_reass_chain_frag_into_datagram_and_validate
                0x0800845c      0x10c build/ip4_frag.o
 .text.ip_frag_alloc_pbuf_custom_ref
                0x08008568        0xa build/ip4_frag.o
 *fill*         0x08008572        0x2 
 .text.ip_reass_enqueue_new_datagram
                0x08008574       0x60 build/ip4_frag.o
 .text.ip_reass_tmr
                0x080085d4       0x2c build/ip4_frag.o
                0x080085d4                ip_reass_tmr
 .text.ip4_reass
                0x08008600      0x184 build/ip4_frag.o
                0x08008600                ip4_reass
 .text.ip4_frag
                0x08008784      0x1a8 build/ip4_frag.o
                0x08008784                ip4_frag
 .text.USBH_initialize
                0x0800892c        0x4 build/usbh_diskio.o
                0x0800892c                USBH_initialize
 .text.USBH_status
                0x08008930       0x18 build/usbh_diskio.o
                0x08008930                USBH_status
 .text.USBH_read
                0x08008948       0x40 build/usbh_diskio.o
                0x08008948                USBH_read
 .text.USBH_ioctl
                0x08008988       0x68 build/usbh_diskio.o
                0x08008988                USBH_ioctl
 .text.USBH_write
                0x080089f0       0x4c build/usbh_diskio.o
                0x080089f0                USBH_write
 .text.plug_holes
                0x08008a3c       0x6c build/mem.o
 .text.mem_init
                0x08008aa8       0x48 build/mem.o
                0x08008aa8                mem_init
 .text.mem_free
                0x08008af0       0x5c build/mem.o
                0x08008af0                mem_free
 .text.mem_trim
                0x08008b4c       0xf4 build/mem.o
                0x08008b4c                mem_trim
 .text.mem_malloc
                0x08008c40       0xd4 build/mem.o
                0x08008c40                mem_malloc
 .text.tcpip_thread
                0x08008d14       0x7c build/tcpip.o
 .text.tcpip_inpkt
                0x08008d90       0x4c build/tcpip.o
                0x08008d90                tcpip_inpkt
 .text.tcpip_input
                0x08008ddc       0x24 build/tcpip.o
                0x08008ddc                tcpip_input
 .text.tcpip_callback_with_block
                0x08008e00       0x58 build/tcpip.o
                0x08008e00                tcpip_callback_with_block
 .text.tcpip_init
                0x08008e58       0x50 build/tcpip.o
                0x08008e58                tcpip_init
 .text.ETH_MACAddressConfig
                0x08008ea8       0x30 build/stm32f7xx_hal_eth.o
 .text.ETH_DMATransmissionEnable
                0x08008ed8       0x10 build/stm32f7xx_hal_eth.o
 .text.ETH_DMAReceptionEnable
                0x08008ee8       0x10 build/stm32f7xx_hal_eth.o
 .text.ETH_MACDMAConfig
                0x08008ef8      0x118 build/stm32f7xx_hal_eth.o
 .text.ETH_MACTransmissionEnable
                0x08009010       0x2a build/stm32f7xx_hal_eth.o
 .text.ETH_MACReceptionEnable
                0x0800903a       0x2a build/stm32f7xx_hal_eth.o
 .text.ETH_FlushTransmitFIFO
                0x08009064       0x2e build/stm32f7xx_hal_eth.o
 .text.HAL_ETH_DMATxDescListInit
                0x08009092       0x72 build/stm32f7xx_hal_eth.o
                0x08009092                HAL_ETH_DMATxDescListInit
 .text.HAL_ETH_DMARxDescListInit
                0x08009104       0x6c build/stm32f7xx_hal_eth.o
                0x08009104                HAL_ETH_DMARxDescListInit
 .text.HAL_ETH_TransmitFrame
                0x08009170      0x124 build/stm32f7xx_hal_eth.o
                0x08009170                HAL_ETH_TransmitFrame
 .text.HAL_ETH_GetReceivedFrame_IT
                0x08009294       0x98 build/stm32f7xx_hal_eth.o
                0x08009294                HAL_ETH_GetReceivedFrame_IT
 .text.HAL_ETH_TxCpltCallback
                0x0800932c        0x2 build/stm32f7xx_hal_eth.o
                0x0800932c                HAL_ETH_TxCpltCallback
 .text.HAL_ETH_ErrorCallback
                0x0800932e        0x2 build/stm32f7xx_hal_eth.o
                0x0800932e                HAL_ETH_ErrorCallback
 .text.HAL_ETH_IRQHandler
                0x08009330       0x8c build/stm32f7xx_hal_eth.o
                0x08009330                HAL_ETH_IRQHandler
 .text.HAL_ETH_ReadPHYRegister
                0x080093bc       0x78 build/stm32f7xx_hal_eth.o
                0x080093bc                HAL_ETH_ReadPHYRegister
 .text.HAL_ETH_WritePHYRegister
                0x08009434       0x74 build/stm32f7xx_hal_eth.o
                0x08009434                HAL_ETH_WritePHYRegister
 .text.HAL_ETH_Init
                0x080094a8      0x254 build/stm32f7xx_hal_eth.o
                0x080094a8                HAL_ETH_Init
 .text.HAL_ETH_Start
                0x080096fc       0x44 build/stm32f7xx_hal_eth.o
                0x080096fc                HAL_ETH_Start
 .text.DeInitStateMachine
                0x08009740       0x4c build/usbh_core.o
 .text.USBH_HandleSof
                0x0800978c       0x1a build/usbh_core.o
 .text.USBH_HandleEnum
                0x080097a6      0x1a2 build/usbh_core.o
 .text.USBH_Init
                0x08009948       0x68 build/usbh_core.o
                0x08009948                USBH_Init
 .text.USBH_RegisterClass
                0x080099b0       0x22 build/usbh_core.o
                0x080099b0                USBH_RegisterClass
 .text.USBH_SelectInterface
                0x080099d2       0x14 build/usbh_core.o
                0x080099d2                USBH_SelectInterface
 .text.USBH_FindInterface
                0x080099e6       0x52 build/usbh_core.o
                0x080099e6                USBH_FindInterface
 .text.USBH_Start
                0x08009a38       0x14 build/usbh_core.o
                0x08009a38                USBH_Start
 .text.USBH_Process
                0x08009a4c      0x1ce build/usbh_core.o
                0x08009a4c                USBH_Process
 .text.USBH_Process_OS
                0x08009c1a       0x22 build/usbh_core.o
 .text.USBH_LL_SetTimer
                0x08009c3c        0x6 build/usbh_core.o
                0x08009c3c                USBH_LL_SetTimer
 .text.USBH_LL_IncTimer
                0x08009c42       0x12 build/usbh_core.o
                0x08009c42                USBH_LL_IncTimer
 .text.USBH_LL_Connect
                0x08009c54       0x36 build/usbh_core.o
                0x08009c54                USBH_LL_Connect
 .text.USBH_LL_Disconnect
                0x08009c8a       0x44 build/usbh_core.o
                0x08009c8a                USBH_LL_Disconnect
 .text.USBH_LL_NotifyURBChange
                0x08009cce       0x12 build/usbh_core.o
                0x08009cce                USBH_LL_NotifyURBChange
 .text.HAL_PWREx_EnableOverDrive
                0x08009ce0       0x7c build/stm32f7xx_hal_pwr_ex.o
                0x08009ce0                HAL_PWREx_EnableOverDrive
 .text.ip4_addr_isbroadcast_u32
                0x08009d5c       0x40 build/ip4_addr.o
                0x08009d5c                ip4_addr_isbroadcast_u32
 .text.HAL_Init
                0x08009d9c       0x16 build/stm32f7xx_hal.o
                0x08009d9c                HAL_Init
 *fill*         0x08009db2        0x2 
 .text.HAL_IncTick
                0x08009db4       0x10 build/stm32f7xx_hal.o
                0x08009db4                HAL_IncTick
 .text.HAL_GetTick
                0x08009dc4        0xc build/stm32f7xx_hal.o
                0x08009dc4                HAL_GetTick
 .text.HAL_Delay
                0x08009dd0       0x1c build/stm32f7xx_hal.o
                0x08009dd0                HAL_Delay
 .text.MX_GPIO_Init
                0x08009dec       0xf4 build/main.o
 .text.StartDefaultTask
                0x08009ee0       0x1a build/main.o
                0x08009ee0                StartDefaultTask
 *fill*         0x08009efa        0x2 
 .text.__io_putchar
                0x08009efc       0x24 build/main.o
                0x08009efc                __io_putchar
 .text.HAL_TIM_PeriodElapsedCallback
                0x08009f20       0x18 build/main.o
                0x08009f20                HAL_TIM_PeriodElapsedCallback
 .text._Error_Handler
                0x08009f38        0x2 build/main.o
                0x08009f38                _Error_Handler
 *fill*         0x08009f3a        0x2 
 .text.MX_USART3_UART_Init
                0x08009f3c       0x44 build/main.o
 .text.SystemClock_Config
                0x08009f80       0xec build/main.o
                0x08009f80                SystemClock_Config
 .text.main     0x0800a06c       0x3c build/main.o
                0x0800a06c                main
 .text.prvResetNextTaskUnblockTime
                0x0800a0a8       0x34 build/tasks.o
 .text.prvDeleteTCB
                0x0800a0dc       0x12 build/tasks.o
 .text.prvInitialiseNewTask
                0x0800a0ee       0x80 build/tasks.o
 *fill*         0x0800a16e        0x2 
 .text.prvInitialiseTaskLists
                0x0800a170       0x68 build/tasks.o
 .text.prvAddNewTaskToReadyList
                0x0800a1d8       0xa8 build/tasks.o
 .text.prvAddCurrentTaskToDelayedList
                0x0800a280       0xa0 build/tasks.o
 .text.xTaskCreate
                0x0800a320       0x62 build/tasks.o
                0x0800a320                xTaskCreate
 *fill*         0x0800a382        0x2 
 .text.vTaskStartScheduler
                0x0800a384       0x84 build/tasks.o
                0x0800a384                vTaskStartScheduler
 .text.vTaskSuspendAll
                0x0800a408       0x10 build/tasks.o
                0x0800a408                vTaskSuspendAll
 .text.xTaskGetTickCount
                0x0800a418        0xc build/tasks.o
                0x0800a418                xTaskGetTickCount
 .text.xTaskGetTickCountFromISR
                0x0800a424       0x10 build/tasks.o
                0x0800a424                xTaskGetTickCountFromISR
 .text.xTaskIncrementTick
                0x0800a434      0x124 build/tasks.o
                0x0800a434                xTaskIncrementTick
 .text.xTaskResumeAll
                0x0800a558      0x100 build/tasks.o
                0x0800a558                xTaskResumeAll
 .text.vTaskDelay
                0x0800a658       0x54 build/tasks.o
                0x0800a658                vTaskDelay
 .text.prvCheckTasksWaitingTermination
                0x0800a6ac       0x5c build/tasks.o
 .text.prvIdleTask
                0x0800a708       0x28 build/tasks.o
 .text.vTaskSwitchContext
                0x0800a730       0xa0 build/tasks.o
                0x0800a730                vTaskSwitchContext
 .text.vTaskPlaceOnEventList
                0x0800a7d0       0x34 build/tasks.o
                0x0800a7d0                vTaskPlaceOnEventList
 .text.xTaskRemoveFromEventList
                0x0800a804       0x90 build/tasks.o
                0x0800a804                xTaskRemoveFromEventList
 .text.vTaskSetTimeOutState
                0x0800a894       0x30 build/tasks.o
                0x0800a894                vTaskSetTimeOutState
 .text.xTaskCheckForTimeOut
                0x0800a8c4       0x88 build/tasks.o
                0x0800a8c4                xTaskCheckForTimeOut
 .text.vTaskMissedYield
                0x0800a94c        0xc build/tasks.o
                0x0800a94c                vTaskMissedYield
 .text.xTaskGetSchedulerState
                0x0800a958       0x20 build/tasks.o
                0x0800a958                xTaskGetSchedulerState
 .text.vTaskPriorityInherit
                0x0800a978       0xa4 build/tasks.o
                0x0800a978                vTaskPriorityInherit
 .text.xTaskPriorityDisinherit
                0x0800aa1c       0xbc build/tasks.o
                0x0800aa1c                xTaskPriorityDisinherit
 .text.pvTaskIncrementMutexHeldCount
                0x0800aad8       0x1c build/tasks.o
                0x0800aad8                pvTaskIncrementMutexHeldCount
 .text.SystemInit
                0x0800aaf4       0x50 build/system_stm32f7xx.o
                0x0800aaf4                SystemInit
 .text.prvIsQueueFull
                0x0800ab44       0x1e build/queue.o
 .text.prvIsQueueEmpty
                0x0800ab62       0x1a build/queue.o
 .text.prvCopyDataToQueue
                0x0800ab7c       0x76 build/queue.o
 .text.prvCopyDataFromQueue
                0x0800abf2       0x24 build/queue.o
 .text.prvUnlockQueue
                0x0800ac16       0x6e build/queue.o
 .text.xQueueGenericReset
                0x0800ac84       0x84 build/queue.o
                0x0800ac84                xQueueGenericReset
 .text.prvInitialiseNewQueue
                0x0800ad08       0x1c build/queue.o
 .text.xQueueGenericCreate
                0x0800ad24       0x4c build/queue.o
                0x0800ad24                xQueueGenericCreate
 .text.xQueueGenericSend
                0x0800ad70      0x198 build/queue.o
                0x0800ad70                xQueueGenericSend
 .text.prvInitialiseMutex
                0x0800af08       0x18 build/queue.o
 .text.xQueueCreateMutex
                0x0800af20       0x16 build/queue.o
                0x0800af20                xQueueCreateMutex
 .text.xQueueGenericSendFromISR
                0x0800af36       0xee build/queue.o
                0x0800af36                xQueueGenericSendFromISR
 .text.xQueueGiveFromISR
                0x0800b024       0xcc build/queue.o
                0x0800b024                xQueueGiveFromISR
 .text.xQueueGenericReceive
                0x0800b0f0      0x1bc build/queue.o
                0x0800b0f0                xQueueGenericReceive
 .text.xQueueReceiveFromISR
                0x0800b2ac       0xc2 build/queue.o
                0x0800b2ac                xQueueReceiveFromISR
 *fill*         0x0800b36e        0x2 
 .text.HAL_RCC_OscConfig
                0x0800b370      0x3d4 build/stm32f7xx_hal_rcc.o
                0x0800b370                HAL_RCC_OscConfig
 .text.HAL_RCC_GetSysClockFreq
                0x0800b744       0x6c build/stm32f7xx_hal_rcc.o
                0x0800b744                HAL_RCC_GetSysClockFreq
 .text.HAL_RCC_ClockConfig
                0x0800b7b0      0x140 build/stm32f7xx_hal_rcc.o
                0x0800b7b0                HAL_RCC_ClockConfig
 .text.HAL_RCC_GetHCLKFreq
                0x0800b8f0        0xc build/stm32f7xx_hal_rcc.o
                0x0800b8f0                HAL_RCC_GetHCLKFreq
 .text.HAL_RCC_GetPCLK1Freq
                0x0800b8fc       0x20 build/stm32f7xx_hal_rcc.o
                0x0800b8fc                HAL_RCC_GetPCLK1Freq
 .text.HAL_RCC_GetPCLK2Freq
                0x0800b91c       0x20 build/stm32f7xx_hal_rcc.o
                0x0800b91c                HAL_RCC_GetPCLK2Freq
 .text.HAL_RCC_GetClockConfig
                0x0800b93c       0x3c build/stm32f7xx_hal_rcc.o
                0x0800b93c                HAL_RCC_GetClockConfig
 .text.HAL_InitTick
                0x0800b978       0x7c build/stm32f7xx_hal_timebase_TIM.o
                0x0800b978                HAL_InitTick
 .text.makeFreeRtosPriority
                0x0800b9f4        0xc build/cmsis_os.o
 .text.inHandlerMode
                0x0800ba00        0xc build/cmsis_os.o
 .text.osKernelStart
                0x0800ba0c        0xa build/cmsis_os.o
                0x0800ba0c                osKernelStart
 .text.osKernelSysTick
                0x0800ba16       0x14 build/cmsis_os.o
                0x0800ba16                osKernelSysTick
 .text.osThreadCreate
                0x0800ba2a       0x34 build/cmsis_os.o
                0x0800ba2a                osThreadCreate
 .text.osDelay  0x0800ba5e       0x12 build/cmsis_os.o
                0x0800ba5e                osDelay
 .text.osMutexCreate
                0x0800ba70        0xa build/cmsis_os.o
                0x0800ba70                osMutexCreate
 *fill*         0x0800ba7a        0x2 
 .text.osMutexWait
                0x0800ba7c       0x74 build/cmsis_os.o
                0x0800ba7c                osMutexWait
 .text.osMutexRelease
                0x0800baf0       0x5c build/cmsis_os.o
                0x0800baf0                osMutexRelease
 .text.osSemaphoreCreate
                0x0800bb4c       0x26 build/cmsis_os.o
                0x0800bb4c                osSemaphoreCreate
 *fill*         0x0800bb72        0x2 
 .text.osSemaphoreWait
                0x0800bb74       0x74 build/cmsis_os.o
                0x0800bb74                osSemaphoreWait
 .text.osSemaphoreRelease
                0x0800bbe8       0x5c build/cmsis_os.o
                0x0800bbe8                osSemaphoreRelease
 .text.osMessageCreate
                0x0800bc44        0xe build/cmsis_os.o
                0x0800bc44                osMessageCreate
 *fill*         0x0800bc52        0x2 
 .text.osMessagePut
                0x0800bc54       0x68 build/cmsis_os.o
                0x0800bc54                osMessagePut
 .text.osMessageGet
                0x0800bcbc       0xa0 build/cmsis_os.o
                0x0800bcbc                osMessageGet
 .text.osSystickHandler
                0x0800bd5c       0x10 build/cmsis_os.o
                0x0800bd5c                osSystickHandler
 .text._sbrk    0x0800bd6c       0x48 build/syscalls.o
                0x0800bd6c                _sbrk
 .text._write   0x0800bdb4       0x1c build/syscalls.o
                0x0800bdb4                _write
 .text._close   0x0800bdd0        0x6 build/syscalls.o
                0x0800bdd0                _close
 .text._fstat   0x0800bdd6        0xa build/syscalls.o
                0x0800bdd6                _fstat
 .text._isatty  0x0800bde0        0x4 build/syscalls.o
                0x0800bde0                _isatty
 .text._lseek   0x0800bde4        0x4 build/syscalls.o
                0x0800bde4                _lseek
 .text._read    0x0800bde8       0x1e build/syscalls.o
                0x0800bde8                _read
 *fill*         0x0800be06        0x2 
 .text.sys_timeouts_sleeptime
                0x0800be08       0x34 build/timeouts.o
 .text.sys_check_timeouts
                0x0800be3c       0x70 build/timeouts.o
 .text.sys_timeout
                0x0800beac       0xa0 build/timeouts.o
                0x0800beac                sys_timeout
 .text.tcp_timer_needed
                0x0800bf4c       0x3c build/timeouts.o
                0x0800bf4c                tcp_timer_needed
 .text.tcpip_tcp_timer
                0x0800bf88       0x38 build/timeouts.o
 .text.sys_timeouts_init
                0x0800bfc0       0x34 build/timeouts.o
                0x0800bfc0                sys_timeouts_init
 .text.cyclic_timer
                0x0800bff4       0x18 build/timeouts.o
 .text.sys_timeouts_mbox_fetch
                0x0800c00c       0x40 build/timeouts.o
                0x0800c00c                sys_timeouts_mbox_fetch
 .text.icmp_send_response
                0x0800c04c       0x88 build/icmp.o
 .text.icmp_input
                0x0800c0d4      0x118 build/icmp.o
                0x0800c0d4                icmp_input
 .text.icmp_dest_unreach
                0x0800c1ec        0xc build/icmp.o
                0x0800c1ec                icmp_dest_unreach
 .text.icmp_time_exceeded
                0x0800c1f8        0xc build/icmp.o
                0x0800c1f8                icmp_time_exceeded
 .text.SysTick_Handler
                0x0800c204        0x8 build/stm32f7xx_it.o
                0x0800c204                SysTick_Handler
 .text.TIM6_DAC_IRQHandler
                0x0800c20c       0x10 build/stm32f7xx_it.o
                0x0800c20c                TIM6_DAC_IRQHandler
 .text.ETH_IRQHandler
                0x0800c21c       0x10 build/stm32f7xx_it.o
                0x0800c21c                ETH_IRQHandler
 .text.OTG_FS_IRQHandler
                0x0800c22c       0x10 build/stm32f7xx_it.o
                0x0800c22c                OTG_FS_IRQHandler
 .text.dhcp_set_state
                0x0800c23c       0x10 build/dhcp.o
 .text.dhcp_option
                0x0800c24c       0x22 build/dhcp.o
 .text.dhcp_option_byte
                0x0800c26e       0x16 build/dhcp.o
 .text.dhcp_option_short
                0x0800c284       0x26 build/dhcp.o
 .text.dhcp_option_long
                0x0800c2aa       0x4a build/dhcp.o
 .text.dhcp_option_trailer
                0x0800c2f4       0x36 build/dhcp.o
 *fill*         0x0800c32a        0x2 
 .text.dhcp_create_msg
                0x0800c32c      0x180 build/dhcp.o
 .text.dhcp_handle_ack
                0x0800c4ac       0x7c build/dhcp.o
 .text.dhcp_delete_msg
                0x0800c528       0x18 build/dhcp.o
 .text.dhcp_discover
                0x0800c540       0xcc build/dhcp.o
 .text.dhcp_select
                0x0800c60c       0xf8 build/dhcp.o
 .text.dhcp_handle_offer
                0x0800c704       0x2c build/dhcp.o
 .text.dhcp_decline
                0x0800c730       0x84 build/dhcp.o
 .text.dhcp_rebind
                0x0800c7b4       0xc8 build/dhcp.o
 .text.dhcp_t2_timeout
                0x0800c87c       0x34 build/dhcp.o
 .text.dhcp_reboot
                0x0800c8b0       0xe0 build/dhcp.o
 .text.dhcp_check
                0x0800c990       0x2a build/dhcp.o
 *fill*         0x0800c9ba        0x2 
 .text.dhcp_bind
                0x0800c9bc       0xfc build/dhcp.o
 .text.dhcp_handle_nak
                0x0800cab8       0x24 build/dhcp.o
 .text.dhcp_dec_pcb_refcount
                0x0800cadc       0x28 build/dhcp.o
 .text.dhcp_inc_pcb_refcount
                0x0800cb04       0x60 build/dhcp.o
 .text.dhcp_parse_reply
                0x0800cb64      0x39c build/dhcp.o
 .text.dhcp_recv
                0x0800cf00       0xf4 build/dhcp.o
 .text.dhcp_arp_reply
                0x0800cff4       0x24 build/dhcp.o
                0x0800cff4                dhcp_arp_reply
 .text.dhcp_renew
                0x0800d018       0xc4 build/dhcp.o
                0x0800d018                dhcp_renew
 .text.dhcp_t1_timeout
                0x0800d0dc       0x30 build/dhcp.o
 .text.dhcp_stop
                0x0800d10c       0x22 build/dhcp.o
                0x0800d10c                dhcp_stop
 .text.dhcp_start
                0x0800d12e       0x80 build/dhcp.o
                0x0800d12e                dhcp_start
 .text.dhcp_supplied_address
                0x0800d1ae       0x1e build/dhcp.o
                0x0800d1ae                dhcp_supplied_address
 .text.dhcp_release
                0x0800d1cc       0xb0 build/dhcp.o
                0x0800d1cc                dhcp_release
 .text.dhcp_coarse_tmr
                0x0800d27c       0x64 build/dhcp.o
                0x0800d27c                dhcp_coarse_tmr
 .text.dhcp_timeout
                0x0800d2e0       0x60 build/dhcp.o
 .text.dhcp_fine_tmr
                0x0800d340       0x34 build/dhcp.o
                0x0800d340                dhcp_fine_tmr
 .text.ethernet_input
                0x0800d374       0xa8 build/ethernet.o
                0x0800d374                ethernet_input
 .text.ethernet_output
                0x0800d41c       0x4c build/ethernet.o
                0x0800d41c                ethernet_output
 .text.MX_FATFS_Init
                0x0800d468       0x1c build/fatfs.o
                0x0800d468                MX_FATFS_Init
 .text.HAL_MspInit
                0x0800d484       0x5e build/stm32f7xx_hal_msp.o
                0x0800d484                HAL_MspInit
 *fill*         0x0800d4e2        0x2 
 .text.HAL_UART_MspInit
                0x0800d4e4       0x50 build/stm32f7xx_hal_msp.o
                0x0800d4e4                HAL_UART_MspInit
 .text.netif_issue_reports
                0x0800d534       0x22 build/netif.o
 .text.netif_init
                0x0800d556        0x2 build/netif.o
                0x0800d556                netif_init
 .text.netif_set_ipaddr
                0x0800d558       0x4c build/netif.o
                0x0800d558                netif_set_ipaddr
 .text.netif_set_gw
                0x0800d5a4        0xc build/netif.o
                0x0800d5a4                netif_set_gw
 .text.netif_set_netmask
                0x0800d5b0        0xc build/netif.o
                0x0800d5b0                netif_set_netmask
 .text.netif_set_addr
                0x0800d5bc       0x42 build/netif.o
                0x0800d5bc                netif_set_addr
 *fill*         0x0800d5fe        0x2 
 .text.netif_add
                0x0800d600       0x50 build/netif.o
                0x0800d600                netif_add
 .text.netif_set_default
                0x0800d650        0xc build/netif.o
                0x0800d650                netif_set_default
 .text.netif_set_up
                0x0800d65c       0x24 build/netif.o
                0x0800d65c                netif_set_up
 .text.netif_set_down
                0x0800d680       0x22 build/netif.o
                0x0800d680                netif_set_down
 *fill*         0x0800d6a2        0x2 
 .text.FATFS_LinkDriverEx
                0x0800d6a4       0x48 build/ff_gen_drv.o
                0x0800d6a4                FATFS_LinkDriverEx
 .text.FATFS_LinkDriver
                0x0800d6ec        0xa build/ff_gen_drv.o
                0x0800d6ec                FATFS_LinkDriver
 .text.vListInitialise
                0x0800d6f6       0x16 build/list.o
                0x0800d6f6                vListInitialise
 .text.vListInitialiseItem
                0x0800d70c        0x6 build/list.o
                0x0800d70c                vListInitialiseItem
 .text.vListInsertEnd
                0x0800d712       0x18 build/list.o
                0x0800d712                vListInsertEnd
 .text.vListInsert
                0x0800d72a       0x34 build/list.o
                0x0800d72a                vListInsert
 .text.uxListRemove
                0x0800d75e       0x26 build/list.o
                0x0800d75e                uxListRemove
 .text.HAL_GPIO_Init
                0x0800d784      0x1dc build/stm32f7xx_hal_gpio.o
                0x0800d784                HAL_GPIO_Init
 .text.HAL_GPIO_WritePin
                0x0800d960        0xc build/stm32f7xx_hal_gpio.o
                0x0800d960                HAL_GPIO_WritePin
 .text.test     0x0800d96c       0x18 build/test.o
                0x0800d96c                test
 .text.Reset_Handler
                0x0800d984       0x50 build/startup_stm32f746xx.o
                0x0800d984                Reset_Handler
 .text.Default_Handler
                0x0800d9d4        0x2 build/startup_stm32f746xx.o
                0x0800d9d4                RTC_Alarm_IRQHandler
                0x0800d9d4                EXTI2_IRQHandler
                0x0800d9d4                TIM8_CC_IRQHandler
                0x0800d9d4                DebugMon_Handler
                0x0800d9d4                UART8_IRQHandler
                0x0800d9d4                SPI4_IRQHandler
                0x0800d9d4                TIM1_CC_IRQHandler
                0x0800d9d4                DMA2_Stream5_IRQHandler
                0x0800d9d4                HardFault_Handler
                0x0800d9d4                DMA1_Stream5_IRQHandler
                0x0800d9d4                PVD_IRQHandler
                0x0800d9d4                TAMP_STAMP_IRQHandler
                0x0800d9d4                NMI_Handler
                0x0800d9d4                CAN2_RX1_IRQHandler
                0x0800d9d4                EXTI3_IRQHandler
                0x0800d9d4                TIM8_TRG_COM_TIM14_IRQHandler
                0x0800d9d4                TIM1_UP_TIM10_IRQHandler
                0x0800d9d4                TIM8_UP_TIM13_IRQHandler
                0x0800d9d4                I2C3_ER_IRQHandler
                0x0800d9d4                EXTI0_IRQHandler
                0x0800d9d4                I2C2_EV_IRQHandler
                0x0800d9d4                DMA1_Stream2_IRQHandler
                0x0800d9d4                CAN1_RX0_IRQHandler
                0x0800d9d4                FPU_IRQHandler
                0x0800d9d4                OTG_HS_WKUP_IRQHandler
                0x0800d9d4                UsageFault_Handler
                0x0800d9d4                LTDC_ER_IRQHandler
                0x0800d9d4                CAN2_SCE_IRQHandler
                0x0800d9d4                DMA2_Stream2_IRQHandler
                0x0800d9d4                SPI1_IRQHandler
                0x0800d9d4                TIM1_BRK_TIM9_IRQHandler
                0x0800d9d4                DCMI_IRQHandler
                0x0800d9d4                CAN2_RX0_IRQHandler
                0x0800d9d4                DMA2_Stream3_IRQHandler
                0x0800d9d4                SAI2_IRQHandler
                0x0800d9d4                USART6_IRQHandler
                0x0800d9d4                USART3_IRQHandler
                0x0800d9d4                CAN1_RX1_IRQHandler
                0x0800d9d4                UART5_IRQHandler
                0x0800d9d4                DMA2_Stream0_IRQHandler
                0x0800d9d4                TIM4_IRQHandler
                0x0800d9d4                QUADSPI_IRQHandler
                0x0800d9d4                I2C1_EV_IRQHandler
                0x0800d9d4                DMA1_Stream6_IRQHandler
                0x0800d9d4                DMA1_Stream1_IRQHandler
                0x0800d9d4                UART4_IRQHandler
                0x0800d9d4                TIM3_IRQHandler
                0x0800d9d4                RCC_IRQHandler
                0x0800d9d4                TIM8_BRK_TIM12_IRQHandler
                0x0800d9d4                Default_Handler
                0x0800d9d4                CEC_IRQHandler
                0x0800d9d4                EXTI15_10_IRQHandler
                0x0800d9d4                ADC_IRQHandler
                0x0800d9d4                DMA1_Stream7_IRQHandler
                0x0800d9d4                SPI5_IRQHandler
                0x0800d9d4                TIM7_IRQHandler
                0x0800d9d4                SDMMC1_IRQHandler
                0x0800d9d4                CAN2_TX_IRQHandler
                0x0800d9d4                TIM5_IRQHandler
                0x0800d9d4                DMA2_Stream7_IRQHandler
                0x0800d9d4                I2C3_EV_IRQHandler
                0x0800d9d4                EXTI9_5_IRQHandler
                0x0800d9d4                RTC_WKUP_IRQHandler
                0x0800d9d4                LTDC_IRQHandler
                0x0800d9d4                ETH_WKUP_IRQHandler
                0x0800d9d4                SPDIF_RX_IRQHandler
                0x0800d9d4                SPI2_IRQHandler
                0x0800d9d4                OTG_HS_EP1_IN_IRQHandler
                0x0800d9d4                MemManage_Handler
                0x0800d9d4                DMA1_Stream0_IRQHandler
                0x0800d9d4                CAN1_TX_IRQHandler
                0x0800d9d4                EXTI4_IRQHandler
                0x0800d9d4                RNG_IRQHandler
                0x0800d9d4                OTG_HS_EP1_OUT_IRQHandler
                0x0800d9d4                WWDG_IRQHandler
                0x0800d9d4                SPI6_IRQHandler
                0x0800d9d4                I2C4_EV_IRQHandler
                0x0800d9d4                TIM2_IRQHandler
                0x0800d9d4                OTG_FS_WKUP_IRQHandler
                0x0800d9d4                TIM1_TRG_COM_TIM11_IRQHandler
                0x0800d9d4                OTG_HS_IRQHandler
                0x0800d9d4                DMA2D_IRQHandler
                0x0800d9d4                EXTI1_IRQHandler
                0x0800d9d4                UART7_IRQHandler
                0x0800d9d4                USART2_IRQHandler
                0x0800d9d4                I2C2_ER_IRQHandler
                0x0800d9d4                DMA2_Stream1_IRQHandler
                0x0800d9d4                CAN1_SCE_IRQHandler
                0x0800d9d4                FLASH_IRQHandler
                0x0800d9d4                DMA2_Stream4_IRQHandler
                0x0800d9d4                BusFault_Handler
                0x0800d9d4                USART1_IRQHandler
                0x0800d9d4                SPI3_IRQHandler
                0x0800d9d4                DMA1_Stream4_IRQHandler
                0x0800d9d4                I2C1_ER_IRQHandler
                0x0800d9d4                FMC_IRQHandler
                0x0800d9d4                LPTIM1_IRQHandler
                0x0800d9d4                I2C4_ER_IRQHandler
                0x0800d9d4                DMA2_Stream6_IRQHandler
                0x0800d9d4                SAI1_IRQHandler
                0x0800d9d4                DMA1_Stream3_IRQHandler
 *fill*         0x0800d9d6        0x2 
 .text.__libc_init_array
                0x0800d9d8       0x48 c:/gcc_toolchain/6_2017-q1-update/bin/../lib/gcc/arm-none-eabi/6.3.1/../../../../arm-none-eabi/lib/thumb/v7e-m/fpv5-sp/hard\libc_nano.a(lib_a-init.o)
                0x0800d9d8                __libc_init_array
 .text.malloc   0x0800da20       0x10 c:/gcc_toolchain/6_2017-q1-update/bin/../lib/gcc/arm-none-eabi/6.3.1/../../../../arm-none-eabi/lib/thumb/v7e-m/fpv5-sp/hard\libc_nano.a(lib_a-malloc.o)
                0x0800da20                malloc
 .text.free     0x0800da30       0x10 c:/gcc_toolchain/6_2017-q1-update/bin/../lib/gcc/arm-none-eabi/6.3.1/../../../../arm-none-eabi/lib/thumb/v7e-m/fpv5-sp/hard\libc_nano.a(lib_a-malloc.o)
                0x0800da30                free
 .text.memcmp   0x0800da40       0x1e c:/gcc_toolchain/6_2017-q1-update/bin/../lib/gcc/arm-none-eabi/6.3.1/../../../../arm-none-eabi/lib/thumb/v7e-m/fpv5-sp/hard\libc_nano.a(lib_a-memcmp.o)
                0x0800da40                memcmp
 .text.memcpy   0x0800da5e       0x16 c:/gcc_toolchain/6_2017-q1-update/bin/../lib/gcc/arm-none-eabi/6.3.1/../../../../arm-none-eabi/lib/thumb/v7e-m/fpv5-sp/hard\libc_nano.a(lib_a-memcpy-stub.o)
                0x0800da5e                memcpy
 .text.memset   0x0800da74       0x10 c:/gcc_toolchain/6_2017-q1-update/bin/../lib/gcc/arm-none-eabi/6.3.1/../../../../arm-none-eabi/lib/thumb/v7e-m/fpv5-sp/hard\libc_nano.a(lib_a-memset.o)
                0x0800da74                memset
 .text._free_r  0x0800da84       0x9c c:/gcc_toolchain/6_2017-q1-update/bin/../lib/gcc/arm-none-eabi/6.3.1/../../../../arm-none-eabi/lib/thumb/v7e-m/fpv5-sp/hard\libc_nano.a(lib_a-nano-freer.o)
                0x0800da84                _free_r
 .text._malloc_r
                0x0800db20       0xbc c:/gcc_toolchain/6_2017-q1-update/bin/../lib/gcc/arm-none-eabi/6.3.1/../../../../arm-none-eabi/lib/thumb/v7e-m/fpv5-sp/hard\libc_nano.a(lib_a-nano-mallocr.o)
                0x0800db20                _malloc_r
 .text._puts_r  0x0800dbdc       0xb8 c:/gcc_toolchain/6_2017-q1-update/bin/../lib/gcc/arm-none-eabi/6.3.1/../../../../arm-none-eabi/lib/thumb/v7e-m/fpv5-sp/hard\libc_nano.a(lib_a-puts.o)
                0x0800dbdc                _puts_r
 .text.puts     0x0800dc94       0x10 c:/gcc_toolchain/6_2017-q1-update/bin/../lib/gcc/arm-none-eabi/6.3.1/../../../../arm-none-eabi/lib/thumb/v7e-m/fpv5-sp/hard\libc_nano.a(lib_a-puts.o)
                0x0800dc94                puts
 .text.rand     0x0800dca4       0x74 c:/gcc_toolchain/6_2017-q1-update/bin/../lib/gcc/arm-none-eabi/6.3.1/../../../../arm-none-eabi/lib/thumb/v7e-m/fpv5-sp/hard\libc_nano.a(lib_a-rand.o)
                0x0800dca4                rand
 .text._sbrk_r  0x0800dd18       0x20 c:/gcc_toolchain/6_2017-q1-update/bin/../lib/gcc/arm-none-eabi/6.3.1/../../../../arm-none-eabi/lib/thumb/v7e-m/fpv5-sp/hard\libc_nano.a(lib_a-sbrkr.o)
                0x0800dd18                _sbrk_r
 .text.__swbuf_r
                0x0800dd38       0xa4 c:/gcc_toolchain/6_2017-q1-update/bin/../lib/gcc/arm-none-eabi/6.3.1/../../../../arm-none-eabi/lib/thumb/v7e-m/fpv5-sp/hard\libc_nano.a(lib_a-wbuf.o)
                0x0800dd38                __swbuf_r
 .text.__swsetup_r
                0x0800dddc       0xdc c:/gcc_toolchain/6_2017-q1-update/bin/../lib/gcc/arm-none-eabi/6.3.1/../../../../arm-none-eabi/lib/thumb/v7e-m/fpv5-sp/hard\libc_nano.a(lib_a-wsetup.o)
                0x0800dddc                __swsetup_r
 .text.__sflush_r
                0x0800deb8      0x110 c:/gcc_toolchain/6_2017-q1-update/bin/../lib/gcc/arm-none-eabi/6.3.1/../../../../arm-none-eabi/lib/thumb/v7e-m/fpv5-sp/hard\libc_nano.a(lib_a-fflush.o)
                0x0800deb8                __sflush_r
 .text._fflush_r
                0x0800dfc8       0x54 c:/gcc_toolchain/6_2017-q1-update/bin/../lib/gcc/arm-none-eabi/6.3.1/../../../../arm-none-eabi/lib/thumb/v7e-m/fpv5-sp/hard\libc_nano.a(lib_a-fflush.o)
                0x0800dfc8                _fflush_r
 .text._cleanup_r
                0x0800e01c        0xc c:/gcc_toolchain/6_2017-q1-update/bin/../lib/gcc/arm-none-eabi/6.3.1/../../../../arm-none-eabi/lib/thumb/v7e-m/fpv5-sp/hard\libc_nano.a(lib_a-findfp.o)
                0x0800e01c                _cleanup_r
 .text.std.isra.0
                0x0800e028       0x48 c:/gcc_toolchain/6_2017-q1-update/bin/../lib/gcc/arm-none-eabi/6.3.1/../../../../arm-none-eabi/lib/thumb/v7e-m/fpv5-sp/hard\libc_nano.a(lib_a-findfp.o)
 .text.__sfmoreglue
                0x0800e070       0x2c c:/gcc_toolchain/6_2017-q1-update/bin/../lib/gcc/arm-none-eabi/6.3.1/../../../../arm-none-eabi/lib/thumb/v7e-m/fpv5-sp/hard\libc_nano.a(lib_a-findfp.o)
                0x0800e070                __sfmoreglue
 .text.__sinit  0x0800e09c       0x60 c:/gcc_toolchain/6_2017-q1-update/bin/../lib/gcc/arm-none-eabi/6.3.1/../../../../arm-none-eabi/lib/thumb/v7e-m/fpv5-sp/hard\libc_nano.a(lib_a-findfp.o)
                0x0800e09c                __sinit
 .text.__sfp    0x0800e0fc       0x78 c:/gcc_toolchain/6_2017-q1-update/bin/../lib/gcc/arm-none-eabi/6.3.1/../../../../arm-none-eabi/lib/thumb/v7e-m/fpv5-sp/hard\libc_nano.a(lib_a-findfp.o)
                0x0800e0fc                __sfp
 .text._fwalk_reent
                0x0800e174       0x3c c:/gcc_toolchain/6_2017-q1-update/bin/../lib/gcc/arm-none-eabi/6.3.1/../../../../arm-none-eabi/lib/thumb/v7e-m/fpv5-sp/hard\libc_nano.a(lib_a-fwalk.o)
                0x0800e174                _fwalk_reent
 .text.__swhatbuf_r
                0x0800e1b0       0x48 c:/gcc_toolchain/6_2017-q1-update/bin/../lib/gcc/arm-none-eabi/6.3.1/../../../../arm-none-eabi/lib/thumb/v7e-m/fpv5-sp/hard\libc_nano.a(lib_a-makebuf.o)
                0x0800e1b0                __swhatbuf_r
 .text.__smakebuf_r
                0x0800e1f8       0x80 c:/gcc_toolchain/6_2017-q1-update/bin/../lib/gcc/arm-none-eabi/6.3.1/../../../../arm-none-eabi/lib/thumb/v7e-m/fpv5-sp/hard\libc_nano.a(lib_a-makebuf.o)
                0x0800e1f8                __smakebuf_r
 .text.__malloc_lock
                0x0800e278        0x2 c:/gcc_toolchain/6_2017-q1-update/bin/../lib/gcc/arm-none-eabi/6.3.1/../../../../arm-none-eabi/lib/thumb/v7e-m/fpv5-sp/hard\libc_nano.a(lib_a-mlock.o)
                0x0800e278                __malloc_lock
 .text.__malloc_unlock
                0x0800e27a        0x2 c:/gcc_toolchain/6_2017-q1-update/bin/../lib/gcc/arm-none-eabi/6.3.1/../../../../arm-none-eabi/lib/thumb/v7e-m/fpv5-sp/hard\libc_nano.a(lib_a-mlock.o)
                0x0800e27a                __malloc_unlock
 .text.__sread  0x0800e27c       0x22 c:/gcc_toolchain/6_2017-q1-update/bin/../lib/gcc/arm-none-eabi/6.3.1/../../../../arm-none-eabi/lib/thumb/v7e-m/fpv5-sp/hard\libc_nano.a(lib_a-stdio.o)
                0x0800e27c                __sread
 .text.__swrite
                0x0800e29e       0x38 c:/gcc_toolchain/6_2017-q1-update/bin/../lib/gcc/arm-none-eabi/6.3.1/../../../../arm-none-eabi/lib/thumb/v7e-m/fpv5-sp/hard\libc_nano.a(lib_a-stdio.o)
                0x0800e29e                __swrite
 .text.__sseek  0x0800e2d6       0x24 c:/gcc_toolchain/6_2017-q1-update/bin/../lib/gcc/arm-none-eabi/6.3.1/../../../../arm-none-eabi/lib/thumb/v7e-m/fpv5-sp/hard\libc_nano.a(lib_a-stdio.o)
                0x0800e2d6                __sseek
 .text.__sclose
                0x0800e2fa        0x8 c:/gcc_toolchain/6_2017-q1-update/bin/../lib/gcc/arm-none-eabi/6.3.1/../../../../arm-none-eabi/lib/thumb/v7e-m/fpv5-sp/hard\libc_nano.a(lib_a-stdio.o)
                0x0800e2fa                __sclose
 *fill*         0x0800e302        0x2 
 .text._write_r
                0x0800e304       0x24 c:/gcc_toolchain/6_2017-q1-update/bin/../lib/gcc/arm-none-eabi/6.3.1/../../../../arm-none-eabi/lib/thumb/v7e-m/fpv5-sp/hard\libc_nano.a(lib_a-writer.o)
                0x0800e304                _write_r
 .text._close_r
                0x0800e328       0x20 c:/gcc_toolchain/6_2017-q1-update/bin/../lib/gcc/arm-none-eabi/6.3.1/../../../../arm-none-eabi/lib/thumb/v7e-m/fpv5-sp/hard\libc_nano.a(lib_a-closer.o)
                0x0800e328                _close_r
 .text._fstat_r
                0x0800e348       0x24 c:/gcc_toolchain/6_2017-q1-update/bin/../lib/gcc/arm-none-eabi/6.3.1/../../../../arm-none-eabi/lib/thumb/v7e-m/fpv5-sp/hard\libc_nano.a(lib_a-fstatr.o)
                0x0800e348                _fstat_r
 .text._isatty_r
                0x0800e36c       0x20 c:/gcc_toolchain/6_2017-q1-update/bin/../lib/gcc/arm-none-eabi/6.3.1/../../../../arm-none-eabi/lib/thumb/v7e-m/fpv5-sp/hard\libc_nano.a(lib_a-isattyr.o)
                0x0800e36c                _isatty_r
 .text._lseek_r
                0x0800e38c       0x24 c:/gcc_toolchain/6_2017-q1-update/bin/../lib/gcc/arm-none-eabi/6.3.1/../../../../arm-none-eabi/lib/thumb/v7e-m/fpv5-sp/hard\libc_nano.a(lib_a-lseekr.o)
                0x0800e38c                _lseek_r
 .text._read_r  0x0800e3b0       0x24 c:/gcc_toolchain/6_2017-q1-update/bin/../lib/gcc/arm-none-eabi/6.3.1/../../../../arm-none-eabi/lib/thumb/v7e-m/fpv5-sp/hard\libc_nano.a(lib_a-readr.o)
                0x0800e3b0                _read_r
 *(.glue_7)
 .glue_7        0x0800e3d4        0x0 linker stubs
 *(.glue_7t)
 .glue_7t       0x0800e3d4        0x0 linker stubs
 *(.eh_frame)
 .eh_frame      0x0800e3d4        0x0 c:/gcc_toolchain/6_2017-q1-update/bin/../lib/gcc/arm-none-eabi/6.3.1/thumb/v7e-m/fpv5-sp/hard/crtbegin.o
 *(.init)
 .init          0x0800e3d4        0x4 c:/gcc_toolchain/6_2017-q1-update/bin/../lib/gcc/arm-none-eabi/6.3.1/thumb/v7e-m/fpv5-sp/hard/crti.o
                0x0800e3d4                _init
 .init          0x0800e3d8        0x8 c:/gcc_toolchain/6_2017-q1-update/bin/../lib/gcc/arm-none-eabi/6.3.1/thumb/v7e-m/fpv5-sp/hard/crtn.o
 *(.fini)
 .fini          0x0800e3e0        0x4 c:/gcc_toolchain/6_2017-q1-update/bin/../lib/gcc/arm-none-eabi/6.3.1/thumb/v7e-m/fpv5-sp/hard/crti.o
                0x0800e3e0                _fini
 .fini          0x0800e3e4        0x8 c:/gcc_toolchain/6_2017-q1-update/bin/../lib/gcc/arm-none-eabi/6.3.1/thumb/v7e-m/fpv5-sp/hard/crtn.o
                0x0800e3ec                . = ALIGN (0x4)
                0x0800e3ec                _etext = .

.vfp11_veneer   0x0800e3ec        0x0
 .vfp11_veneer  0x0800e3ec        0x0 linker stubs

.v4_bx          0x0800e3ec        0x0
 .v4_bx         0x0800e3ec        0x0 linker stubs

.iplt           0x0800e3ec        0x0
 .iplt          0x0800e3ec        0x0 c:/gcc_toolchain/6_2017-q1-update/bin/../lib/gcc/arm-none-eabi/6.3.1/thumb/v7e-m/fpv5-sp/hard/crtbegin.o

.rodata         0x0800e3ec      0x284
                0x0800e3ec                . = ALIGN (0x4)
 *(.rodata)
 .rodata        0x0800e3ec       0x14 build/ethernetif.o
 .rodata        0x0800e400       0x1c build/usbh_core.o
 .rodata        0x0800e41c       0x14 build/main.o
 *(.rodata*)
 .rodata.USBH_LL_Init.str1.4
                0x0800e430       0x10 build/usbh_conf.o
 .rodata.tcp_backoff
                0x0800e440        0xd build/tcp.o
 *fill*         0x0800e44d        0x3 
 .rodata.tcp_pcb_lists
                0x0800e450       0x10 build/tcp.o
                0x0800e450                tcp_pcb_lists
 .rodata.tcp_persist_backoff
                0x0800e460        0x7 build/tcp.o
 *fill*         0x0800e467        0x1 
 .rodata.str1.4
                0x0800e468        0x6 build/ethernetif.o
 *fill*         0x0800e46e        0x2 
 .rodata.memp_FRAG_PBUF
                0x0800e470        0xc build/memp.o
                0x0800e470                memp_FRAG_PBUF
 .rodata.memp_NETBUF
                0x0800e47c        0xc build/memp.o
                0x0800e47c                memp_NETBUF
 .rodata.memp_NETCONN
                0x0800e488        0xc build/memp.o
                0x0800e488                memp_NETCONN
 .rodata.memp_PBUF
                0x0800e494        0xc build/memp.o
                0x0800e494                memp_PBUF
 .rodata.memp_PBUF_POOL
                0x0800e4a0        0xc build/memp.o
                0x0800e4a0                memp_PBUF_POOL
 .rodata.memp_REASSDATA
                0x0800e4ac        0xc build/memp.o
                0x0800e4ac                memp_REASSDATA
 .rodata.memp_SYS_TIMEOUT
                0x0800e4b8        0xc build/memp.o
                0x0800e4b8                memp_SYS_TIMEOUT
 .rodata.memp_TCPIP_MSG_API
                0x0800e4c4        0xc build/memp.o
                0x0800e4c4                memp_TCPIP_MSG_API
 .rodata.memp_TCPIP_MSG_INPKT
                0x0800e4d0        0xc build/memp.o
                0x0800e4d0                memp_TCPIP_MSG_INPKT
 .rodata.memp_TCP_PCB
                0x0800e4dc        0xc build/memp.o
                0x0800e4dc                memp_TCP_PCB
 .rodata.memp_TCP_PCB_LISTEN
                0x0800e4e8        0xc build/memp.o
                0x0800e4e8                memp_TCP_PCB_LISTEN
 .rodata.memp_TCP_SEG
                0x0800e4f4        0xc build/memp.o
                0x0800e4f4                memp_TCP_SEG
 .rodata.memp_UDP_PCB
                0x0800e500        0xc build/memp.o
                0x0800e500                memp_UDP_PCB
 .rodata.memp_pools
                0x0800e50c       0x34 build/memp.o
                0x0800e50c                memp_pools
 .rodata.os_mutex_def_lwip_sys_mutex
                0x0800e540        0x4 build/sys_arch.o
                0x0800e540                os_mutex_def_lwip_sys_mutex
 .rodata.str1.4
                0x0800e544        0x4 build/usbh_msc.o
 .rodata.USBH_Driver
                0x0800e548       0x14 build/usbh_diskio.o
                0x0800e548                USBH_Driver
 .rodata.tcpip_init.str1.4
                0x0800e55c        0xd build/tcpip.o
 *fill*         0x0800e569        0x3 
 .rodata.str1.4
                0x0800e56c        0xc build/usbh_core.o
 .rodata.ip_addr_any
                0x0800e578        0x4 build/ip4_addr.o
                0x0800e578                ip_addr_any
 .rodata.ip_addr_broadcast
                0x0800e57c        0x4 build/ip4_addr.o
                0x0800e57c                ip_addr_broadcast
 .rodata.MX_USART3_UART_Init.str1.4
                0x0800e580        0xb build/main.o
 *fill*         0x0800e58b        0x1 
 .rodata.str1.4
                0x0800e58c        0xc build/main.o
 .rodata.vTaskStartScheduler.str1.4
                0x0800e598        0x5 build/tasks.o
 *fill*         0x0800e59d        0x3 
 .rodata.AHBPrescTable
                0x0800e5a0       0x10 build/system_stm32f7xx.o
                0x0800e5a0                AHBPrescTable
 .rodata.APBPrescTable
                0x0800e5b0        0x8 build/system_stm32f7xx.o
                0x0800e5b0                APBPrescTable
 .rodata.lwip_cyclic_timers
                0x0800e5b8       0x28 build/timeouts.o
                0x0800e5b8                lwip_cyclic_timers
 .rodata.dhcp_discover_request_options
                0x0800e5e0        0x4 build/dhcp.o
 .rodata.ethbroadcast
                0x0800e5e4        0x6 build/ethernet.o
                0x0800e5e4                ethbroadcast
 *fill*         0x0800e5ea        0x2 
 .rodata.ethzero
                0x0800e5ec        0x6 build/ethernet.o
                0x0800e5ec                ethzero
 *fill*         0x0800e5f2        0x2 
 .rodata.test.str1.4
                0x0800e5f4       0x18 build/test.o
                                 0x16 (size before relaxing)
 .rodata._global_impure_ptr
                0x0800e60c        0x4 c:/gcc_toolchain/6_2017-q1-update/bin/../lib/gcc/arm-none-eabi/6.3.1/../../../../arm-none-eabi/lib/thumb/v7e-m/fpv5-sp/hard\libc_nano.a(lib_a-impure.o)
                0x0800e60c                _global_impure_ptr
 .rodata.__sf_fake_stderr
                0x0800e610       0x20 c:/gcc_toolchain/6_2017-q1-update/bin/../lib/gcc/arm-none-eabi/6.3.1/../../../../arm-none-eabi/lib/thumb/v7e-m/fpv5-sp/hard\libc_nano.a(lib_a-findfp.o)
                0x0800e610                __sf_fake_stderr
 .rodata.__sf_fake_stdin
                0x0800e630       0x20 c:/gcc_toolchain/6_2017-q1-update/bin/../lib/gcc/arm-none-eabi/6.3.1/../../../../arm-none-eabi/lib/thumb/v7e-m/fpv5-sp/hard\libc_nano.a(lib_a-findfp.o)
                0x0800e630                __sf_fake_stdin
 .rodata.__sf_fake_stdout
                0x0800e650       0x20 c:/gcc_toolchain/6_2017-q1-update/bin/../lib/gcc/arm-none-eabi/6.3.1/../../../../arm-none-eabi/lib/thumb/v7e-m/fpv5-sp/hard\libc_nano.a(lib_a-findfp.o)
                0x0800e650                __sf_fake_stdout
                0x0800e670                . = ALIGN (0x4)

.rel.dyn        0x0800e670        0x0
 .rel.iplt      0x0800e670        0x0 c:/gcc_toolchain/6_2017-q1-update/bin/../lib/gcc/arm-none-eabi/6.3.1/thumb/v7e-m/fpv5-sp/hard/crtbegin.o

.ARM.extab
 *(.ARM.extab* .gnu.linkonce.armextab.*)

.ARM            0x0800e670        0x0
                0x0800e670                __exidx_start = .
 *(.ARM.exidx*)
                0x0800e670                __exidx_end = .

.preinit_array  0x0800e670        0x0
                0x0800e670                PROVIDE (__preinit_array_start, .)
 *(.preinit_array*)
                0x0800e670                PROVIDE (__preinit_array_end, .)

.init_array     0x0800e670        0x4
                0x0800e670                PROVIDE (__init_array_start, .)
 *(SORT(.init_array.*))
 *(.init_array*)
 .init_array    0x0800e670        0x4 c:/gcc_toolchain/6_2017-q1-update/bin/../lib/gcc/arm-none-eabi/6.3.1/thumb/v7e-m/fpv5-sp/hard/crtbegin.o
                0x0800e674                PROVIDE (__init_array_end, .)

.fini_array     0x0800e674        0x4
                [!provide]                PROVIDE (__fini_array_start, .)
 *(SORT(.fini_array.*))
 *(.fini_array*)
 .fini_array    0x0800e674        0x4 c:/gcc_toolchain/6_2017-q1-update/bin/../lib/gcc/arm-none-eabi/6.3.1/thumb/v7e-m/fpv5-sp/hard/crtbegin.o
                [!provide]                PROVIDE (__fini_array_end, .)
                0x0800e678                _sidata = LOADADDR (.data)

.data           0x20000000       0x94 load address 0x0800e678
                0x20000000                . = ALIGN (0x4)
                0x20000000                _sdata = .
 *(.data)
 *(.data*)
 .data.iss.11342
                0x20000000        0x4 build/tcp.o
 .data.udp_port
                0x20000004        0x2 build/udp.o
 *fill*         0x20000006        0x2 
 .data.uxCriticalNesting
                0x20000008        0x4 build/port.o
 .data.USBH_msc
                0x2000000c       0x20 build/usbh_msc.o
                0x2000000c                USBH_msc
 .data.SystemCoreClock
                0x2000002c        0x4 build/system_stm32f7xx.o
                0x2000002c                SystemCoreClock
 .data._impure_ptr
                0x20000030        0x4 c:/gcc_toolchain/6_2017-q1-update/bin/../lib/gcc/arm-none-eabi/6.3.1/../../../../arm-none-eabi/lib/thumb/v7e-m/fpv5-sp/hard\libc_nano.a(lib_a-impure.o)
                0x20000030                _impure_ptr
 .data.impure_data
                0x20000034       0x60 c:/gcc_toolchain/6_2017-q1-update/bin/../lib/gcc/arm-none-eabi/6.3.1/../../../../arm-none-eabi/lib/thumb/v7e-m/fpv5-sp/hard\libc_nano.a(lib_a-impure.o)
                0x20000094                . = ALIGN (0x4)
                0x20000094                _edata = .

.jcr            0x20000094        0x0 load address 0x0800e70c
 .jcr           0x20000094        0x0 c:/gcc_toolchain/6_2017-q1-update/bin/../lib/gcc/arm-none-eabi/6.3.1/thumb/v7e-m/fpv5-sp/hard/crtbegin.o

.igot.plt       0x20000094        0x0 load address 0x0800e70c
 .igot.plt      0x20000094        0x0 c:/gcc_toolchain/6_2017-q1-update/bin/../lib/gcc/arm-none-eabi/6.3.1/thumb/v7e-m/fpv5-sp/hard/crtbegin.o
                0x20000094                . = ALIGN (0x4)

.bss            0x20000094     0xb374 load address 0x0800e70c
                0x20000094                _sbss = .
                0x20000094                __bss_start__ = _sbss
 *(.bss)
 .bss           0x20000094       0x1c c:/gcc_toolchain/6_2017-q1-update/bin/../lib/gcc/arm-none-eabi/6.3.1/thumb/v7e-m/fpv5-sp/hard/crtbegin.o
 *(.bss*)
 .bss.Appli_state
                0x200000b0        0x1 build/usb_host.o
                0x200000b0                Appli_state
 *fill*         0x200000b1        0x1 
 .bss.ip_id     0x200000b2        0x2 build/ip4.o
 .bss.tmpreg.9976
                0x200000b4        0x4 build/stm32f7xx_ll_usb.o
 .bss.pxEnd     0x200000b8        0x4 build/heap_4.o
 .bss.ucHeap    0x200000bc     0x3c00 build/heap_4.o
 .bss.xBlockAllocatedBit
                0x20003cbc        0x4 build/heap_4.o
 .bss.xFreeBytesRemaining
                0x20003cc0        0x4 build/heap_4.o
 .bss.xMinimumEverFreeBytesRemaining
                0x20003cc4        0x4 build/heap_4.o
 .bss.xStart    0x20003cc8        0x8 build/heap_4.o
 .bss.tcp_timer
                0x20003cd0        0x1 build/tcp.o
 .bss.tcp_timer_ctr
                0x20003cd1        0x1 build/tcp.o
 *fill*         0x20003cd2        0x2 
 .bss.s_xSemaphore
                0x20003cd4        0x4 build/ethernetif.o
                0x20003cd4                s_xSemaphore
 .bss.arp_table
                0x20003cd8       0xf0 build/etharp.o
 .bss.etharp_cached_entry
                0x20003dc8        0x1 build/etharp.o
 *fill*         0x20003dc9        0x3 
 .bss.memp_tab_FRAG_PBUF
                0x20003dcc        0x4 build/memp.o
 .bss.memp_tab_NETBUF
                0x20003dd0        0x4 build/memp.o
 .bss.memp_tab_NETCONN
                0x20003dd4        0x4 build/memp.o
 .bss.memp_tab_PBUF
                0x20003dd8        0x4 build/memp.o
 .bss.memp_tab_PBUF_POOL
                0x20003ddc        0x4 build/memp.o
 .bss.memp_tab_REASSDATA
                0x20003de0        0x4 build/memp.o
 .bss.memp_tab_SYS_TIMEOUT
                0x20003de4        0x4 build/memp.o
 .bss.memp_tab_TCPIP_MSG_API
                0x20003de8        0x4 build/memp.o
 .bss.memp_tab_TCPIP_MSG_INPKT
                0x20003dec        0x4 build/memp.o
 .bss.memp_tab_TCP_PCB
                0x20003df0        0x4 build/memp.o